03-27 18:40:22.446 10794 10794 W ContextImpl: Calling a method in the system process without a qualified user: android.app.ContextImpl.startService:1373 android.content.ContextWrapper.startService:616 android.content.ContextWrapper.startService:616 com.android.settings.settingitemsprovider.SettingItemsReceiver.onReceive:-1 android.app.ActivityThread.handleReceiver:3236 
03-27 18:40:22.483 10794 10794 W ContextImpl: Calling a method in the system process without a qualified user: android.app.ContextImpl.startService:1373 android.content.ContextWrapper.startService:616 android.content.ContextWrapper.startService:616 com.android.settings.settingitemsprovider.SettingItemsReceiver.onReceive:-1 android.app.ActivityThread.handleReceiver:3236 
03-27 18:40:22.491 10794 10794 W ContextImpl: Calling a method in the system process without a qualified user: android.app.ContextImpl.startService:1373 android.content.ContextWrapper.startService:616 android.content.ContextWrapper.startService:616 com.android.settings.settingitemsprovider.SettingItemsReceiver.onReceive:-1 android.app.ActivityThread.handleReceiver:3236 
03-27 18:40:43.946 21172 21616 I chatty  : uid=1000(system) Binder:21172_7 expire 15 lines
03-27 18:41:08.192 10794 10794 W ContextImpl: Calling a method in the system process without a qualified user: android.app.ContextImpl.startService:1373 android.content.ContextWrapper.startService:616 android.content.ContextWrapper.startService:616 com.android.settings.settingitemsprovider.SettingItemsReceiver.onReceive:-1 android.app.ActivityThread.handleReceiver:3236 
03-27 18:41:09.047 10794 10794 W ContextImpl: Calling a method in the system process without a qualified user: android.app.ContextImpl.startService:1373 android.content.ContextWrapper.startService:616 android.content.ContextWrapper.startService:616 com.android.settings.settingitemsprovider.SettingItemsReceiver.onReceive:-1 android.app.ActivityThread.handleReceiver:3236 
03-27 18:41:09.104 10794 10794 W ContextImpl: Calling a method in the system process without a qualified user: android.app.ContextImpl.startService:1373 android.content.ContextWrapper.startService:616 android.content.ContextWrapper.startService:616 com.android.settings.settingitemsprovider.SettingItemsReceiver.onReceive:-1 android.app.ActivityThread.handleReceiver:3236 
03-27 18:41:09.279 10794 10794 W ContextImpl: Calling a method in the system process without a qualified user: android.app.ContextImpl.startService:1373 android.content.ContextWrapper.startService:616 android.content.ContextWrapper.startService:616 com.android.settings.settingitemsprovider.SettingItemsReceiver.onReceive:-1 android.app.ActivityThread.handleReceiver:3236 
03-27 18:41:11.777 10794 10794 W ContextImpl: Calling a method in the system process without a qualified user: android.app.ContextImpl.startService:1373 android.content.ContextWrapper.startService:616 android.content.ContextWrapper.startService:616 com.android.settings.settingitemsprovider.SettingItemsReceiver.onReceive:-1 android.app.ActivityThread.handleReceiver:3236 
03-27 18:41:11.836 10794 10794 W ContextImpl: Calling a method in the system process without a qualified user: android.app.ContextImpl.startService:1373 android.content.ContextWrapper.startService:616 android.content.ContextWrapper.startService:616 com.android.settings.settingitemsprovider.SettingItemsReceiver.onReceive:-1 android.app.ActivityThread.handleReceiver:3236 
03-27 18:41:13.854 21172 28085 I chatty  : uid=1000(system) Binder:21172_17 expire 12 lines
03-27 18:42:06.131 21504 21504 I Telecom : BluetoothManager: mReceiver: HEADSET_STATE_CHANGED_ACTION: BM.oR@C0w
03-27 18:42:06.131 21504 21504 I Telecom : BluetoothManager: ==> new state: 0 : BM.oR@C0w
03-27 18:42:06.143 10794 10794 W ContextImpl: Calling a method in the system process without a qualified user: android.app.ContextImpl.sendBroadcast:893 android.content.ContextWrapper.sendBroadcast:424 com.android.settings.bluetooth.Utils.Hl:-1 com.android.settings.bluetooth.LocalBluetoothProfileManager$StateChangedHandler.Gi:-1 com.android.settings.bluetooth.BluetoothEventManager$1.onReceive:-1 
03-27 18:42:06.149 21504 21592 I Telecom : CallAudioRouteStateMachine: Message received: DISCONNECT_BLUETOOTH=4, arg1=0: BM.oR->CARSM.pM_DISCONNECT_BLUETOOTH@C0w_0
03-27 18:42:06.149 21504 21592 I Telecom : Telecom: Non-call EVENT: AUDIO_ROUTE, Bluetooth disconnected: BM.oR->CARSM.pM_DISCONNECT_BLUETOOTH@C0w_0
03-27 18:42:06.149 21504 21592 I Telecom : CallAudioRouteStateMachine: Message received: SWITCH_BASELINE_ROUTE=1005, arg1=0: BM.oR->CARSM.pM_DISCONNECT_BLUETOOTH->CARSM.pM_SWITCH_BASELINE_ROUTE@C0w_0_0
03-27 18:42:06.149 21504 21592 I Telecom : CallAudioRouteStateMachine: Message received: SWITCH_EARPIECE=1001, arg1=0: BM.oR->CARSM.pM_DISCONNECT_BLUETOOTH->CARSM.pM_SWITCH_BASELINE_ROUTE->CARSM.pM_SWITCH_EARPIECE@C0w_0_0_0
03-27 18:42:06.150 21504 21592 I Telecom : Telecom: Non-call EVENT: AUDIO_ROUTE, Leaving state QuiescentBluetoothRoute: BM.oR->CARSM.pM_DISCONNECT_BLUETOOTH->CARSM.pM_SWITCH_BASELINE_ROUTE->CARSM.pM_SWITCH_EARPIECE@C0w_0_0_0
03-27 18:42:06.150 21504 21592 I Telecom : Telecom: Non-call EVENT: AUDIO_ROUTE, Entering state QuiescentEarpieceRoute: BM.oR->CARSM.pM_DISCONNECT_BLUETOOTH->CARSM.pM_SWITCH_BASELINE_ROUTE->CARSM.pM_SWITCH_EARPIECE@C0w_0_0_0
03-27 18:42:06.160 10794 10794 W ContextImpl: Calling a method in the system process without a qualified user: android.app.ContextImpl.sendBroadcast:893 android.content.ContextWrapper.sendBroadcast:424 com.android.settings.bluetooth.LocalBluetoothProfileManager$StateChangedHandler.Gi:-1 com.android.settings.bluetooth.BluetoothEventManager$1.onReceive:-1 android.app.LoadedApk$ReceiverDispatcher$Args.run:1120 
03-27 18:42:06.236 21172 21231 I chatty  : uid=1000(system) android.display expire 19 lines
03-27 18:42:06.344 21504 21504 I Telecom : WiredHeadsetManager: ACTION_HEADSET_PLUG event, plugged in: false, : WHC.oADR@C04
03-27 18:42:06.915 10794 10794 W ContextImpl: Calling a method in the system process without a qualified user: android.app.ContextImpl.sendBroadcast:893 android.content.ContextWrapper.sendBroadcast:424 com.android.settings.bluetooth.Utils.Hl:-1 com.android.settings.bluetooth.LocalBluetoothProfileManager$StateChangedHandler.Gi:-1 com.android.settings.bluetooth.BluetoothEventManager$1.onReceive:-1 
03-27 18:42:06.926 10794 10794 W ContextImpl: Calling a method in the system process without a qualified user: android.app.ContextImpl.sendBroadcast:893 android.content.ContextWrapper.sendBroadcast:424 com.android.settings.bluetooth.LocalBluetoothProfileManager$StateChangedHandler.Gi:-1 com.android.settings.bluetooth.BluetoothEventManager$1.onReceive:-1 android.app.LoadedApk$ReceiverDispatcher$Args.run:1120 
03-27 18:42:07.045 21504 21504 I Telecom : WiredHeadsetManager: ACTION_HEADSET_PLUG event, plugged in: false, : WHC.oADR@C08
03-27 18:42:10.574 21172 21211 I chatty  : uid=1000(system) android.bg expire 10 lines
03-27 18:42:13.231 21172 21172 I chatty  : uid=1000 system_server expire 10 lines
03-27 18:43:08.032 21172 21212 I chatty  : uid=1000(system) ActivityManager expire 12 lines
03-27 18:43:09.841 21172 21534 I chatty  : uid=1000(system) Binder:21172_5 expire 11 lines
03-27 18:46:26.508 21172 26281 I chatty  : uid=1000(system) Binder:21172_10 expire 10 lines
03-27 18:47:27.243 21172 24073 I chatty  : uid=1000(system) Binder:21172_E expire 14 lines
03-27 18:48:26.261 10794 10794 W ContextImpl: Calling a method in the system process without a qualified user: android.app.ContextImpl.startService:1373 android.content.ContextWrapper.startService:616 android.content.ContextWrapper.startService:616 com.android.settings.settingitemsprovider.SettingItemsReceiver.onReceive:-1 android.app.ActivityThread.handleReceiver:3236 
03-27 18:48:26.286 10794 10794 W ContextImpl: Calling a method in the system process without a qualified user: android.app.ContextImpl.startService:1373 android.content.ContextWrapper.startService:616 android.content.ContextWrapper.startService:616 com.android.settings.settingitemsprovider.SettingItemsReceiver.onReceive:-1 android.app.ActivityThread.handleReceiver:3236 
03-27 18:48:26.393 21172 32463 I chatty  : uid=1000(system) Binder:21172_19 expire 16 lines
03-27 18:48:26.395 10794 10794 W ContextImpl: Calling a method in the system process without a qualified user: android.app.ContextImpl.startService:1373 android.content.ContextWrapper.startService:616 android.content.ContextWrapper.startService:616 com.android.settings.settingitemsprovider.SettingItemsReceiver.onReceive:-1 android.app.ActivityThread.handleReceiver:3236 
03-27 18:48:26.516 21172 21211 I chatty  : uid=1000(system) android.bg expire 14 lines
03-27 18:48:31.600  9406  9406 E ActivityThread: Failed to find provider info for com.tencent.mm.coolassist.debugprovider
03-27 18:48:32.125 21172 21443 I chatty  : uid=1000(system) InputDispatcher expire 17 lines
03-27 18:48:33.174 21172 22416 I chatty  : uid=1000(system) Binder:21172_C expire 12 lines
03-27 18:48:33.485 21172 26284 I chatty  : uid=1000(system) Binder:21172_12 expire 10 lines
03-27 18:48:34.046  9496  9496 E ActivityThread: Failed to find provider info for com.tencent.mm.coolassist.debugprovider
03-27 18:48:35.872  9537  9537 E ActivityThread: Failed to find provider info for com.tencent.mm.coolassist.debugprovider
03-27 18:48:38.264 21172 21444 I chatty  : uid=1000(system) InputReader expire 31 lines
03-27 18:48:40.097 21172 32468 I chatty  : uid=1000(system) Binder:21172_1D expire 11 lines
03-27 18:48:41.950 21172  9666 I chatty  : uid=1000 system_server expire 5 lines
03-27 18:48:41.954 21172  9667 I chatty  : uid=1000 system_server expire 3 lines
03-27 18:48:41.960 21172  9668 I chatty  : uid=1000 system_server expire 2 lines
03-27 18:48:41.966 21172  9670 I chatty  : uid=1000 system_server expire 3 lines
03-27 18:48:42.138 23012 23012 I ActivityThread: Removing dead content provider:android.content.ContentProviderProxy@34b73d6
03-27 18:48:42.340 21172 32470 I chatty  : uid=1000(system) Binder:21172_1E expire 12 lines
03-27 18:48:42.340 21172 26285 I chatty  : uid=1000(system) Binder:21172_13 expire 10 lines
03-27 18:48:42.371 21172 32466 I chatty  : uid=1000(system) Binder:21172_1C expire 13 lines
03-27 18:48:42.445 21172 21231 I chatty  : uid=1000(system) android.display expire 60 lines
03-27 18:48:44.694 21172 23109 I chatty  : uid=1000(system) Binder:21172_D expire 11 lines
03-27 18:48:59.627 21172 21236 I chatty  : uid=1000(system) PowerManagerSer expire 12 lines
03-27 18:48:59.759 21172 21172 I chatty  : uid=1000 system_server expire 58 lines
03-27 18:48:59.834 21172 32472 I chatty  : uid=1000(system) Binder:21172_20 expire 12 lines
03-27 18:53:16.821  9691  9691 I chatty  : uid=1000(system) com.android.settings expire 14 lines
03-27 18:53:47.665 21172 21212 I chatty  : uid=1000(system) ActivityManager expire 16 lines
03-27 18:53:58.313 21172 21443 I chatty  : uid=1000(system) InputDispatcher expire 27 lines
03-27 18:53:59.390 21172 21769 I chatty  : uid=1000(system) Binder:21172_8 expire 13 lines
03-27 18:53:59.520 21172 21211 I chatty  : uid=1000(system) android.bg expire 22 lines
03-27 18:53:59.570 21172 22381 I chatty  : uid=1000(system) Binder:21172_A expire 17 lines
03-27 18:53:59.691 21172 26286 I chatty  : uid=1000(system) Binder:21172_14 expire 10 lines
03-27 18:54:14.490 21172 25231 I chatty  : uid=1000(system) Binder:21172_F expire 11 lines
03-27 18:54:17.878 21172 28081 I chatty  : uid=1000(system) Binder:21172_16 expire 15 lines
03-27 18:54:20.708 21172 32463 I chatty  : uid=1000(system) Binder:21172_19 expire 12 lines
03-27 18:54:20.981 21172 28085 I chatty  : uid=1000(system) Binder:21172_17 expire 11 lines
03-27 18:55:13.010 21172 28078 I chatty  : uid=1000(system) Binder:21172_15 expire 11 lines
03-27 18:55:15.814 21482 21503 I chatty  : uid=1000(system) keyguard_statis expire 10 lines
03-27 18:55:16.146 21172 21462 I chatty  : uid=1000(system) ConnectivitySer expire 21 lines
03-27 18:55:20.053 21172 32471 I chatty  : uid=1000(system) Binder:21172_1F expire 14 lines
03-27 18:55:21.211 21172 21449 I chatty  : uid=1000(system) Binder:21172_3 expire 10 lines
03-27 18:55:22.026 21172 28087 I chatty  : uid=1000(system) Binder:21172_18 expire 12 lines
03-27 18:55:33.770  9691 11066 I chatty  : uid=1000(system) com.android.settings expire 1 line
03-27 18:55:34.948 11081 11195 W PeroptWhiteListParser: initPackageTypeList failed, [/data/system/game_list.json] use default file try again
03-27 18:55:40.237 21172 32465 I chatty  : uid=1000(system) Binder:21172_1B expire 13 lines
03-27 18:55:45.280 21172 26283 I chatty  : uid=1000(system) Binder:21172_11 expire 10 lines
03-27 18:55:46.028 21172 21211 I chatty  : uid=1000(system) android.bg expire 16 lines
03-27 18:55:46.400 21172 26281 I chatty  : uid=1000(system) Binder:21172_10 expire 11 lines
03-27 18:55:46.403 21172 22165 I chatty  : uid=1000(system) Binder:21172_9 expire 12 lines
03-27 18:55:48.819 21172 21444 I chatty  : uid=1000(system) InputReader expire 14 lines
03-27 18:55:49.218 21172 21443 I chatty  : uid=1000(system) InputDispatcher expire 25 lines
03-27 18:55:55.298 21172 26284 I chatty  : uid=1000(system) Binder:21172_12 expire 11 lines
03-27 18:56:27.093 21172 22395 I chatty  : uid=1000(system) Binder:21172_B expire 11 lines
03-27 18:56:34.875 21172 21198 I chatty  : uid=1000(system) Binder:21172_2 expire 11 lines
03-27 18:56:34.885 11081 11081 W ViewRootImpl[HomeTabActivity]: Cancelling event due to no window focus: KeyEvent { action=ACTION_UP, keyCode=KEYCODE_FINGERPRINT, scanCode=249, metaState=0, flags=0x28, repeatCount=0, eventTime=347283333, downTime=347282961, deviceId=7, source=0x101 }
03-27 18:56:34.885 11081 11081 W ViewRootImpl[HomeTabActivity]: Cancelling event due to no window focus: KeyEvent { action=ACTION_UP, keyCode=KEYCODE_FINGERPRINT, scanCode=249, metaState=0, flags=0x28, repeatCount=0, eventTime=347283333, downTime=347282961, deviceId=7, source=0x101 }
03-27 18:56:34.885 11081 11081 W ViewRootImpl[HomeTabActivity]: Cancelling event due to no window focus: KeyEvent { action=ACTION_UP, keyCode=KEYCODE_FINGERPRINT, scanCode=249, metaState=0, flags=0x28, repeatCount=0, eventTime=347283333, downTime=347282961, deviceId=7, source=0x101 }
03-27 18:56:34.885 11081 11081 W ViewRootImpl[HomeTabActivity]: Cancelling event due to no window focus: KeyEvent { action=ACTION_UP, keyCode=KEYCODE_FINGERPRINT, scanCode=249, metaState=0, flags=0x28, repeatCount=0, eventTime=347283333, downTime=347282961, deviceId=7, source=0x101 }
03-27 18:56:34.885 11081 11081 W ViewRootImpl[HomeTabActivity]: Cancelling event due to no window focus: KeyEvent { action=ACTION_UP, keyCode=KEYCODE_FINGERPRINT, scanCode=249, metaState=0, flags=0x28, repeatCount=0, eventTime=347283333, downTime=347282961, deviceId=7, source=0x101 }
03-27 18:56:34.885 11081 11081 W ViewRootImpl[HomeTabActivity]: Cancelling event due to no window focus: KeyEvent { action=ACTION_UP, keyCode=KEYCODE_FINGERPRINT, scanCode=249, metaState=0, flags=0x28, repeatCount=0, eventTime=347283333, downTime=347282961, deviceId=7, source=0x101 }
03-27 18:56:38.860 21504 21504 I Telecom : WiredHeadsetManager: ACTION_HEADSET_PLUG event, plugged in: false, : WHC.oADA@C3c
03-27 18:56:43.798 21504 21504 I Telecom : BluetoothManager: mReceiver: HEADSET_STATE_CHANGED_ACTION: BM.oR@C3k
03-27 18:56:43.798 21504 21504 I Telecom : BluetoothManager: ==> new state: 1 : BM.oR@C3k
03-27 18:56:43.798 21504 25012 I Telecom : BluetoothPhoneService: queryPhoneState: BPSI.qPS@C3o
03-27 18:56:43.798 21504 25012 I Telecom : BluetoothPhoneService: updateHeadsetWithCallState numActive 0, numHeld 0, callState 6, ringing number [da39a3ee5e6b4b0d3255bfef95601890afd80709], ringing type 128: BPSI.qPS@C3o
03-27 18:56:43.956 21504 21504 I Telecom : BluetoothManager: mReceiver: HEADSET_STATE_CHANGED_ACTION: BM.oR@C3s
03-27 18:56:43.956 21504 21504 I Telecom : BluetoothManager: ==> new state: 2 : BM.oR@C3s
03-27 18:56:43.967 21504 21592 I Telecom : CallAudioRouteStateMachine: Message received: CONNECT_BLUETOOTH=3, arg1=0: BM.oR->CARSM.pM_CONNECT_BLUETOOTH@C3s_0
03-27 18:56:43.967 21504 21592 I Telecom : Telecom: Non-call EVENT: AUDIO_ROUTE, Bluetooth connected: BM.oR->CARSM.pM_CONNECT_BLUETOOTH@C3s_0
03-27 18:56:43.967 21504 21592 I Telecom : CallAudioRouteStateMachine: Message received: SWITCH_BLUETOOTH=1002, arg1=0: BM.oR->CARSM.pM_CONNECT_BLUETOOTH->CARSM.pM_SWITCH_BLUETOOTH@C3s_0_0
03-27 18:56:43.967 21504 21592 I Telecom : Telecom: Non-call EVENT: AUDIO_ROUTE, Leaving state QuiescentEarpieceRoute: BM.oR->CARSM.pM_CONNECT_BLUETOOTH->CARSM.pM_SWITCH_BLUETOOTH@C3s_0_0
03-27 18:56:43.967 21504 21592 I Telecom : Telecom: Non-call EVENT: AUDIO_ROUTE, Entering state QuiescentBluetoothRoute: BM.oR->CARSM.pM_CONNECT_BLUETOOTH->CARSM.pM_SWITCH_BLUETOOTH@C3s_0_0
03-27 18:56:43.981 21504 21504 I Telecom : WiredHeadsetManager: ACTION_HEADSET_PLUG event, plugged in: false, : WHC.oADA@C3w
03-27 18:56:44.140 21504 25012 I Telecom : BluetoothPhoneService: queryPhoneState: BPSI.qPS@C30
03-27 18:56:44.140 21504 25012 I Telecom : BluetoothPhoneService: updateHeadsetWithCallState numActive 0, numHeld 0, callState 6, ringing number [da39a3ee5e6b4b0d3255bfef95601890afd80709], ringing type 128: BPSI.qPS@C30
03-27 18:56:45.069 21504 22419 I Telecom : BluetoothPhoneService: listcurrentCalls: BPSI.lCC@C34
03-27 18:56:47.491 21172 21212 I chatty  : uid=1000(system) ActivityManager expire 10 lines
03-27 18:56:48.797 21504 21516 I Telecom : BluetoothPhoneService: getSubscriberNumber: BPSI.gSN@C4E
03-27 18:56:51.651 21504 21515 I Telecom : BluetoothPhoneService: getSubscriberNumber: BPSI.gSN@C4M
03-27 18:56:54.267 21504 21516 I Telecom : BluetoothPhoneService: getSubscriberNumber: BPSI.gSN@C4Q
03-27 18:57:54.757  9691 12157 I chatty  : uid=1000(system) com.android.settings expire 1 line
03-27 18:58:28.333  9691  9691 I chatty  : uid=1000(system) com.android.settings expire 14 lines
03-27 18:58:37.711 21172 21230 I chatty  : uid=1000(system) android.io expire 11 lines
03-27 18:59:22.514 21504 21504 I Telecom : BluetoothManager: mReceiver: HEADSET_STATE_CHANGED_ACTION: BM.oR@C4U
03-27 18:59:22.514 21504 21504 I Telecom : BluetoothManager: ==> new state: 0 : BM.oR@C4U
03-27 18:59:22.535 21504 21592 I Telecom : CallAudioRouteStateMachine: Message received: DISCONNECT_BLUETOOTH=4, arg1=0: BM.oR->CARSM.pM_DISCONNECT_BLUETOOTH@C4U_0
03-27 18:59:22.535 21504 21592 I Telecom : Telecom: Non-call EVENT: AUDIO_ROUTE, Bluetooth disconnected: BM.oR->CARSM.pM_DISCONNECT_BLUETOOTH@C4U_0
03-27 18:59:22.536 21504 21592 I Telecom : CallAudioRouteStateMachine: Message received: SWITCH_BASELINE_ROUTE=1005, arg1=0: BM.oR->CARSM.pM_DISCONNECT_BLUETOOTH->CARSM.pM_SWITCH_BASELINE_ROUTE@C4U_0_0
03-27 18:59:22.536 21504 21592 I Telecom : CallAudioRouteStateMachine: Message received: SWITCH_EARPIECE=1001, arg1=0: BM.oR->CARSM.pM_DISCONNECT_BLUETOOTH->CARSM.pM_SWITCH_BASELINE_ROUTE->CARSM.pM_SWITCH_EARPIECE@C4U_0_0_0
03-27 18:59:22.537 21504 21592 I Telecom : Telecom: Non-call EVENT: AUDIO_ROUTE, Leaving state QuiescentBluetoothRoute: BM.oR->CARSM.pM_DISCONNECT_BLUETOOTH->CARSM.pM_SWITCH_BASELINE_ROUTE->CARSM.pM_SWITCH_EARPIECE@C4U_0_0_0
03-27 18:59:22.537 21504 21592 I Telecom : Telecom: Non-call EVENT: AUDIO_ROUTE, Entering state QuiescentEarpieceRoute: BM.oR->CARSM.pM_DISCONNECT_BLUETOOTH->CARSM.pM_SWITCH_BASELINE_ROUTE->CARSM.pM_SWITCH_EARPIECE@C4U_0_0_0
03-27 18:59:22.610 21172 21231 I chatty  : uid=1000(system) android.display expire 17 lines
03-27 18:59:22.739 21504 21504 I Telecom : WiredHeadsetManager: ACTION_HEADSET_PLUG event, plugged in: false, : WHC.oADR@C4c
03-27 18:59:23.461 21504 21504 I Telecom : WiredHeadsetManager: ACTION_HEADSET_PLUG event, plugged in: false, : WHC.oADR@C4g
03-27 18:59:26.468 21172 21211 I chatty  : uid=1000(system) android.bg expire 11 lines
03-27 18:59:31.064 21172 21443 I chatty  : uid=1000(system) InputDispatcher expire 11 lines
03-27 18:59:33.433  9691  9691 I chatty  : uid=1000(system) com.android.settings expire 12 lines
03-27 19:00:01.365 21172 32464 I chatty  : uid=1000(system) Binder:21172_1A expire 11 lines
03-27 19:00:01.392 21172 32472 I chatty  : uid=1000(system) Binder:21172_20 expire 10 lines
03-27 19:00:08.328 21172 21455 I chatty  : uid=1000(system) NetworkPolicy expire 10 lines
03-27 19:00:09.387 21172 25231 I chatty  : uid=1000(system) Binder:21172_F expire 10 lines
03-27 19:00:09.573 23012 23115 E ActivityThread: Failed to find provider info for com.smartisanos.cloudsync.sogou_smartisan
03-27 19:00:09.843 23012 23115 E ActivityThread: Failed to find provider info for com.smartisanos.cloudsync.sogou_smartisan
03-27 19:00:10.058 21172 21615 I chatty  : uid=1000(system) Binder:21172_6 expire 11 lines
03-27 19:00:13.179  9691  9691 I chatty  : uid=1000(system) com.android.settings expire 15 lines
03-27 19:00:13.342 23012 23115 E ActivityThread: Failed to find provider info for com.smartisanos.cloudsync.sogou_smartisan
03-27 19:00:13.390 23012 23115 E ActivityThread: Failed to find provider info for com.smartisanos.cloudsync.sogou_smartisan
03-27 19:00:38.178 21172 21462 I chatty  : uid=1000(system) ConnectivitySer expire 43 lines
03-27 19:00:38.266 21025 21350 D NetlinkEvent: Unknown ifindex 99 in RTM_DELADDR
03-27 19:00:38.417 21172 21197 I chatty  : uid=1000(system) Binder:21172_1 expire 10 lines
03-27 19:00:39.874 21172 23109 I chatty  : uid=1000(system) Binder:21172_D expire 10 lines
03-27 19:00:59.656 21172 21438 I chatty  : uid=1000(system) AlarmManager expire 14 lines
03-27 19:01:10.757 21172 21236 I chatty  : uid=1000(system) PowerManagerSer expire 10 lines
03-27 19:01:10.900 21172 21172 I chatty  : uid=1000 system_server expire 25 lines
03-27 19:01:11.142 21172 21231 I chatty  : uid=1000(system) android.display expire 14 lines
03-27 19:01:12.002 21172 21254 I chatty  : uid=1000(system) PackageManager expire 18 lines
03-27 19:01:31.066 21172 21443 I chatty  : uid=1000(system) InputDispatcher expire 20 lines
03-27 19:01:35.389 21172 21211 I chatty  : uid=1000(system) android.bg expire 10 lines
03-27 19:02:02.062 21172 22416 I chatty  : uid=1000(system) Binder:21172_C expire 10 lines
03-27 19:02:21.828 21172 21450 I chatty  : uid=1000(system) Binder:21172_4 expire 12 lines
03-27 19:02:22.302 21172 24073 I chatty  : uid=1000(system) Binder:21172_E expire 10 lines
03-27 19:02:22.397  9691  9691 I chatty  : uid=1000(system) com.android.settings expire 12 lines
03-27 19:02:22.496 23012 23115 E ActivityThread: Failed to find provider info for com.smartisanos.cloudsync.sogou_smartisan
03-27 19:02:25.126 21172 21212 I chatty  : uid=1000(system) ActivityManager expire 19 lines
03-27 19:02:26.714 23012 23115 E ActivityThread: Failed to find provider info for com.smartisanos.cloudsync.sogou_smartisan
03-27 19:02:27.110 23012 23115 E ActivityThread: Failed to find provider info for com.smartisanos.cloudsync.sogou_smartisan
03-27 19:02:27.432 21172 32468 I chatty  : uid=1000(system) Binder:21172_1D expire 10 lines
03-27 19:02:32.164 23012 23115 E ActivityThread: Failed to find provider info for com.smartisanos.cloudsync.sogou_smartisan
03-27 19:02:32.422 23012 23115 E ActivityThread: Failed to find provider info for com.smartisanos.cloudsync.sogou_smartisan
03-27 19:02:35.026 23012 23115 E ActivityThread: Failed to find provider info for com.smartisanos.cloudsync.sogou_smartisan
03-27 19:02:35.040 23012 23115 E ActivityThread: Failed to find provider info for com.smartisanos.cloudsync.sogou_smartisan
03-27 19:02:35.646 21172 21462 I chatty  : uid=1000(system) ConnectivitySer expire 14 lines
03-27 19:02:35.879 21172 21455 I chatty  : uid=1000(system) NetworkPolicy expire 12 lines
03-27 19:02:36.187 23012 23115 E ActivityThread: Failed to find provider info for com.smartisanos.cloudsync.sogou_smartisan
03-27 19:02:36.363 23012 23115 E ActivityThread: Failed to find provider info for com.smartisanos.cloudsync.sogou_smartisan
03-27 19:02:40.944 23012 23115 E ActivityThread: Failed to find provider info for com.smartisanos.cloudsync.sogou_smartisan
03-27 19:02:40.994 23012 23115 E ActivityThread: Failed to find provider info for com.smartisanos.cloudsync.sogou_smartisan
03-27 19:03:13.014  9691 14556 I chatty  : uid=1000(system) com.android.settings expire 1 line
03-27 19:03:24.824 21172 21172 I chatty  : uid=1000 system_server expire 29 lines
03-27 19:03:24.999 21172 21215 I chatty  : uid=1000(system) ActivityManager expire 1 line
03-27 19:03:25.688 21172 22395 I chatty  : uid=1000(system) Binder:21172_B expire 15 lines
03-27 19:03:26.393 21172 21212 I chatty  : uid=1000(system) ActivityManager expire 10 lines
03-27 19:03:28.565 21172 21444 I chatty  : uid=1000(system) InputReader expire 14 lines
03-27 19:03:28.718 21172 21443 I chatty  : uid=1000(system) InputDispatcher expire 13 lines
03-27 19:03:44.789 21172 21211 I chatty  : uid=1000(system) android.bg expire 11 lines
03-27 19:03:49.621 21504 21504 I Telecom : WiredHeadsetManager: ACTION_HEADSET_PLUG event, plugged in: false, : WHC.oADA@C58
03-27 19:03:54.578 21504 21504 I Telecom : BluetoothManager: mReceiver: HEADSET_STATE_CHANGED_ACTION: BM.oR@C6A
03-27 19:03:54.578 21504 21515 I Telecom : BluetoothPhoneService: queryPhoneState: BPSI.qPS@C6E
03-27 19:03:54.578 21504 21504 I Telecom : BluetoothManager: ==> new state: 1 : BM.oR@C6A
03-27 19:03:54.578 21504 21515 I Telecom : BluetoothPhoneService: updateHeadsetWithCallState numActive 0, numHeld 0, callState 6, ringing number [da39a3ee5e6b4b0d3255bfef95601890afd80709], ringing type 128: BPSI.qPS@C6E
03-27 19:03:54.816 21504 21504 I Telecom : BluetoothManager: mReceiver: HEADSET_STATE_CHANGED_ACTION: BM.oR@C6I
03-27 19:03:54.817 21504 21504 I Telecom : BluetoothManager: ==> new state: 2 : BM.oR@C6I
03-27 19:03:54.851 21504 21592 I Telecom : CallAudioRouteStateMachine: Message received: CONNECT_BLUETOOTH=3, arg1=0: BM.oR->CARSM.pM_CONNECT_BLUETOOTH@C6I_0
03-27 19:03:54.851 21504 21592 I Telecom : Telecom: Non-call EVENT: AUDIO_ROUTE, Bluetooth connected: BM.oR->CARSM.pM_CONNECT_BLUETOOTH@C6I_0
03-27 19:03:54.851 21504 21592 I Telecom : CallAudioRouteStateMachine: Message received: SWITCH_BLUETOOTH=1002, arg1=0: BM.oR->CARSM.pM_CONNECT_BLUETOOTH->CARSM.pM_SWITCH_BLUETOOTH@C6I_0_0
03-27 19:03:54.852 21504 21592 I Telecom : Telecom: Non-call EVENT: AUDIO_ROUTE, Leaving state QuiescentEarpieceRoute: BM.oR->CARSM.pM_CONNECT_BLUETOOTH->CARSM.pM_SWITCH_BLUETOOTH@C6I_0_0
03-27 19:03:54.852 21504 21592 I Telecom : Telecom: Non-call EVENT: AUDIO_ROUTE, Entering state QuiescentBluetoothRoute: BM.oR->CARSM.pM_CONNECT_BLUETOOTH->CARSM.pM_SWITCH_BLUETOOTH@C6I_0_0
03-27 19:03:54.904 21504 21504 I Telecom : WiredHeadsetManager: ACTION_HEADSET_PLUG event, plugged in: false, : WHC.oADA@C6M
03-27 19:03:55.049 21504 21515 I Telecom : BluetoothPhoneService: queryPhoneState: BPSI.qPS@C6Q
03-27 19:03:55.050 21504 21515 I Telecom : BluetoothPhoneService: updateHeadsetWithCallState numActive 0, numHeld 0, callState 6, ringing number [da39a3ee5e6b4b0d3255bfef95601890afd80709], ringing type 128: BPSI.qPS@C6Q
03-27 19:03:55.981 21504 21516 I Telecom : BluetoothPhoneService: listcurrentCalls: BPSI.lCC@C6U
03-27 19:04:00.088 21504 21504 I Telecom : BluetoothManager: mReceiver: HEADSET_STATE_CHANGED_ACTION: BM.oR@C6c
03-27 19:04:00.088 21504 21504 I Telecom : BluetoothManager: ==> new state: 0 : BM.oR@C6c
03-27 19:04:00.097 21504 21592 I Telecom : CallAudioRouteStateMachine: Message received: DISCONNECT_BLUETOOTH=4, arg1=0: BM.oR->CARSM.pM_DISCONNECT_BLUETOOTH@C6c_0
03-27 19:04:00.097 21504 21592 I Telecom : Telecom: Non-call EVENT: AUDIO_ROUTE, Bluetooth disconnected: BM.oR->CARSM.pM_DISCONNECT_BLUETOOTH@C6c_0
03-27 19:04:00.098 21504 21592 I Telecom : CallAudioRouteStateMachine: Message received: SWITCH_BASELINE_ROUTE=1005, arg1=0: BM.oR->CARSM.pM_DISCONNECT_BLUETOOTH->CARSM.pM_SWITCH_BASELINE_ROUTE@C6c_0_0
03-27 19:04:00.098 21504 21592 I Telecom : CallAudioRouteStateMachine: Message received: SWITCH_EARPIECE=1001, arg1=0: BM.oR->CARSM.pM_DISCONNECT_BLUETOOTH->CARSM.pM_SWITCH_BASELINE_ROUTE->CARSM.pM_SWITCH_EARPIECE@C6c_0_0_0
03-27 19:04:00.098 21504 21592 I Telecom : Telecom: Non-call EVENT: AUDIO_ROUTE, Leaving state QuiescentBluetoothRoute: BM.oR->CARSM.pM_DISCONNECT_BLUETOOTH->CARSM.pM_SWITCH_BASELINE_ROUTE->CARSM.pM_SWITCH_EARPIECE@C6c_0_0_0
03-27 19:04:00.098 21504 21592 I Telecom : Telecom: Non-call EVENT: AUDIO_ROUTE, Entering state QuiescentEarpieceRoute: BM.oR->CARSM.pM_DISCONNECT_BLUETOOTH->CARSM.pM_SWITCH_BASELINE_ROUTE->CARSM.pM_SWITCH_EARPIECE@C6c_0_0_0
03-27 19:04:00.129 21504 21504 I Telecom : WiredHeadsetManager: ACTION_HEADSET_PLUG event, plugged in: false, : WHC.oADR@C6g
03-27 19:04:01.051 21504 21504 I Telecom : WiredHeadsetManager: ACTION_HEADSET_PLUG event, plugged in: false, : WHC.oADR@C6k
03-27 19:04:26.128 21482 21503 I chatty  : uid=1000(system) keyguard_statis expire 4 lines
03-27 19:04:26.652 21172 21236 I chatty  : uid=1000(system) PowerManagerSer expire 12 lines
03-27 19:04:26.942 21172 21172 I chatty  : uid=1000 system_server expire 11 lines
03-27 19:04:33.743 22397 22397 W ContextImpl: Calling a method in the system process without a qualified user: android.app.ContextImpl.bindService:1437 android.content.ContextWrapper.bindService:639 smartisanos.app.tracker.TrackerServiceConnection.connect:34 smartisanos.app.tracker.Agent.connectService:65 smartisanos.app.tracker.Agent.flush:388 
03-27 19:04:49.635 22397 22397 W ContextImpl: Calling a method in the system process without a qualified user: android.app.ContextImpl.sendBroadcast:893 android.content.ContextWrapper.sendBroadcast:424 com.smartisanos.ideapills.view.BubbleHeadOperator.hideHeadView:502 com.smartisanos.ideapills.view.BubbleListView$16.onComplete:1054 com.smartisanos.ideapills.anim.AnimTimeLine$AnimatorCallbackListener.onAnimationEnd:156 
03-27 19:04:50.001 21172 21616 I chatty  : uid=1000(system) Binder:21172_7 expire 13 lines
03-27 19:04:52.700 21172 21443 I chatty  : uid=1000(system) InputDispatcher expire 10 lines
03-27 19:05:01.036 21172 21172 I chatty  : uid=1000 system_server expire 17 lines
03-27 19:05:01.075 21172 21462 I chatty  : uid=1000(system) ConnectivitySer expire 21 lines
03-27 19:05:01.679  9691  9691 I chatty  : uid=1000(system) com.android.settings expire 14 lines
03-27 19:05:16.776 21482 21503 W ContextImpl: Calling a method in the system process without a qualified user: android.app.ContextImpl.bindService:1437 android.content.ContextWrapper.bindService:639 smartisanos.app.tracker.TrackerServiceConnection.connect:34 smartisanos.app.tracker.Agent.connectService:65 smartisanos.app.tracker.Agent.flush:388 
03-27 19:05:20.432 21172 32470 I chatty  : uid=1000(system) Binder:21172_1E expire 15 lines
03-27 19:05:20.466 15291 15291 W ActivityThread: Application com.zhengxunw.colorfuldays can be debugged on port 8100...
03-27 19:05:21.612 21172 21444 I chatty  : uid=1000(system) InputReader expire 10 lines
03-27 19:05:21.708 21172 21443 I chatty  : uid=1000(system) InputDispatcher expire 21 lines
03-27 19:05:22.674 21172 21534 I chatty  : uid=1000(system) Binder:21172_5 expire 10 lines
03-27 19:05:26.088 21172 21172 I chatty  : uid=1000 system_server expire 24 lines
03-27 19:05:29.860 21172 21231 I chatty  : uid=1000(system) android.display expire 26 lines
03-27 19:05:37.979 21482 21503 W ContextImpl: Calling a method in the system process without a qualified user: android.app.ContextImpl.bindService:1437 android.content.ContextWrapper.bindService:639 smartisanos.app.tracker.TrackerServiceConnection.connect:34 smartisanos.app.tracker.Agent.connectService:65 smartisanos.app.tracker.Agent.flush:388 
03-27 19:06:16.282 21172 21172 I chatty  : uid=1000 system_server expire 29 lines
03-27 19:06:27.563 21172 21458 I chatty  : uid=1000(system) WifiStateMachin expire 1 line
03-27 19:06:35.019 21172 21462 I chatty  : uid=1000(system) ConnectivitySer expire 12 lines
03-27 19:06:35.066 21172 21455 I chatty  : uid=1000(system) NetworkPolicy expire 22 lines
03-27 19:06:36.477 23012 23115 E ActivityThread: Failed to find provider info for com.smartisanos.cloudsync.sogou_smartisan
03-27 19:06:36.758 23012 23115 E ActivityThread: Failed to find provider info for com.smartisanos.cloudsync.sogou_smartisan
03-27 19:06:40.110 23012 23115 E ActivityThread: Failed to find provider info for com.smartisanos.cloudsync.sogou_smartisan
03-27 19:06:40.138 23012 23115 E ActivityThread: Failed to find provider info for com.smartisanos.cloudsync.sogou_smartisan
03-27 19:07:05.047 21025 21350 D NetlinkEvent: Unknown ifindex 100 in RTM_DELADDR
03-27 19:07:05.056 21172 21229 I chatty  : uid=1000(system) android.fg expire 12 lines
03-27 19:07:07.254 21172 21211 I chatty  : uid=1000(system) android.bg expire 18 lines
03-27 19:07:09.832 21172 21236 I chatty  : uid=1000(system) PowerManagerSer expire 10 lines
03-27 19:07:09.976  9691  9691 I chatty  : uid=1000(system) com.android.settings expire 18 lines
03-27 19:07:11.229 21172 26286 I chatty  : uid=1000(system) Binder:21172_14 expire 11 lines
03-27 19:07:12.854 21482 21503 W ContextImpl: Calling a method in the system process without a qualified user: android.app.ContextImpl.bindService:1437 android.content.ContextWrapper.bindService:639 smartisanos.app.tracker.TrackerServiceConnection.connect:34 smartisanos.app.tracker.Agent.connectService:65 smartisanos.app.tracker.Agent.flush:388 
03-27 19:07:15.332 21172 21444 I chatty  : uid=1000(system) InputReader expire 14 lines
03-27 19:07:16.399 16772 16772 W ViewRootImpl[BubbleActivity]: Dropping event due to no window focus: KeyEvent { action=ACTION_DOWN, keyCode=KEYCODE_SMART, scanCode=766, metaState=0, flags=0x88, repeatCount=1, eventTime=347869219, downTime=347868718, deviceId=5, source=0x101 }
03-27 19:07:16.399 16772 16772 W ViewRootImpl[BubbleActivity]: Cancelling event due to no window focus: KeyEvent { action=ACTION_UP, keyCode=KEYCODE_SMART, scanCode=766, metaState=0, flags=0xa8, repeatCount=0, eventTime=347869777, downTime=347868718, deviceId=5, source=0x101 }
03-27 19:07:16.399 16772 16772 W ViewRootImpl[BubbleActivity]: Cancelling event due to no window focus: KeyEvent { action=ACTION_UP, keyCode=KEYCODE_SMART, scanCode=766, metaState=0, flags=0xa8, repeatCount=0, eventTime=347869777, downTime=347868718, deviceId=5, source=0x101 }
03-27 19:07:16.399 16772 16772 W ViewRootImpl[BubbleActivity]: Cancelling event due to no window focus: KeyEvent { action=ACTION_UP, keyCode=KEYCODE_SMART, scanCode=766, metaState=0, flags=0xa8, repeatCount=0, eventTime=347869777, downTime=347868718, deviceId=5, source=0x101 }
03-27 19:07:16.399 16772 16772 W ViewRootImpl[BubbleActivity]: Cancelling event due to no window focus: KeyEvent { action=ACTION_UP, keyCode=KEYCODE_SMART, scanCode=766, metaState=0, flags=0xa8, repeatCount=0, eventTime=347869777, downTime=347868718, deviceId=5, source=0x101 }
03-27 19:07:16.400 16772 16772 W ViewRootImpl[BubbleActivity]: Cancelling event due to no window focus: KeyEvent { action=ACTION_UP, keyCode=KEYCODE_SMART, scanCode=766, metaState=0, flags=0xa8, repeatCount=0, eventTime=347869777, downTime=347868718, deviceId=5, source=0x101 }
03-27 19:07:16.400 16772 16772 W ViewRootImpl[BubbleActivity]: Cancelling event due to no window focus: KeyEvent { action=ACTION_UP, keyCode=KEYCODE_SMART, scanCode=766, metaState=0, flags=0xa8, repeatCount=0, eventTime=347869777, downTime=347868718, deviceId=5, source=0x101 }
03-27 19:07:16.400 16772 16772 W ViewRootImpl[BubbleActivity]: Cancelling event due to no window focus: KeyEvent { action=ACTION_UP, keyCode=KEYCODE_SMART, scanCode=766, metaState=0, flags=0xa8, repeatCount=0, eventTime=347869777, downTime=347868718, deviceId=5, source=0x101 }
03-27 19:07:16.400 16772 16772 W ViewRootImpl[BubbleActivity]: Cancelling event due to no window focus: KeyEvent { action=ACTION_UP, keyCode=KEYCODE_SMART, scanCode=766, metaState=0, flags=0xa8, repeatCount=0, eventTime=347869777, downTime=347868718, deviceId=5, source=0x101 }
03-27 19:07:16.400 16772 16772 W ViewRootImpl[BubbleActivity]: Cancelling event due to no window focus: KeyEvent { action=ACTION_UP, keyCode=KEYCODE_SMART, scanCode=766, metaState=0, flags=0xa8, repeatCount=0, eventTime=347869777, downTime=347868718, deviceId=5, source=0x101 }
03-27 19:07:23.098 21172 32463 I chatty  : uid=1000(system) Binder:21172_19 expire 10 lines
03-27 19:07:23.203 21172 21197 I chatty  : uid=1000(system) Binder:21172_1 expire 14 lines
03-27 19:07:23.341 21172 21172 I chatty  : uid=1000 system_server expire 11 lines
03-27 19:07:23.583 21482 21503 W ContextImpl: Calling a method in the system process without a qualified user: android.app.ContextImpl.bindService:1437 android.content.ContextWrapper.bindService:639 smartisanos.app.tracker.TrackerServiceConnection.connect:34 smartisanos.app.tracker.Agent.connectService:65 smartisanos.app.tracker.Agent.flush:388 
03-27 19:07:26.165 21482 21503 W ContextImpl: Calling a method in the system process without a qualified user: android.app.ContextImpl.bindService:1437 android.content.ContextWrapper.bindService:639 smartisanos.app.tracker.TrackerServiceConnection.connect:34 smartisanos.app.tracker.Agent.connectService:65 smartisanos.app.tracker.Agent.flush:388 
03-27 19:07:28.084 16286 16286 E ActivityThread: Failed to find provider info for com.tencent.mm.coolassist.debugprovider
03-27 19:07:42.286 21172 21443 I chatty  : uid=1000(system) InputDispatcher expire 11 lines
03-27 19:07:59.683 21172 22165 I chatty  : uid=1000(system) Binder:21172_9 expire 12 lines
03-27 19:08:09.821  9691 16611 I chatty  : uid=1000(system) com.android.settings expire 1 line
03-27 19:08:16.541 21482 21503 W ContextImpl: Calling a method in the system process without a qualified user: android.app.ContextImpl.bindService:1437 android.content.ContextWrapper.bindService:639 smartisanos.app.tracker.TrackerServiceConnection.connect:34 smartisanos.app.tracker.Agent.connectService:65 smartisanos.app.tracker.Agent.flush:388 
03-27 19:08:19.538 21172 21172 I chatty  : uid=1000 system_server expire 57 lines
03-27 19:08:21.541 21172 32472 I chatty  : uid=1000(system) Binder:21172_20 expire 10 lines
03-27 19:08:22.570 21482 21503 W ContextImpl: Calling a method in the system process without a qualified user: android.app.ContextImpl.bindService:1437 android.content.ContextWrapper.bindService:639 smartisanos.app.tracker.TrackerServiceConnection.connect:34 smartisanos.app.tracker.Agent.connectService:65 smartisanos.app.tracker.Agent.flush:388 
03-27 19:09:31.070 21172 21443 I chatty  : uid=1000(system) InputDispatcher expire 197 lines
03-27 19:10:23.661 21172 21444 I chatty  : uid=1000(system) InputReader expire 13 lines
03-27 19:10:31.749 21172 21214 I chatty  : uid=1000(system) android.ui expire 12 lines
03-27 19:10:32.593 21172 32471 I chatty  : uid=1000(system) Binder:21172_1F expire 11 lines
03-27 19:10:53.654 21172 21236 I chatty  : uid=1000(system) PowerManagerSer expire 12 lines
03-27 19:10:55.111 21172 28087 I chatty  : uid=1000(system) Binder:21172_18 expire 11 lines
03-27 19:10:57.257 21482 21503 W ContextImpl: Calling a method in the system process without a qualified user: android.app.ContextImpl.bindService:1437 android.content.ContextWrapper.bindService:639 smartisanos.app.tracker.TrackerServiceConnection.connect:34 smartisanos.app.tracker.Agent.connectService:65 smartisanos.app.tracker.Agent.flush:388 
03-27 19:10:57.895 21172 22381 I chatty  : uid=1000(system) Binder:21172_A expire 13 lines
03-27 19:10:58.132 21482 21503 W ContextImpl: Calling a method in the system process without a qualified user: android.app.ContextImpl.bindService:1437 android.content.ContextWrapper.bindService:639 smartisanos.app.tracker.TrackerServiceConnection.connect:34 smartisanos.app.tracker.Agent.connectService:65 smartisanos.app.tracker.Agent.flush:388 
03-27 19:11:37.873 21172 21443 I chatty  : uid=1000(system) InputDispatcher expire 22 lines
03-27 19:12:59.420 21172 21198 I chatty  : uid=1000(system) Binder:21172_2 expire 10 lines
03-27 19:13:17.285 21172 21212 I chatty  : uid=1000(system) ActivityManager expire 18 lines
03-27 19:13:39.697 21482 21503 W ContextImpl: Calling a method in the system process without a qualified user: android.app.ContextImpl.bindService:1437 android.content.ContextWrapper.bindService:639 smartisanos.app.tracker.TrackerServiceConnection.connect:34 smartisanos.app.tracker.Agent.connectService:65 smartisanos.app.tracker.Agent.flush:388 
03-27 19:13:40.413  9691  9691 I chatty  : uid=1000(system) com.android.settings expire 11 lines
03-27 19:13:42.764 21172 21444 I chatty  : uid=1000(system) InputReader expire 12 lines
03-27 19:13:42.765 21172 21236 I chatty  : uid=1000(system) PowerManagerSer expire 12 lines
03-27 19:13:42.790 21172 21172 I chatty  : uid=1000 system_server expire 45 lines
03-27 19:13:42.810 21172 21443 I chatty  : uid=1000(system) InputDispatcher expire 10 lines
03-27 19:13:43.056 21172 21231 I chatty  : uid=1000(system) android.display expire 14 lines
03-27 19:13:43.321 21482 21503 W ContextImpl: Calling a method in the system process without a qualified user: android.app.ContextImpl.bindService:1437 android.content.ContextWrapper.bindService:639 smartisanos.app.tracker.TrackerServiceConnection.connect:34 smartisanos.app.tracker.Agent.connectService:65 smartisanos.app.tracker.Agent.flush:388 
03-27 19:13:49.770 21482 21503 W ContextImpl: Calling a method in the system process without a qualified user: android.app.ContextImpl.bindService:1437 android.content.ContextWrapper.bindService:639 smartisanos.app.tracker.TrackerServiceConnection.connect:34 smartisanos.app.tracker.Agent.connectService:65 smartisanos.app.tracker.Agent.flush:388 
03-27 19:14:47.192 21172 32465 I chatty  : uid=1000(system) Binder:21172_1B expire 12 lines
03-27 19:14:50.218 21482 21503 W ContextImpl: Calling a method in the system process without a qualified user: android.app.ContextImpl.bindService:1437 android.content.ContextWrapper.bindService:639 smartisanos.app.tracker.TrackerServiceConnection.connect:34 smartisanos.app.tracker.Agent.connectService:65 smartisanos.app.tracker.Agent.flush:388 
03-27 19:15:16.615 21172 21172 I chatty  : uid=1000 system_server expire 31 lines
03-27 19:15:19.317 21482 21503 W ContextImpl: Calling a method in the system process without a qualified user: android.app.ContextImpl.bindService:1437 android.content.ContextWrapper.bindService:639 smartisanos.app.tracker.TrackerServiceConnection.connect:34 smartisanos.app.tracker.Agent.connectService:65 smartisanos.app.tracker.Agent.flush:388 
03-27 19:16:17.023  9691 18203 I chatty  : uid=1000(system) com.android.settings expire 1 line
03-27 19:17:30.374  9691  9691 I chatty  : uid=1000(system) com.android.settings expire 11 lines
03-27 19:18:25.852 21172 21443 I chatty  : uid=1000(system) InputDispatcher expire 119 lines
03-27 19:20:42.639 21172 21236 I chatty  : uid=1000(system) PowerManagerSer expire 16 lines
03-27 19:20:48.120 21172 21769 I chatty  : uid=1000(system) Binder:21172_8 expire 10 lines
03-27 19:20:51.084 21482 21503 W ContextImpl: Calling a method in the system process without a qualified user: android.app.ContextImpl.bindService:1437 android.content.ContextWrapper.bindService:639 smartisanos.app.tracker.TrackerServiceConnection.connect:34 smartisanos.app.tracker.Agent.connectService:65 smartisanos.app.tracker.Agent.flush:388 
03-27 19:21:08.944  9691 19010 I chatty  : uid=1000(system) com.android.settings expire 1 line
03-27 19:21:29.466 21172 21444 I chatty  : uid=1000(system) InputReader expire 14 lines
03-27 19:21:29.913 21172 21231 I chatty  : uid=1000(system) android.display expire 13 lines
03-27 19:21:29.920 21172 21455 I chatty  : uid=1000(system) NetworkPolicy expire 10 lines
03-27 19:21:33.078 21172 21172 I chatty  : uid=1000 system_server expire 20 lines
03-27 19:21:35.811 21482 21503 W ContextImpl: Calling a method in the system process without a qualified user: android.app.ContextImpl.bindService:1437 android.content.ContextWrapper.bindService:639 smartisanos.app.tracker.TrackerServiceConnection.connect:34 smartisanos.app.tracker.Agent.connectService:65 smartisanos.app.tracker.Agent.flush:388 
03-27 19:22:00.740 21172 21443 I chatty  : uid=1000(system) InputDispatcher expire 38 lines
03-27 19:22:13.255 21482 21503 W ContextImpl: Calling a method in the system process without a qualified user: android.app.ContextImpl.bindService:1437 android.content.ContextWrapper.bindService:639 smartisanos.app.tracker.TrackerServiceConnection.connect:34 smartisanos.app.tracker.Agent.connectService:65 smartisanos.app.tracker.Agent.flush:388 
03-27 19:22:15.147 21482 21503 W ContextImpl: Calling a method in the system process without a qualified user: android.app.ContextImpl.bindService:1437 android.content.ContextWrapper.bindService:639 smartisanos.app.tracker.TrackerServiceConnection.connect:34 smartisanos.app.tracker.Agent.connectService:65 smartisanos.app.tracker.Agent.flush:388 
03-27 19:22:16.348 21172 26285 I chatty  : uid=1000(system) Binder:21172_13 expire 11 lines
03-27 19:22:19.217 21172 21443 I chatty  : uid=1000(system) InputDispatcher expire 29 lines
03-27 19:22:25.220 21172 21172 I chatty  : uid=1000 system_server expire 18 lines
03-27 19:22:39.020 21172 21211 I chatty  : uid=1000(system) android.bg expire 13 lines
03-27 19:23:00.115  9691  9691 I chatty  : uid=1000(system) com.android.settings expire 11 lines
03-27 19:23:02.995 21482 21503 W ContextImpl: Calling a method in the system process without a qualified user: android.app.ContextImpl.bindService:1437 android.content.ContextWrapper.bindService:639 smartisanos.app.tracker.TrackerServiceConnection.connect:34 smartisanos.app.tracker.Agent.connectService:65 smartisanos.app.tracker.Agent.flush:388 
03-27 19:23:05.194 21172 21444 I chatty  : uid=1000(system) InputReader expire 11 lines
03-27 19:23:05.311 21172 21236 I chatty  : uid=1000(system) PowerManagerSer expire 20 lines
03-27 19:23:05.372 21172 21172 I chatty  : uid=1000 system_server expire 24 lines
03-27 19:23:06.599 21172 21254 I chatty  : uid=1000(system) PackageManager expire 11 lines
03-27 19:23:22.784 21172 21443 I chatty  : uid=1000(system) InputDispatcher expire 61 lines
03-27 19:23:24.241 21482 21503 W ContextImpl: Calling a method in the system process without a qualified user: android.app.ContextImpl.bindService:1437 android.content.ContextWrapper.bindService:639 smartisanos.app.tracker.TrackerServiceConnection.connect:34 smartisanos.app.tracker.Agent.connectService:65 smartisanos.app.tracker.Agent.flush:388 
03-27 19:23:24.706 21482 21503 W ContextImpl: Calling a method in the system process without a qualified user: android.app.ContextImpl.bindService:1437 android.content.ContextWrapper.bindService:639 smartisanos.app.tracker.TrackerServiceConnection.connect:34 smartisanos.app.tracker.Agent.connectService:65 smartisanos.app.tracker.Agent.flush:388 
03-27 19:25:27.345 21172 21172 I chatty  : uid=1000 system_server expire 22 lines
03-27 19:25:27.408 21172 21231 I chatty  : uid=1000(system) android.display expire 23 lines
03-27 19:25:27.639 22397 22397 W ContextImpl: Calling a method in the system process without a qualified user: android.app.ContextImpl.sendBroadcast:893 android.content.ContextWrapper.sendBroadcast:424 com.smartisanos.ideapills.view.BubbleHeadOperator.hideHeadView:502 com.smartisanos.ideapills.view.BubbleListView.hideBubbleListImmediately:947 com.smartisanos.ideapills.view.BubbleOptLayout.playHideAnimation:384 
03-27 19:25:30.927 21172 21444 I chatty  : uid=1000(system) InputReader expire 13 lines
03-27 19:25:30.982 21172 21443 I chatty  : uid=1000(system) InputDispatcher expire 55 lines
03-27 19:25:31.561 21482 21503 W ContextImpl: Calling a method in the system process without a qualified user: android.app.ContextImpl.bindService:1437 android.content.ContextWrapper.bindService:639 smartisanos.app.tracker.TrackerServiceConnection.connect:34 smartisanos.app.tracker.Agent.connectService:65 smartisanos.app.tracker.Agent.flush:388 
03-27 19:25:32.493 21482 21503 W ContextImpl: Calling a method in the system process without a qualified user: android.app.ContextImpl.bindService:1437 android.content.ContextWrapper.bindService:639 smartisanos.app.tracker.TrackerServiceConnection.connect:34 smartisanos.app.tracker.Agent.connectService:65 smartisanos.app.tracker.Agent.flush:388 
03-27 19:25:32.604 21482 21503 W ContextImpl: Calling a method in the system process without a qualified user: android.app.ContextImpl.bindService:1437 android.content.ContextWrapper.bindService:639 smartisanos.app.tracker.TrackerServiceConnection.connect:34 smartisanos.app.tracker.Agent.connectService:65 smartisanos.app.tracker.Agent.flush:388 
03-27 19:25:32.996 21482 21503 W ContextImpl: Calling a method in the system process without a qualified user: android.app.ContextImpl.bindService:1437 android.content.ContextWrapper.bindService:639 smartisanos.app.tracker.TrackerServiceConnection.connect:34 smartisanos.app.tracker.Agent.connectService:65 smartisanos.app.tracker.Agent.flush:388 
03-27 19:25:34.007 21482 21503 W ContextImpl: Calling a method in the system process without a qualified user: android.app.ContextImpl.bindService:1437 android.content.ContextWrapper.bindService:639 smartisanos.app.tracker.TrackerServiceConnection.connect:34 smartisanos.app.tracker.Agent.connectService:65 smartisanos.app.tracker.Agent.flush:388 
03-27 19:25:34.311 21482 21503 W ContextImpl: Calling a method in the system process without a qualified user: android.app.ContextImpl.bindService:1437 android.content.ContextWrapper.bindService:639 smartisanos.app.tracker.TrackerServiceConnection.connect:34 smartisanos.app.tracker.Agent.connectService:65 smartisanos.app.tracker.Agent.flush:388 
