03-27 18:09:52.917 21172 21455 I chatty  : uid=1000(system) NetworkPolicy expire 12 lines
03-27 18:09:55.945 21504 21504 I Telecom : ProximitySensorManager:  setNavigationBarEnable due to psensor : true mValue :5.000305 threshold:5.0
03-27 18:09:55.947 21504 21504 I Telecom : CallAudioRoutePeripheralAdapter: onSensorChanged, covered from false to false, isDrivingMode = false
03-27 18:09:55.947 21504 21504 I Telecom : ProximitySensorManager: onSensorChanged(), mValue=5.000305, reason: 4, uncovered has done: true, first value: 5.000305, updateStatusBar: true
03-27 18:09:55.947 21504 21504 I Telecom : ProximitySensorManager: wake up has been done ever when the psensor is uncovered
03-27 18:09:56.582 21172 21444 I chatty  : uid=1000(system) InputReader expire 15 lines
03-27 18:09:56.810 21504 21504 I Telecom : ProximitySensorManager:  setNavigationBarEnable due to psensor : false mValue :0.0 threshold:5.0
03-27 18:09:56.815 21504 21504 I Telecom : CallAudioRoutePeripheralAdapter: onSensorChanged, covered from false to true, isDrivingMode = false
03-27 18:09:56.815 21504 21504 I Telecom : ProximitySensorManager: onSensorChanged(), mValue=0.0, reason: 4, uncovered has done: true, first value: 5.000305, updateStatusBar: true
03-27 18:09:56.815 21504 21504 I Telecom : ProximitySensorManager: wake up has been done ever when the psensor is uncovered
03-27 18:10:21.709 21504 21504 I Telecom : ProximitySensorManager:  setNavigationBarEnable due to psensor : true mValue :5.000305 threshold:5.0
03-27 18:10:21.713 21504 21504 I Telecom : CallAudioRoutePeripheralAdapter: onSensorChanged, covered from false to false, isDrivingMode = false
03-27 18:10:21.713 21504 21504 I Telecom : ProximitySensorManager: onSensorChanged(), mValue=5.000305, reason: 4, uncovered has done: true, first value: 5.000305, updateStatusBar: true
03-27 18:10:21.713 21504 21504 I Telecom : ProximitySensorManager: wake up has been done ever when the psensor is uncovered
03-27 18:10:22.198 21504 21504 I Telecom : ProximitySensorManager:  setNavigationBarEnable due to psensor : false mValue :0.0 threshold:5.0
03-27 18:10:22.201 21504 21504 I Telecom : CallAudioRoutePeripheralAdapter: onSensorChanged, covered from false to true, isDrivingMode = false
03-27 18:10:22.201 21504 21504 I Telecom : ProximitySensorManager: onSensorChanged(), mValue=0.0, reason: 4, uncovered has done: true, first value: 5.000305, updateStatusBar: true
03-27 18:10:22.201 21504 21504 I Telecom : ProximitySensorManager: wake up has been done ever when the psensor is uncovered
03-27 18:10:35.946 21504 21504 I Telecom : ProximitySensorManager:  setNavigationBarEnable due to psensor : true mValue :5.000305 threshold:5.0
03-27 18:10:35.948 21504 21504 I Telecom : CallAudioRoutePeripheralAdapter: onSensorChanged, covered from false to false, isDrivingMode = false
03-27 18:10:35.949 21504 21504 I Telecom : ProximitySensorManager: onSensorChanged(), mValue=5.000305, reason: 4, uncovered has done: true, first value: 5.000305, updateStatusBar: true
03-27 18:10:35.949 21504 21504 I Telecom : ProximitySensorManager: wake up has been done ever when the psensor is uncovered
03-27 18:10:36.132 10794 10794 I chatty  : uid=1000(system) com.android.settings expire 10 lines
03-27 18:10:39.123 21504 21504 I Telecom : ProximitySensorManager:  setNavigationBarEnable due to psensor : false mValue :0.0 threshold:5.0
03-27 18:10:39.132 21504 21504 I Telecom : CallAudioRoutePeripheralAdapter: onSensorChanged, covered from false to true, isDrivingMode = false
03-27 18:10:39.132 21504 21504 I Telecom : ProximitySensorManager: onSensorChanged(), mValue=0.0, reason: 4, uncovered has done: true, first value: 5.000305, updateStatusBar: true
03-27 18:10:39.132 21504 21504 I Telecom : ProximitySensorManager: wake up has been done ever when the psensor is uncovered
03-27 18:10:39.400 21172 21443 I chatty  : uid=1000(system) InputDispatcher expire 244 lines
03-27 18:10:46.403 21504 21504 I Telecom : ProximitySensorManager:  setNavigationBarEnable due to psensor : true mValue :5.000305 threshold:5.0
03-27 18:10:46.406 21504 21504 I Telecom : CallAudioRoutePeripheralAdapter: onSensorChanged, covered from false to false, isDrivingMode = false
03-27 18:10:46.407 21504 21504 I Telecom : ProximitySensorManager: onSensorChanged(), mValue=5.000305, reason: 4, uncovered has done: true, first value: 5.000305, updateStatusBar: true
03-27 18:10:46.407 21504 21504 I Telecom : ProximitySensorManager: wake up has been done ever when the psensor is uncovered
03-27 18:10:48.404 21504 10109 I Telecom : Call: Send playDtmfTone to connection service for call [TC@12, ACTIVE, com.android.phone/com.android.services.telephony.TelephonyConnectionService, tel:***********, A, childs(0), has_parent(false), [Capabilities: CAPABILITY_HOLD CAPABILITY_SUPPORT_HOLD CAPABILITY_MUTE CAPABILITY_CANNOT_DOWNGRADE_VIDEO_TO_AUDIO CAPABILITY_SPEED_UP_MT_AUDIO], [Properties:]]: ICA.pDT(InCall package: com.android.incallui)@Cxw
03-27 18:10:48.405 21504 10109 I Telecom : Event: Call TC@12: START_DTMF, [356a192b7913b04c54574d18c28d46e6395428ab]: ICA.pDT(InCall package: com.android.incallui)@Cxw
03-27 18:10:48.460 21504 25012 I Telecom : Call: Send stopDtmfTone to connection service for call [TC@12, ACTIVE, com.android.phone/com.android.services.telephony.TelephonyConnectionService, tel:***********, A, childs(0), has_parent(false), [Capabilities: CAPABILITY_HOLD CAPABILITY_SUPPORT_HOLD CAPABILITY_MUTE CAPABILITY_CANNOT_DOWNGRADE_VIDEO_TO_AUDIO CAPABILITY_SPEED_UP_MT_AUDIO], [Properties:]]: ICA.sDT(InCall package: com.android.incallui)@Cx0
03-27 18:10:48.460 21504 25012 I Telecom : Event: Call TC@12: STOP_DTMF, null: ICA.sDT(InCall package: com.android.incallui)@Cx0
03-27 18:10:49.348 21504 21504 I Telecom : ProximitySensorManager:  setNavigationBarEnable due to psensor : false mValue :0.0 threshold:5.0
03-27 18:10:49.350 21504 21504 I Telecom : CallAudioRoutePeripheralAdapter: onSensorChanged, covered from false to true, isDrivingMode = false
03-27 18:10:49.350 21504 21504 I Telecom : ProximitySensorManager: onSensorChanged(), mValue=0.0, reason: 4, uncovered has done: true, first value: 5.000305, updateStatusBar: true
03-27 18:10:49.350 21504 21504 I Telecom : ProximitySensorManager: wake up has been done ever when the psensor is uncovered
03-27 18:10:55.381 21504 21504 I Telecom : ProximitySensorManager:  setNavigationBarEnable due to psensor : true mValue :5.000305 threshold:5.0
03-27 18:10:55.387 21504 21504 I Telecom : CallAudioRoutePeripheralAdapter: onSensorChanged, covered from false to false, isDrivingMode = false
03-27 18:10:55.387 21504 21504 I Telecom : ProximitySensorManager: onSensorChanged(), mValue=5.000305, reason: 4, uncovered has done: true, first value: 5.000305, updateStatusBar: true
03-27 18:10:55.387 21504 21504 I Telecom : ProximitySensorManager: wake up has been done ever when the psensor is uncovered
03-27 18:10:56.513 21504 25012 I Telecom : Event: Call TC@12: REQUEST_DISCONNECT, null: ICA.dC(InCall package: com.android.incallui)@Cx4
03-27 18:10:56.514 21504 25012 I Telecom : Call: Send disconnect to connection service for call: [TC@12, ACTIVE, com.android.phone/com.android.services.telephony.TelephonyConnectionService, tel:***********, A, childs(0), has_parent(false), [Capabilities: CAPABILITY_HOLD CAPABILITY_SUPPORT_HOLD CAPABILITY_MUTE CAPABILITY_CANNOT_DOWNGRADE_VIDEO_TO_AUDIO CAPABILITY_SPEED_UP_MT_AUDIO], [Properties:]]: ICA.dC(InCall package: com.android.incallui)@Cx4
03-27 18:10:56.554 21504 25012 I Telecom : PowerManagerWrapper: Releasing proximity wake lock: ICA.tOffPS(InCall package: com.android.incallui)@CyA
03-27 18:10:56.559 21504 25012 I Telecom : ProximitySensorManager: onWakeLockChanged, acquired:false: ICA.tOffPS(InCall package: com.android.incallui)@CyA
03-27 18:10:56.572 21504 25012 I Telecom : ProximitySensorManager: regOrUnregSensorListener(), proximity sensor register reason = 0x0, registered = false: ICA.tOffPS(InCall package: com.android.incallui)@CyA
03-27 18:10:56.749 21504 21515 I Telecom : CallsManager: setCallState ACTIVE -> DISCONNECTED, call: [TC@12, ACTIVE, com.android.phone/com.android.services.telephony.TelephonyConnectionService, tel:***********, A, childs(0), has_parent(false), [Capabilities: CAPABILITY_HOLD CAPABILITY_SUPPORT_HOLD CAPABILITY_MUTE CAPABILITY_CANNOT_DOWNGRADE_VIDEO_TO_AUDIO CAPABILITY_SPEED_UP_MT_AUDIO], [Properties:]]: CSW.sDc@CyM
03-27 18:10:56.750 21504 21515 I Telecom : Event: Call TC@12: SET_DISCONNECTED, disconnected set explicitly> DisconnectCause [ Code: (LOCAL) Label: () Description: () Reason: (LOCAL) Tone: (27) ]: CSW.sDc@CyM
03-27 18:10:56.757 21504 21592 I Telecom : CallAudioRouteStateMachine: Message received: UPDATE_SYSTEM_AUDIO_ROUTE=1201, arg1=0: CSW.sDc->CARSM.pM_UPDATE_SYSTEM_AUDIO_ROUTE@CyM_0
03-27 18:10:56.759 21504 21515 I Telecom : PowerManagerWrapper: updateWakeState: no active or holding calls, poke user activity before request SLEEP wake lock: CSW.sDc@CyM
03-27 18:10:56.759 21504 21625 I Telecom : CallAudioModeStateMachine: Message received: TONE_STARTED_PLAYING.: CSW.sDc->CAMSM.pM_3001@CyM_1
03-27 18:10:56.760 21504 21625 I Telecom : CallAudioModeStateMachine: Message received: NO_MORE_ACTIVE_OR_DIALING_CALLS.: CSW.sDc->CAMSM.pM_1001@CyM_3
03-27 18:10:56.761 21504 21625 I Telecom : CallAudioModeStateMachine: Audio focus entering TONE/HOLDING state: CSW.sDc->CAMSM.pM_1001@CyM_3
03-27 18:10:56.762 21504 21515 I Telecom : PowerManagerWrapper: updateWakeState: no RINGING/DIALING calls, request SLEEP wake lock: CSW.sDc@CyM
03-27 18:10:56.762 21504 21515 I Telecom : TelecomWakeLock: WakeLock already released with id: 26: CSW.sDc@CyM
03-27 18:10:56.762 21504 21515 I Telecom : InCallWakeLockController: Releasing full wake lock: CSW.sDc@CyM
03-27 18:10:56.763 21504 21515 I Telecom : BluetoothPhoneService: updateHeadsetWithCallState numActive 0, numHeld 0, callState 6, ringing number [da39a3ee5e6b4b0d3255bfef95601890afd80709], ringing type 128: CSW.sDc@CyM
03-27 18:10:56.771 21504 21515 I Telecom : ViceNotificationImpl: onCallStateChanged newState = 7: CSW.sDc@CyM
03-27 18:10:56.771 21504 21504 I Telecom : MyHandler: MESSAGE_CALL_ENDED
03-27 18:10:56.771 21504 21504 I Telecom : ViceNotificationImpl: processNotification DEP null
03-27 18:10:56.779 21504 21515 I Telecom : PhoneStateBroadcaster: Broadcasted state change: 0: CSW.sDc@CyM
03-27 18:10:56.786 21504 21592 I Telecom : CallAudioRouteStateMachine: setSystemAudioState: changing from [AudioState isMuted: false, route: EARPIECE, supportedRouteMask: EARPIECE, SPEAKER] to [AudioState isMuted: false, route: EARPIECE, supportedRouteMask: EARPIECE, SPEAKER]: CSW.sDc->CARSM.pM_UPDATE_SYSTEM_AUDIO_ROUTE@CyM_0
03-27 18:10:56.786 21504 21592 I Telecom : InCallController: Calling onAudioStateChanged, audioState: [AudioState isMuted: false, route: EARPIECE, supportedRouteMask: EARPIECE, SPEAKER] -> [AudioState isMuted: false, route: EARPIECE, supportedRouteMask: EARPIECE, SPEAKER]: CSW.sDc->CARSM.pM_UPDATE_SYSTEM_AUDIO_ROUTE@CyM_0
03-27 18:10:56.787 21504 21515 I Telecom : ConnectionServiceWrapper: Service unbound ComponentInfo{com.android.phone/com.android.services.telephony.TelephonyConnectionService}, from unbind.: CSW.rC@CyY
03-27 18:10:56.789 21504 21515 I Telecom : Event: Call TC@12: DESTROYED, null: CSW.rC@CyY
03-27 18:10:56.790 21504 21515 I Telecom : ProximitySensorManager: all calls removed. unregister Psensor listener: CSW.rC@CyY
03-27 18:10:56.790 21504 21515 I Telecom : ProximitySensorManager: regOrUnregSensorListener(), proximity sensor register reason = 0x0, registered = false: CSW.rC@CyY
03-27 18:10:56.791 21504 21515 I Telecom : InCallController: onCallRemoved: [TC@12, DISCONNECTED, null, tel:***********, A, childs(0), has_parent(false), [Capabilities: CAPABILITY_HOLD CAPABILITY_SUPPORT_HOLD CAPABILITY_MUTE CAPABILITY_CANNOT_DOWNGRADE_VIDEO_TO_AUDIO CAPABILITY_SPEED_UP_MT_AUDIO], [Properties:]]: CSW.rC@CyY
03-27 18:10:56.791 21504 21515 I Telecom : PowerManagerWrapper: updateWakeState: all calls removed. reset wake lock state: CSW.rC@CyY
03-27 18:10:56.792 21504 21515 I Telecom : TelecomWakeLock: WakeLock already released with id: 26: CSW.rC@CyY
03-27 18:10:56.792 21504 21515 I Telecom : InCallWakeLockController: Releasing full wake lock: CSW.rC@CyY
03-27 18:10:56.806 21504 21592 I Telecom : CallAudioRouteStateMachine: Message received: SWITCH_FOCUS=4001, arg1=2: CSW.sDc->CAMSM.pM_1001->CARSM.pM_SWITCH_FOCUS@CyM_3_2
03-27 18:10:56.807 21504 21592 I Telecom : CallAudioRouteStateMachine: setNotificationsSuppressed: on=yes; suppressed=yes: CSW.sDc->CAMSM.pM_1001->CARSM.pM_SWITCH_FOCUS@CyM_3_2
03-27 18:10:57.174 21504 21625 I Telecom : CallAudioModeStateMachine: Message received: TONE_STOPPED_PLAYING.: CSW.sDc->ICTP.r->ICTP.cUTP->CAMSM.pM_3002@CyM_2_0_0
03-27 18:10:57.174 21504 21625 I Telecom : CallAudioModeStateMachine: Abandoning audio focus: now UNFOCUSED: CSW.sDc->ICTP.r->ICTP.cUTP->CAMSM.pM_3002@CyM_2_0_0
03-27 18:10:57.379 21504 21592 I Telecom : CallAudioRouteStateMachine: Message received: SWITCH_FOCUS=4001, arg1=1: CSW.sDc->ICTP.r->ICTP.cUTP->CAMSM.pM_3002->CARSM.pM_SWITCH_FOCUS@CyM_2_0_0_2
03-27 18:10:57.382 21504 21592 I Telecom : Telecom: Non-call EVENT: UNMUTE, null: CSW.sDc->ICTP.r->ICTP.cUTP->CAMSM.pM_3002->CARSM.pM_SWITCH_FOCUS@CyM_2_0_0_2
03-27 18:10:57.382 21504 21592 I Telecom : Telecom: Non-call EVENT: AUDIO_ROUTE, Leaving state ActiveEarpieceRoute: CSW.sDc->ICTP.r->ICTP.cUTP->CAMSM.pM_3002->CARSM.pM_SWITCH_FOCUS@CyM_2_0_0_2
03-27 18:10:57.382 21504 21592 I Telecom : CallAudioRouteStateMachine: setNotificationsSuppressed: on=no; suppressed=yes: CSW.sDc->ICTP.r->ICTP.cUTP->CAMSM.pM_3002->CARSM.pM_SWITCH_FOCUS@CyM_2_0_0_2
03-27 18:10:57.385 21504 21592 I Telecom : Telecom: Non-call EVENT: AUDIO_ROUTE, Entering state QuiescentEarpieceRoute: CSW.sDc->ICTP.r->ICTP.cUTP->CAMSM.pM_3002->CARSM.pM_SWITCH_FOCUS@CyM_2_0_0_2
03-27 18:10:58.262 21172 21236 I chatty  : uid=1000(system) PowerManagerSer expire 12 lines
03-27 18:10:58.314 21172 21172 I chatty  : uid=1000 system_server expire 25 lines
03-27 18:11:01.060 21172 21468 I chatty  : uid=1000(system) onProviders.ECP expire 10 lines
03-27 18:11:01.116 21172 22165 I chatty  : uid=1000(system) Binder:21172_9 expire 12 lines
03-27 18:11:02.497 21172 21462 I chatty  : uid=1000(system) ConnectivitySer expire 21 lines
03-27 18:11:03.330 21172 21443 I chatty  : uid=1000(system) InputDispatcher expire 30 lines
03-27 18:11:03.797 10794 10794 I chatty  : uid=1000(system) com.android.settings expire 12 lines
03-27 18:11:03.961 21482 21503 I chatty  : uid=1000(system) keyguard_statis expire 11 lines
03-27 18:11:18.037 31053 31053 W ViewRootImpl[AllInOneCalendarActivity]: Cancelling event due to no window focus: KeyEvent { action=ACTION_UP, keyCode=KEYCODE_FINGERPRINT, scanCode=249, metaState=0, flags=0x28, repeatCount=0, eventTime=345110716, downTime=345110357, deviceId=7, source=0x101 }
03-27 18:11:18.037 31053 31053 W ViewRootImpl[AllInOneCalendarActivity]: Cancelling event due to no window focus: KeyEvent { action=ACTION_UP, keyCode=KEYCODE_FINGERPRINT, scanCode=249, metaState=0, flags=0x28, repeatCount=0, eventTime=345110716, downTime=345110357, deviceId=7, source=0x101 }
03-27 18:11:18.037 31053 31053 W ViewRootImpl[AllInOneCalendarActivity]: Cancelling event due to no window focus: KeyEvent { action=ACTION_UP, keyCode=KEYCODE_FINGERPRINT, scanCode=249, metaState=0, flags=0x28, repeatCount=0, eventTime=345110716, downTime=345110357, deviceId=7, source=0x101 }
03-27 18:11:18.037 31053 31053 W ViewRootImpl[AllInOneCalendarActivity]: Cancelling event due to no window focus: KeyEvent { action=ACTION_UP, keyCode=KEYCODE_FINGERPRINT, scanCode=249, metaState=0, flags=0x28, repeatCount=0, eventTime=345110716, downTime=345110357, deviceId=7, source=0x101 }
03-27 18:11:18.037 31053 31053 W ViewRootImpl[AllInOneCalendarActivity]: Cancelling event due to no window focus: KeyEvent { action=ACTION_UP, keyCode=KEYCODE_FINGERPRINT, scanCode=249, metaState=0, flags=0x28, repeatCount=0, eventTime=345110716, downTime=345110357, deviceId=7, source=0x101 }
03-27 18:11:18.037 31053 31053 W ViewRootImpl[AllInOneCalendarActivity]: Cancelling event due to no window focus: KeyEvent { action=ACTION_UP, keyCode=KEYCODE_FINGERPRINT, scanCode=249, metaState=0, flags=0x28, repeatCount=0, eventTime=345110716, downTime=345110357, deviceId=7, source=0x101 }
03-27 18:11:18.037 31053 31053 W ViewRootImpl[AllInOneCalendarActivity]: Cancelling event due to no window focus: KeyEvent { action=ACTION_UP, keyCode=KEYCODE_FINGERPRINT, scanCode=249, metaState=0, flags=0x28, repeatCount=0, eventTime=345110716, downTime=345110357, deviceId=7, source=0x101 }
03-27 18:11:18.037 31053 31053 W ViewRootImpl[AllInOneCalendarActivity]: Cancelling event due to no window focus: KeyEvent { action=ACTION_UP, keyCode=KEYCODE_FINGERPRINT, scanCode=249, metaState=0, flags=0x28, repeatCount=0, eventTime=345110716, downTime=345110357, deviceId=7, source=0x101 }
03-27 18:11:18.037 31053 31053 W ViewRootImpl[AllInOneCalendarActivity]: Cancelling event due to no window focus: KeyEvent { action=ACTION_UP, keyCode=KEYCODE_FINGERPRINT, scanCode=249, metaState=0, flags=0x28, repeatCount=0, eventTime=345110716, downTime=345110357, deviceId=7, source=0x101 }
03-27 18:11:18.345 21172 21443 I chatty  : uid=1000(system) InputDispatcher expire 133 lines
03-27 18:11:24.203 10794 31202 I chatty  : uid=1000(system) com.android.settings expire 1 line
03-27 18:11:36.046 21172 21172 I chatty  : uid=1000 system_server expire 13 lines
03-27 18:12:04.172 21172 26281 I chatty  : uid=1000(system) Binder:21172_10 expire 11 lines
03-27 18:12:04.928 31278 31397 W PeroptWhiteListParser: initPackageTypeList failed, [/data/system/game_list.json] use default file try again
03-27 18:12:05.081 21172 21443 I chatty  : uid=1000(system) InputDispatcher expire 26 lines
03-27 18:12:06.046 21172 21230 I chatty  : uid=1000(system) android.io expire 11 lines
03-27 18:12:08.160 21172 21212 I chatty  : uid=1000(system) ActivityManager expire 20 lines
03-27 18:12:09.055 21172 21231 I chatty  : uid=1000(system) android.display expire 23 lines
03-27 18:12:09.443 21172 28087 I chatty  : uid=1000(system) Binder:21172_18 expire 11 lines
03-27 18:12:22.926 21172 21455 I chatty  : uid=1000(system) NetworkPolicy expire 10 lines
03-27 18:12:32.922 21172 21172 I chatty  : uid=1000 system_server expire 23 lines
03-27 18:12:35.990 21172 21444 I chatty  : uid=1000(system) InputReader expire 11 lines
03-27 18:12:38.542 21172 21198 I chatty  : uid=1000(system) Binder:21172_2 expire 12 lines
03-27 18:13:36.911 31278 31278 W ViewRootImpl[HomeTabActivity]: Cancelling event due to no window focus: KeyEvent { action=ACTION_UP, keyCode=KEYCODE_FINGERPRINT, scanCode=249, metaState=0, flags=0x28, repeatCount=0, eventTime=345246192, downTime=345246041, deviceId=7, source=0x101 }
03-27 18:13:36.911 31278 31278 W ViewRootImpl[HomeTabActivity]: Cancelling event due to no window focus: KeyEvent { action=ACTION_UP, keyCode=KEYCODE_FINGERPRINT, scanCode=249, metaState=0, flags=0x28, repeatCount=0, eventTime=345246192, downTime=345246041, deviceId=7, source=0x101 }
03-27 18:13:36.912 31278 31278 W ViewRootImpl[HomeTabActivity]: Cancelling event due to no window focus: KeyEvent { action=ACTION_UP, keyCode=KEYCODE_FINGERPRINT, scanCode=249, metaState=0, flags=0x28, repeatCount=0, eventTime=345246192, downTime=345246041, deviceId=7, source=0x101 }
03-27 18:13:36.912 31278 31278 W ViewRootImpl[HomeTabActivity]: Cancelling event due to no window focus: KeyEvent { action=ACTION_UP, keyCode=KEYCODE_FINGERPRINT, scanCode=249, metaState=0, flags=0x28, repeatCount=0, eventTime=345246192, downTime=345246041, deviceId=7, source=0x101 }
03-27 18:13:36.912 31278 31278 W ViewRootImpl[HomeTabActivity]: Cancelling event due to no window focus: KeyEvent { action=ACTION_UP, keyCode=KEYCODE_FINGERPRINT, scanCode=249, metaState=0, flags=0x28, repeatCount=0, eventTime=345246192, downTime=345246041, deviceId=7, source=0x101 }
03-27 18:13:36.912 31278 31278 W ViewRootImpl[HomeTabActivity]: Cancelling event due to no window focus: KeyEvent { action=ACTION_UP, keyCode=KEYCODE_FINGERPRINT, scanCode=249, metaState=0, flags=0x28, repeatCount=0, eventTime=345246192, downTime=345246041, deviceId=7, source=0x101 }
03-27 18:13:37.006 31278 31278 W ViewRootImpl[SearchActivity]: Cancelling event due to no window focus: KeyEvent { action=ACTION_UP, keyCode=KEYCODE_FINGERPRINT, scanCode=249, metaState=0, flags=0x28, repeatCount=0, eventTime=345246246, downTime=345246041, deviceId=7, source=0x101 }
03-27 18:13:37.006 31278 31278 W ViewRootImpl[SearchActivity]: Cancelling event due to no window focus: KeyEvent { action=ACTION_UP, keyCode=KEYCODE_FINGERPRINT, scanCode=249, metaState=0, flags=0x28, repeatCount=0, eventTime=345246246, downTime=345246041, deviceId=7, source=0x101 }
03-27 18:13:37.006 31278 31278 W ViewRootImpl[SearchActivity]: Cancelling event due to no window focus: KeyEvent { action=ACTION_UP, keyCode=KEYCODE_FINGERPRINT, scanCode=249, metaState=0, flags=0x28, repeatCount=0, eventTime=345246246, downTime=345246041, deviceId=7, source=0x101 }
03-27 18:13:37.006 31278 31278 W ViewRootImpl[SearchActivity]: Cancelling event due to no window focus: KeyEvent { action=ACTION_UP, keyCode=KEYCODE_FINGERPRINT, scanCode=249, metaState=0, flags=0x28, repeatCount=0, eventTime=345246246, downTime=345246041, deviceId=7, source=0x101 }
03-27 18:13:37.006 31278 31278 W ViewRootImpl[SearchActivity]: Cancelling event due to no window focus: KeyEvent { action=ACTION_UP, keyCode=KEYCODE_FINGERPRINT, scanCode=249, metaState=0, flags=0x28, repeatCount=0, eventTime=345246246, downTime=345246041, deviceId=7, source=0x101 }
03-27 18:13:37.006 31278 31278 W ViewRootImpl[SearchActivity]: Cancelling event due to no window focus: KeyEvent { action=ACTION_UP, keyCode=KEYCODE_FINGERPRINT, scanCode=249, metaState=0, flags=0x28, repeatCount=0, eventTime=345246246, downTime=345246041, deviceId=7, source=0x101 }
03-27 18:13:37.007 31278 31278 W ViewRootImpl[SearchActivity]: Cancelling event due to no window focus: KeyEvent { action=ACTION_UP, keyCode=KEYCODE_FINGERPRINT, scanCode=249, metaState=0, flags=0x28, repeatCount=0, eventTime=345246246, downTime=345246041, deviceId=7, source=0x101 }
03-27 18:13:37.007 31278 31278 W ViewRootImpl[SearchActivity]: Cancelling event due to no window focus: KeyEvent { action=ACTION_UP, keyCode=KEYCODE_FINGERPRINT, scanCode=249, metaState=0, flags=0x28, repeatCount=0, eventTime=345246246, downTime=345246041, deviceId=7, source=0x101 }
03-27 18:13:37.007 31278 31278 W ViewRootImpl[SearchActivity]: Cancelling event due to no window focus: KeyEvent { action=ACTION_UP, keyCode=KEYCODE_FINGERPRINT, scanCode=249, metaState=0, flags=0x28, repeatCount=0, eventTime=345246246, downTime=345246041, deviceId=7, source=0x101 }
03-27 18:13:53.902 10794 31988 I chatty  : uid=1000(system) com.android.settings expire 1 line
03-27 18:14:06.947 21172 32464 I chatty  : uid=1000(system) Binder:21172_1A expire 11 lines
03-27 18:14:10.600 10794 10794 I chatty  : uid=1000(system) com.android.settings expire 10 lines
03-27 18:14:11.836 21504 21504 I Telecom : WiredHeadsetManager: ACTION_HEADSET_PLUG event, plugged in: false, : WHC.oADA@Cz4
03-27 18:14:12.844 21172 21443 I chatty  : uid=1000(system) InputDispatcher expire 14 lines
03-27 18:14:16.772 21504 21504 I Telecom : BluetoothManager: mReceiver: HEADSET_STATE_CHANGED_ACTION: BM.oR@C0A
03-27 18:14:16.772 21504 21504 I Telecom : BluetoothManager: ==> new state: 1 : BM.oR@C0A
03-27 18:14:16.773 21504 21516 I Telecom : BluetoothPhoneService: queryPhoneState: BPSI.qPS@C0E
03-27 18:14:16.773 21504 21516 I Telecom : BluetoothPhoneService: updateHeadsetWithCallState numActive 0, numHeld 0, callState 6, ringing number [da39a3ee5e6b4b0d3255bfef95601890afd80709], ringing type 128: BPSI.qPS@C0E
03-27 18:14:17.049 21504 21504 I Telecom : BluetoothManager: mReceiver: HEADSET_STATE_CHANGED_ACTION: BM.oR@C0I
03-27 18:14:17.049 21504 21504 I Telecom : BluetoothManager: ==> new state: 2 : BM.oR@C0I
03-27 18:14:17.103 21504 21592 I Telecom : CallAudioRouteStateMachine: Message received: CONNECT_BLUETOOTH=3, arg1=0: BM.oR->CARSM.pM_CONNECT_BLUETOOTH@C0I_0
03-27 18:14:17.103 21504 21592 I Telecom : Telecom: Non-call EVENT: AUDIO_ROUTE, Bluetooth connected: BM.oR->CARSM.pM_CONNECT_BLUETOOTH@C0I_0
03-27 18:14:17.104 21504 21592 I Telecom : CallAudioRouteStateMachine: Message received: SWITCH_BLUETOOTH=1002, arg1=0: BM.oR->CARSM.pM_CONNECT_BLUETOOTH->CARSM.pM_SWITCH_BLUETOOTH@C0I_0_0
03-27 18:14:17.104 21504 21592 I Telecom : Telecom: Non-call EVENT: AUDIO_ROUTE, Leaving state QuiescentEarpieceRoute: BM.oR->CARSM.pM_CONNECT_BLUETOOTH->CARSM.pM_SWITCH_BLUETOOTH@C0I_0_0
03-27 18:14:17.104 21504 21592 I Telecom : Telecom: Non-call EVENT: AUDIO_ROUTE, Entering state QuiescentBluetoothRoute: BM.oR->CARSM.pM_CONNECT_BLUETOOTH->CARSM.pM_SWITCH_BLUETOOTH@C0I_0_0
03-27 18:14:17.107 21504 21504 I Telecom : WiredHeadsetManager: ACTION_HEADSET_PLUG event, plugged in: false, : WHC.oADA@C0M
03-27 18:14:17.481 21504 10109 I Telecom : BluetoothPhoneService: queryPhoneState: BPSI.qPS@C0Q
03-27 18:14:17.481 21504 10109 I Telecom : BluetoothPhoneService: updateHeadsetWithCallState numActive 0, numHeld 0, callState 6, ringing number [da39a3ee5e6b4b0d3255bfef95601890afd80709], ringing type 128: BPSI.qPS@C0Q
03-27 18:14:18.398 21504 22419 I Telecom : BluetoothPhoneService: listcurrentCalls: BPSI.lCC@C0Y
03-27 18:14:22.191 21504 21516 I Telecom : BluetoothPhoneService: getSubscriberNumber: BPSI.gSN@C0g
03-27 18:14:24.713 21504 21515 I Telecom : BluetoothPhoneService: getSubscriberNumber: BPSI.gSN@C0o
03-27 18:14:27.336 21504 22419 I Telecom : BluetoothPhoneService: getSubscriberNumber: BPSI.gSN@C0s
03-27 18:14:28.712 21172 32465 I chatty  : uid=1000(system) Binder:21172_1B expire 13 lines
03-27 18:14:29.247 23012 23115 E ActivityThread: Failed to find provider info for com.smartisanos.cloudsync.sogou_smartisan
03-27 18:14:30.153 23012 23115 E ActivityThread: Failed to find provider info for com.smartisanos.cloudsync.sogou_smartisan
03-27 18:14:30.476 21172 28085 I chatty  : uid=1000(system) Binder:21172_17 expire 12 lines
03-27 18:14:31.807 21172 26284 I chatty  : uid=1000(system) Binder:21172_12 expire 11 lines
03-27 18:14:33.439 23012 23115 E ActivityThread: Failed to find provider info for com.smartisanos.cloudsync.sogou_smartisan
03-27 18:14:34.024 23012 23115 E ActivityThread: Failed to find provider info for com.smartisanos.cloudsync.sogou_smartisan
03-27 18:14:35.764 21172 32470 I chatty  : uid=1000(system) Binder:21172_1E expire 12 lines
03-27 18:14:35.786 21172 21534 I chatty  : uid=1000(system) Binder:21172_5 expire 12 lines
03-27 18:14:36.004 21172 22381 I chatty  : uid=1000(system) Binder:21172_A expire 11 lines
03-27 18:14:53.155 21172 21211 I chatty  : uid=1000(system) android.bg expire 60 lines
03-27 18:15:19.273 10794 10794 I chatty  : uid=1000(system) com.android.settings expire 28 lines
03-27 18:16:31.112 21172 21462 I chatty  : uid=1000(system) ConnectivitySer expire 13 lines
03-27 18:18:34.377 10794  1606 I chatty  : uid=1000(system) com.android.settings expire 1 line
03-27 18:19:12.299 21172 26285 I chatty  : uid=1000(system) Binder:21172_13 expire 14 lines
03-27 18:20:34.599 21172 22165 I chatty  : uid=1000(system) Binder:21172_9 expire 10 lines
03-27 18:21:40.162 21172 26283 I chatty  : uid=1000(system) Binder:21172_11 expire 31 lines
03-27 18:21:54.815 10794  2735 I chatty  : uid=1000(system) com.android.settings expire 1 line
03-27 18:24:06.011 21172 23109 I chatty  : uid=1000(system) Binder:21172_D expire 10 lines
03-27 18:25:55.669 21172 21449 I chatty  : uid=1000(system) Binder:21172_3 expire 11 lines
03-27 18:26:43.386 10794 10794 W ContextImpl: Calling a method in the system process without a qualified user: android.app.ContextImpl.startService:1373 android.content.ContextWrapper.startService:616 android.content.ContextWrapper.startService:616 com.android.settings.settingitemsprovider.SettingItemsReceiver.onReceive:-1 android.app.ActivityThread.handleReceiver:3236 
03-27 18:26:55.437 10794  4119 W ContextImpl: Calling a method in the system process without a qualified user: android.app.ContextImpl.startService:1373 android.content.ContextWrapper.startService:616 android.content.ContextWrapper.startService:616 com.android.settings.fuelgauge.BatteryChangeReceiver.tt:-1 com.android.settings.fuelgauge.BatteryChangeReceiver.tw:-1 
03-27 18:26:59.747 10794 10794 W ContextImpl: Calling a method in the system process without a qualified user: android.app.ContextImpl.startService:1373 android.content.ContextWrapper.startService:616 android.content.ContextWrapper.startService:616 com.android.settings.settingitemsprovider.SettingItemsReceiver.onReceive:-1 android.app.ActivityThread.handleReceiver:3236 
03-27 18:27:11.084 21172 21468 I chatty  : uid=1000(system) onProviders.ECP expire 18 lines
03-27 18:27:11.233 21172 21615 I chatty  : uid=1000(system) Binder:21172_6 expire 12 lines
03-27 18:27:11.294 10794 10794 W ContextImpl: Calling a method in the system process without a qualified user: android.app.ContextImpl.startService:1373 android.content.ContextWrapper.startService:616 android.content.ContextWrapper.startService:616 com.android.settings.settingitemsprovider.SettingItemsReceiver.onReceive:-1 android.app.ActivityThread.handleReceiver:3236 
03-27 18:27:11.305 10794 10794 W ContextImpl: Calling a method in the system process without a qualified user: android.app.ContextImpl.startService:1373 android.content.ContextWrapper.startService:616 android.content.ContextWrapper.startService:616 com.android.settings.settingitemsprovider.SettingItemsReceiver.onReceive:-1 android.app.ActivityThread.handleReceiver:3236 
03-27 18:27:11.330 10794 10794 W ContextImpl: Calling a method in the system process without a qualified user: android.app.ContextImpl.startService:1373 android.content.ContextWrapper.startService:616 android.content.ContextWrapper.startService:616 com.android.settings.settingitemsprovider.SettingItemsReceiver.onReceive:-1 android.app.ActivityThread.handleReceiver:3236 
03-27 18:27:11.479 10794 10794 W ContextImpl: Calling a method in the system process without a qualified user: android.app.ContextImpl.startService:1373 android.content.ContextWrapper.startService:616 android.content.ContextWrapper.startService:616 com.android.settings.settingitemsprovider.SettingItemsReceiver.onReceive:-1 android.app.ActivityThread.handleReceiver:3236 
03-27 18:27:11.966 10794 10794 W ContextImpl: Calling a method in the system process without a qualified user: android.app.ContextImpl.startService:1373 android.content.ContextWrapper.startService:616 android.content.ContextWrapper.startService:616 com.android.settings.settingitemsprovider.SettingItemsReceiver.onReceive:-1 android.app.ActivityThread.handleReceiver:3236 
03-27 18:27:33.325 10794 10794 W ContextImpl: Calling a method in the system process without a qualified user: android.app.ContextImpl.startService:1373 android.content.ContextWrapper.startService:616 android.content.ContextWrapper.startService:616 com.android.settings.settingitemsprovider.SettingItemsReceiver.onReceive:-1 android.app.ActivityThread.handleReceiver:3236 
03-27 18:27:51.065 10794 10794 W ContextImpl: Calling a method in the system process without a qualified user: android.app.ContextImpl.startService:1373 android.content.ContextWrapper.startService:616 android.content.ContextWrapper.startService:616 com.android.settings.settingitemsprovider.SettingItemsReceiver.onReceive:-1 android.app.ActivityThread.handleReceiver:3236 
03-27 18:28:01.472 21172 28081 I chatty  : uid=1000(system) Binder:21172_16 expire 10 lines
03-27 18:28:35.893 10794 10794 W ContextImpl: Calling a method in the system process without a qualified user: android.app.ContextImpl.startService:1373 android.content.ContextWrapper.startService:616 android.content.ContextWrapper.startService:616 com.android.settings.settingitemsprovider.SettingItemsReceiver.onReceive:-1 android.app.ActivityThread.handleReceiver:3236 
03-27 18:28:37.407 21172 25231 I chatty  : uid=1000(system) Binder:21172_F expire 10 lines
03-27 18:28:49.989 21172 21197 I chatty  : uid=1000(system) Binder:21172_1 expire 10 lines
03-27 18:29:14.741 10794  4848 W ContextImpl: Calling a method in the system process without a qualified user: android.app.ContextImpl.startService:1373 android.content.ContextWrapper.startService:616 android.content.ContextWrapper.startService:616 com.android.settings.fuelgauge.BatteryChangeReceiver.tt:-1 com.android.settings.fuelgauge.BatteryChangeReceiver.tw:-1 
03-27 18:30:00.040 21172 21212 I chatty  : uid=1000(system) ActivityManager expire 15 lines
03-27 18:31:04.282 10794 10794 W ContextImpl: Calling a method in the system process without a qualified user: android.app.ContextImpl.startService:1373 android.content.ContextWrapper.startService:616 android.content.ContextWrapper.startService:616 com.android.settings.settingitemsprovider.SettingItemsReceiver.onReceive:-1 android.app.ActivityThread.handleReceiver:3236 
03-27 18:31:08.036 21172 21211 I chatty  : uid=1000(system) android.bg expire 10 lines
03-27 18:31:11.461 10794 10794 W ContextImpl: Calling a method in the system process without a qualified user: android.app.ContextImpl.startService:1373 android.content.ContextWrapper.startService:616 android.content.ContextWrapper.startService:616 com.android.settings.settingitemsprovider.SettingItemsReceiver.onReceive:-1 android.app.ActivityThread.handleReceiver:3236 
03-27 18:31:17.919 10794 10794 W ContextImpl: Calling a method in the system process without a qualified user: android.app.ContextImpl.startService:1373 android.content.ContextWrapper.startService:616 android.content.ContextWrapper.startService:616 com.android.settings.settingitemsprovider.SettingItemsReceiver.onReceive:-1 android.app.ActivityThread.handleReceiver:3236 
03-27 18:31:23.485 21172 28078 I chatty  : uid=1000(system) Binder:21172_15 expire 10 lines
03-27 18:31:26.276 10794 10794 W ContextImpl: Calling a method in the system process without a qualified user: android.app.ContextImpl.startService:1373 android.content.ContextWrapper.startService:616 android.content.ContextWrapper.startService:616 com.android.settings.settingitemsprovider.SettingItemsReceiver.onReceive:-1 android.app.ActivityThread.handleReceiver:3236 
03-27 18:31:32.230 10794 10794 W ContextImpl: Calling a method in the system process without a qualified user: android.app.ContextImpl.startService:1373 android.content.ContextWrapper.startService:616 android.content.ContextWrapper.startService:616 com.android.settings.settingitemsprovider.SettingItemsReceiver.onReceive:-1 android.app.ActivityThread.handleReceiver:3236 
03-27 18:31:34.005 10794 10794 W ContextImpl: Calling a method in the system process without a qualified user: android.app.ContextImpl.startService:1373 android.content.ContextWrapper.startService:616 android.content.ContextWrapper.startService:616 com.android.settings.settingitemsprovider.SettingItemsReceiver.onReceive:-1 android.app.ActivityThread.handleReceiver:3236 
03-27 18:31:55.038 10794  5869 W ContextImpl: Calling a method in the system process without a qualified user: android.app.ContextImpl.startService:1373 android.content.ContextWrapper.startService:616 android.content.ContextWrapper.startService:616 com.android.settings.fuelgauge.BatteryChangeReceiver.tt:-1 com.android.settings.fuelgauge.BatteryChangeReceiver.tw:-1 
03-27 18:31:55.796 10794 10794 W ContextImpl: Calling a method in the system process without a qualified user: android.app.ContextImpl.startService:1373 android.content.ContextWrapper.startService:616 android.content.ContextWrapper.startService:616 com.android.settings.settingitemsprovider.SettingItemsReceiver.onReceive:-1 android.app.ActivityThread.handleReceiver:3236 
03-27 18:32:16.449 10794 10794 W ContextImpl: Calling a method in the system process without a qualified user: android.app.ContextImpl.startService:1373 android.content.ContextWrapper.startService:616 android.content.ContextWrapper.startService:616 com.android.settings.settingitemsprovider.SettingItemsReceiver.onReceive:-1 android.app.ActivityThread.handleReceiver:3236 
03-27 18:32:20.917 10794 10794 W ContextImpl: Calling a method in the system process without a qualified user: android.app.ContextImpl.startService:1373 android.content.ContextWrapper.startService:616 android.content.ContextWrapper.startService:616 com.android.settings.settingitemsprovider.SettingItemsReceiver.onReceive:-1 android.app.ActivityThread.handleReceiver:3236 
03-27 18:33:01.960 10794 10794 W ContextImpl: Calling a method in the system process without a qualified user: android.app.ContextImpl.startService:1373 android.content.ContextWrapper.startService:616 android.content.ContextWrapper.startService:616 com.android.settings.settingitemsprovider.SettingItemsReceiver.onReceive:-1 android.app.ActivityThread.handleReceiver:3236 
03-27 18:33:16.922 21172 22395 I chatty  : uid=1000(system) Binder:21172_B expire 10 lines
03-27 18:33:28.301 10794 10794 W ContextImpl: Calling a method in the system process without a qualified user: android.app.ContextImpl.startService:1373 android.content.ContextWrapper.startService:616 android.content.ContextWrapper.startService:616 com.android.settings.settingitemsprovider.SettingItemsReceiver.onReceive:-1 android.app.ActivityThread.handleReceiver:3236 
03-27 18:33:38.164 21172 21211 I chatty  : uid=1000(system) android.bg expire 12 lines
03-27 18:34:09.356 10794 10794 W ContextImpl: Calling a method in the system process without a qualified user: android.app.ContextImpl.startService:1373 android.content.ContextWrapper.startService:616 android.content.ContextWrapper.startService:616 com.android.settings.settingitemsprovider.SettingItemsReceiver.onReceive:-1 android.app.ActivityThread.handleReceiver:3236 
03-27 18:34:13.601 10794 10794 W ContextImpl: Calling a method in the system process without a qualified user: android.app.ContextImpl.startService:1373 android.content.ContextWrapper.startService:616 android.content.ContextWrapper.startService:616 com.android.settings.settingitemsprovider.SettingItemsReceiver.onReceive:-1 android.app.ActivityThread.handleReceiver:3236 
03-27 18:34:27.570 10794 10794 W ContextImpl: Calling a method in the system process without a qualified user: android.app.ContextImpl.startService:1373 android.content.ContextWrapper.startService:616 android.content.ContextWrapper.startService:616 com.android.settings.settingitemsprovider.SettingItemsReceiver.onReceive:-1 android.app.ActivityThread.handleReceiver:3236 
03-27 18:34:30.332 21172 21450 I chatty  : uid=1000(system) Binder:21172_4 expire 15 lines
03-27 18:34:32.689 21172 32471 I chatty  : uid=1000(system) Binder:21172_1F expire 10 lines
03-27 18:35:28.875 10794 10794 W ContextImpl: Calling a method in the system process without a qualified user: android.app.ContextImpl.startService:1373 android.content.ContextWrapper.startService:616 android.content.ContextWrapper.startService:616 com.android.settings.settingitemsprovider.SettingItemsReceiver.onReceive:-1 android.app.ActivityThread.handleReceiver:3236 
03-27 18:35:36.833 10794 10794 W ContextImpl: Calling a method in the system process without a qualified user: android.app.ContextImpl.startService:1373 android.content.ContextWrapper.startService:616 android.content.ContextWrapper.startService:616 com.android.settings.settingitemsprovider.SettingItemsReceiver.onReceive:-1 android.app.ActivityThread.handleReceiver:3236 
03-27 18:36:26.983 10794 10794 W ContextImpl: Calling a method in the system process without a qualified user: android.app.ContextImpl.startService:1373 android.content.ContextWrapper.startService:616 android.content.ContextWrapper.startService:616 com.android.settings.settingitemsprovider.SettingItemsReceiver.onReceive:-1 android.app.ActivityThread.handleReceiver:3236 
03-27 18:36:27.244 10794 10794 W ContextImpl: Calling a method in the system process without a qualified user: android.app.ContextImpl.startService:1373 android.content.ContextWrapper.startService:616 android.content.ContextWrapper.startService:616 com.android.settings.settingitemsprovider.SettingItemsReceiver.onReceive:-1 android.app.ActivityThread.handleReceiver:3236 
03-27 18:36:34.414 10794 10794 W ContextImpl: Calling a method in the system process without a qualified user: android.app.ContextImpl.startService:1373 android.content.ContextWrapper.startService:616 android.content.ContextWrapper.startService:616 com.android.settings.settingitemsprovider.SettingItemsReceiver.onReceive:-1 android.app.ActivityThread.handleReceiver:3236 
03-27 18:36:38.373 21172 21211 I chatty  : uid=1000(system) android.bg expire 12 lines
03-27 18:36:55.666 10794  7233 W ContextImpl: Calling a method in the system process without a qualified user: android.app.ContextImpl.startService:1373 android.content.ContextWrapper.startService:616 android.content.ContextWrapper.startService:616 com.android.settings.fuelgauge.BatteryChangeReceiver.tt:-1 com.android.settings.fuelgauge.BatteryChangeReceiver.tw:-1 
03-27 18:37:04.096 10794 10794 W ContextImpl: Calling a method in the system process without a qualified user: android.app.ContextImpl.startService:1373 android.content.ContextWrapper.startService:616 android.content.ContextWrapper.startService:616 com.android.settings.settingitemsprovider.SettingItemsReceiver.onReceive:-1 android.app.ActivityThread.handleReceiver:3236 
03-27 18:37:12.392 10794 10794 W ContextImpl: Calling a method in the system process without a qualified user: android.app.ContextImpl.startService:1373 android.content.ContextWrapper.startService:616 android.content.ContextWrapper.startService:616 com.android.settings.settingitemsprovider.SettingItemsReceiver.onReceive:-1 android.app.ActivityThread.handleReceiver:3236 
03-27 18:37:12.500 10794 10794 W ContextImpl: Calling a method in the system process without a qualified user: android.app.ContextImpl.startService:1373 android.content.ContextWrapper.startService:616 android.content.ContextWrapper.startService:616 com.android.settings.settingitemsprovider.SettingItemsReceiver.onReceive:-1 android.app.ActivityThread.handleReceiver:3236 
03-27 18:37:13.146 10794 10794 W ContextImpl: Calling a method in the system process without a qualified user: android.app.ContextImpl.startService:1373 android.content.ContextWrapper.startService:616 android.content.ContextWrapper.startService:616 com.android.settings.settingitemsprovider.SettingItemsReceiver.onReceive:-1 android.app.ActivityThread.handleReceiver:3236 
03-27 18:37:14.423 10794 10794 W ContextImpl: Calling a method in the system process without a qualified user: android.app.ContextImpl.startService:1373 android.content.ContextWrapper.startService:616 android.content.ContextWrapper.startService:616 com.android.settings.settingitemsprovider.SettingItemsReceiver.onReceive:-1 android.app.ActivityThread.handleReceiver:3236 
03-27 18:37:14.434 10794 10794 W ContextImpl: Calling a method in the system process without a qualified user: android.app.ContextImpl.startService:1373 android.content.ContextWrapper.startService:616 android.content.ContextWrapper.startService:616 com.android.settings.settingitemsprovider.SettingItemsReceiver.onReceive:-1 android.app.ActivityThread.handleReceiver:3236 
03-27 18:37:15.165 10794 10794 W ContextImpl: Calling a method in the system process without a qualified user: android.app.ContextImpl.startService:1373 android.content.ContextWrapper.startService:616 android.content.ContextWrapper.startService:616 com.android.settings.settingitemsprovider.SettingItemsReceiver.onReceive:-1 android.app.ActivityThread.handleReceiver:3236 
03-27 18:38:14.803 10794 10794 W ContextImpl: Calling a method in the system process without a qualified user: android.app.ContextImpl.startService:1373 android.content.ContextWrapper.startService:616 android.content.ContextWrapper.startService:616 com.android.settings.settingitemsprovider.SettingItemsReceiver.onReceive:-1 android.app.ActivityThread.handleReceiver:3236 
03-27 18:38:24.296 10794 10794 W ContextImpl: Calling a method in the system process without a qualified user: android.app.ContextImpl.startService:1373 android.content.ContextWrapper.startService:616 android.content.ContextWrapper.startService:616 com.android.settings.settingitemsprovider.SettingItemsReceiver.onReceive:-1 android.app.ActivityThread.handleReceiver:3236 
03-27 18:38:24.380 10794 10794 W ContextImpl: Calling a method in the system process without a qualified user: android.app.ContextImpl.startService:1373 android.content.ContextWrapper.startService:616 android.content.ContextWrapper.startService:616 com.android.settings.settingitemsprovider.SettingItemsReceiver.onReceive:-1 android.app.ActivityThread.handleReceiver:3236 
03-27 18:38:25.058 10794 10794 W ContextImpl: Calling a method in the system process without a qualified user: android.app.ContextImpl.startService:1373 android.content.ContextWrapper.startService:616 android.content.ContextWrapper.startService:616 com.android.settings.settingitemsprovider.SettingItemsReceiver.onReceive:-1 android.app.ActivityThread.handleReceiver:3236 
03-27 18:38:25.261 10794 10794 W ContextImpl: Calling a method in the system process without a qualified user: android.app.ContextImpl.startService:1373 android.content.ContextWrapper.startService:616 android.content.ContextWrapper.startService:616 com.android.settings.settingitemsprovider.SettingItemsReceiver.onReceive:-1 android.app.ActivityThread.handleReceiver:3236 
03-27 18:38:25.286 10794 10794 W ContextImpl: Calling a method in the system process without a qualified user: android.app.ContextImpl.startService:1373 android.content.ContextWrapper.startService:616 android.content.ContextWrapper.startService:616 com.android.settings.settingitemsprovider.SettingItemsReceiver.onReceive:-1 android.app.ActivityThread.handleReceiver:3236 
03-27 18:38:25.639 10794 10794 W ContextImpl: Calling a method in the system process without a qualified user: android.app.ContextImpl.startService:1373 android.content.ContextWrapper.startService:616 android.content.ContextWrapper.startService:616 com.android.settings.settingitemsprovider.SettingItemsReceiver.onReceive:-1 android.app.ActivityThread.handleReceiver:3236 
03-27 18:38:28.222 10794 10794 W ContextImpl: Calling a method in the system process without a qualified user: android.app.ContextImpl.startService:1373 android.content.ContextWrapper.startService:616 android.content.ContextWrapper.startService:616 com.android.settings.settingitemsprovider.SettingItemsReceiver.onReceive:-1 android.app.ActivityThread.handleReceiver:3236 
03-27 18:39:33.997 10794 10794 W ContextImpl: Calling a method in the system process without a qualified user: android.app.ContextImpl.startService:1373 android.content.ContextWrapper.startService:616 android.content.ContextWrapper.startService:616 com.android.settings.settingitemsprovider.SettingItemsReceiver.onReceive:-1 android.app.ActivityThread.handleReceiver:3236 
03-27 18:39:35.408 10794 10794 W ContextImpl: Calling a method in the system process without a qualified user: android.app.ContextImpl.startService:1373 android.content.ContextWrapper.startService:616 android.content.ContextWrapper.startService:616 com.android.settings.settingitemsprovider.SettingItemsReceiver.onReceive:-1 android.app.ActivityThread.handleReceiver:3236 
03-27 18:39:37.454 10794 10794 W ContextImpl: Calling a method in the system process without a qualified user: android.app.ContextImpl.startService:1373 android.content.ContextWrapper.startService:616 android.content.ContextWrapper.startService:616 com.android.settings.settingitemsprovider.SettingItemsReceiver.onReceive:-1 android.app.ActivityThread.handleReceiver:3236 
03-27 18:39:39.153 21172 21211 I chatty  : uid=1000(system) android.bg expire 13 lines
03-27 18:40:02.203 10794 10794 W ContextImpl: Calling a method in the system process without a qualified user: android.app.ContextImpl.startService:1373 android.content.ContextWrapper.startService:616 android.content.ContextWrapper.startService:616 com.android.settings.settingitemsprovider.SettingItemsReceiver.onReceive:-1 android.app.ActivityThread.handleReceiver:3236 
03-27 18:40:16.721 10794  8339 W ContextImpl: Calling a method in the system process without a qualified user: android.app.ContextImpl.startService:1373 android.content.ContextWrapper.startService:616 android.content.ContextWrapper.startService:616 com.android.settings.fuelgauge.BatteryChangeReceiver.tt:-1 com.android.settings.fuelgauge.BatteryChangeReceiver.tw:-1 
03-27 18:40:21.483 10794 10794 W ContextImpl: Calling a method in the system process without a qualified user: android.app.ContextImpl.startService:1373 android.content.ContextWrapper.startService:616 android.content.ContextWrapper.startService:616 com.android.settings.settingitemsprovider.SettingItemsReceiver.onReceive:-1 android.app.ActivityThread.handleReceiver:3236 
03-27 18:40:21.588 10794 10794 W ContextImpl: Calling a method in the system process without a qualified user: android.app.ContextImpl.startService:1373 android.content.ContextWrapper.startService:616 android.content.ContextWrapper.startService:616 com.android.settings.settingitemsprovider.SettingItemsReceiver.onReceive:-1 android.app.ActivityThread.handleReceiver:3236 
03-27 18:40:22.024 21172 21172 I chatty  : uid=1000 system_server expire 16 lines
03-27 18:40:22.432 10794 10794 W ContextImpl: Calling a method in the system process without a qualified user: android.app.ContextImpl.startService:1373 android.content.ContextWrapper.startService:616 android.content.ContextWrapper.startService:616 com.android.settings.settingitemsprovider.SettingItemsReceiver.onReceive:-1 android.app.ActivityThread.handleReceiver:3236 
