03-28 10:21:06.798 21172 21231 I chatty  : uid=1000(system) android.display expire 1 line
03-28 10:21:06.803 21172 21455 I chatty  : uid=1000(system) NetworkPolicy expire 1 line
03-28 10:21:07.580 21172 21254 I chatty  : uid=1000(system) PackageManager expire 1 line
03-28 10:21:09.827  9691 20132 W ContextImpl: Calling a method in the system process without a qualified user: android.app.ContextImpl.startService:1373 android.content.ContextWrapper.startService:616 android.content.ContextWrapper.startService:616 com.android.settings.fuelgauge.BatteryChangeReceiver.tt:-1 com.android.settings.fuelgauge.BatteryChangeReceiver.tw:-1 
03-28 10:21:10.555 21172 21198 I chatty  : uid=1000(system) Binder:21172_2 expire 2 lines
03-28 10:21:10.728 21172 21458 I chatty  : uid=1000(system) WifiStateMachin expire 1 line
03-28 10:21:10.728 21172 21462 I chatty  : uid=1000(system) ConnectivitySer expire 15 lines
03-28 10:21:16.778 21172 21455 I chatty  : uid=1000(system) NetworkPolicy expire 2 lines
03-28 10:21:16.913 21172 21534 I chatty  : uid=1000(system) Binder:21172_5 expire 2 lines
03-28 10:21:17.183 21172 22381 I chatty  : uid=1000(system) Binder:21172_A expire 2 lines
03-28 10:21:17.619 21172 21212 I chatty  : uid=1000(system) ActivityManager expire 13 lines
03-28 10:21:18.009 21172 22416 I chatty  : uid=1000(system) Binder:21172_C expire 2 lines
03-28 10:21:18.328 23012 23115 E ActivityThread: Failed to find provider info for com.smartisanos.cloudsync.sogou_smartisan
03-28 10:21:18.374 21172 21769 I chatty  : uid=1000(system) Binder:21172_8 expire 1 line
03-28 10:21:18.818 23012 23115 E ActivityThread: Failed to find provider info for com.smartisanos.cloudsync.sogou_smartisan
03-28 10:21:19.683 21172 26284 I chatty  : uid=1000(system) Binder:21172_12 expire 2 lines
03-28 10:21:21.841 23012 23115 E ActivityThread: Failed to find provider info for com.smartisanos.cloudsync.sogou_smartisan
03-28 10:21:21.875 23012 23115 E ActivityThread: Failed to find provider info for com.smartisanos.cloudsync.sogou_smartisan
03-28 10:21:22.985 21172 21211 I chatty  : uid=1000(system) android.bg expire 16 lines
03-28 10:21:24.092 21172 21468 I chatty  : uid=1000(system) onProviders.ECP expire 10 lines
03-28 10:21:36.824 21172 21438 I chatty  : uid=1000(system) AlarmManager expire 6 lines
03-28 10:21:46.632 21172 21462 I chatty  : uid=1000(system) ConnectivitySer expire 12 lines
03-28 10:21:46.778 21025 21350 D NetlinkEvent: Unknown ifindex 101 in RTM_DELADDR
03-28 10:21:46.786 21172 21229 I chatty  : uid=1000(system) android.fg expire 2 lines
03-28 10:21:46.791 21172 21450 I chatty  : uid=1000(system) Binder:21172_4 expire 1 line
03-28 10:21:46.802 21172 32464 I chatty  : uid=1000(system) Binder:21172_1A expire 1 line
03-28 10:21:46.857 21172 22395 I chatty  : uid=1000(system) Binder:21172_B expire 3 lines
03-28 10:21:47.768 21172 32468 I chatty  : uid=1000(system) Binder:21172_1D expire 2 lines
03-28 10:21:50.573 21172 22165 I chatty  : uid=1000(system) Binder:21172_9 expire 1 line
03-28 10:21:50.577 21172 26286 I chatty  : uid=1000(system) Binder:21172_14 expire 4 lines
03-28 10:22:01.793 21504 21504 I Telecom : BluetoothManager: mReceiver: HEADSET_STATE_CHANGED_ACTION: BM.oR@Des
03-28 10:22:01.794 21504 21504 I Telecom : BluetoothManager: ==> new state: 0 : BM.oR@Des
03-28 10:22:01.795 21172 21214 I chatty  : uid=1000(system) android.ui expire 3 lines
03-28 10:22:01.807 21504 21592 I Telecom : CallAudioRouteStateMachine: Message received: DISCONNECT_BLUETOOTH=4, arg1=0: BM.oR->CARSM.pM_DISCONNECT_BLUETOOTH@Des_0
03-28 10:22:01.807 21504 21592 I Telecom : Telecom: Non-call EVENT: AUDIO_ROUTE, Bluetooth disconnected: BM.oR->CARSM.pM_DISCONNECT_BLUETOOTH@Des_0
03-28 10:22:01.807 21504 21592 I Telecom : CallAudioRouteStateMachine: Message received: SWITCH_BASELINE_ROUTE=1005, arg1=0: BM.oR->CARSM.pM_DISCONNECT_BLUETOOTH->CARSM.pM_SWITCH_BASELINE_ROUTE@Des_0_0
03-28 10:22:01.808 21504 21592 I Telecom : CallAudioRouteStateMachine: Message received: SWITCH_EARPIECE=1001, arg1=0: BM.oR->CARSM.pM_DISCONNECT_BLUETOOTH->CARSM.pM_SWITCH_BASELINE_ROUTE->CARSM.pM_SWITCH_EARPIECE@Des_0_0_0
03-28 10:22:01.808 21504 21592 I Telecom : Telecom: Non-call EVENT: AUDIO_ROUTE, Leaving state QuiescentBluetoothRoute: BM.oR->CARSM.pM_DISCONNECT_BLUETOOTH->CARSM.pM_SWITCH_BASELINE_ROUTE->CARSM.pM_SWITCH_EARPIECE@Des_0_0_0
03-28 10:22:01.808 21504 21592 I Telecom : Telecom: Non-call EVENT: AUDIO_ROUTE, Entering state QuiescentEarpieceRoute: BM.oR->CARSM.pM_DISCONNECT_BLUETOOTH->CARSM.pM_SWITCH_BASELINE_ROUTE->CARSM.pM_SWITCH_EARPIECE@Des_0_0_0
03-28 10:22:01.918 21172 21231 I chatty  : uid=1000(system) android.display expire 4 lines
03-28 10:22:01.922 21172 21443 I chatty  : uid=1000(system) InputDispatcher expire 3 lines
03-28 10:22:02.011 21504 21504 I Telecom : WiredHeadsetManager: ACTION_HEADSET_PLUG event, plugged in: false, : WHC.oADR@Dew
03-28 10:22:02.773 21504 21504 I Telecom : WiredHeadsetManager: ACTION_HEADSET_PLUG event, plugged in: false, : WHC.oADR@De0
03-28 10:23:10.856 21172 32463 I chatty  : uid=1000(system) Binder:21172_19 expire 1 line
03-28 10:23:10.858 21172 32472 I chatty  : uid=1000(system) Binder:21172_20 expire 1 line
03-28 10:23:10.860 21172 26285 I chatty  : uid=1000(system) Binder:21172_13 expire 2 lines
03-28 10:23:40.511 21172 28085 I chatty  : uid=1000(system) Binder:21172_17 expire 2 lines
03-28 10:23:52.036 21172 21172 I chatty  : uid=1000 system_server expire 15 lines
03-28 10:23:52.135  9691  9691 W ContextImpl: Calling a method in the system process without a qualified user: android.app.ContextImpl.startService:1373 android.content.ContextWrapper.startService:616 android.content.ContextWrapper.startService:616 com.android.settings.settingitemsprovider.SettingItemsReceiver.onReceive:-1 android.app.ActivityThread.handleReceiver:3236 
03-28 10:23:52.180  9691  9691 W ContextImpl: Calling a method in the system process without a qualified user: android.app.ContextImpl.startService:1373 android.content.ContextWrapper.startService:616 android.content.ContextWrapper.startService:616 com.android.settings.settingitemsprovider.SettingItemsReceiver.onReceive:-1 android.app.ActivityThread.handleReceiver:3236 
03-28 10:23:52.253 21172 25231 I chatty  : uid=1000(system) Binder:21172_F expire 3 lines
03-28 10:23:52.326 21172 28078 I chatty  : uid=1000(system) Binder:21172_15 expire 1 line
03-28 10:23:57.639 21172 26281 I chatty  : uid=1000(system) Binder:21172_10 expire 3 lines
03-28 10:23:58.949 21172 21198 I chatty  : uid=1000(system) Binder:21172_2 expire 1 line
03-28 10:26:17.464 21172 24073 I chatty  : uid=1000(system) Binder:21172_E expire 2 lines
03-28 10:26:17.471 21172 28087 I chatty  : uid=1000(system) Binder:21172_18 expire 2 lines
03-28 10:29:28.715 21172 21236 I chatty  : uid=1000(system) PowerManagerSer expire 5 lines
03-28 10:29:28.848  9691  9691 W ContextImpl: Calling a method in the system process without a qualified user: android.app.ContextImpl.startService:1373 android.content.ContextWrapper.startService:616 android.content.ContextWrapper.startService:616 com.android.settings.settingitemsprovider.SettingItemsReceiver.onReceive:-1 android.app.ActivityThread.handleReceiver:3236 
03-28 10:29:28.993 21172 21455 I chatty  : uid=1000(system) NetworkPolicy expire 2 lines
03-28 10:29:29.007 21172 21197 I chatty  : uid=1000(system) Binder:21172_1 expire 1 line
03-28 10:29:29.023 21172 21172 I chatty  : uid=1000 system_server expire 12 lines
03-28 10:29:29.043 21172 21211 I chatty  : uid=1000(system) android.bg expire 24 lines
03-28 10:29:29.044 21172 21616 I chatty  : uid=1000(system) Binder:21172_7 expire 4 lines
03-28 10:29:29.089 21172 28087 I chatty  : uid=1000(system) Binder:21172_18 expire 2 lines
03-28 10:29:29.326 21172 26286 I chatty  : uid=1000(system) Binder:21172_14 expire 3 lines
03-28 10:29:30.387 21172 21444 I chatty  : uid=1000(system) InputReader expire 4 lines
03-28 10:29:30.440 21172 21443 I chatty  : uid=1000(system) InputDispatcher expire 12 lines
03-28 10:29:30.750 21482 21503 W ContextImpl: Calling a method in the system process without a qualified user: android.app.ContextImpl.bindService:1437 android.content.ContextWrapper.bindService:639 smartisanos.app.tracker.TrackerServiceConnection.connect:34 smartisanos.app.tracker.Agent.connectService:65 smartisanos.app.tracker.Agent.flush:388 
03-28 10:29:31.720 21482 21503 W ContextImpl: Calling a method in the system process without a qualified user: android.app.ContextImpl.bindService:1437 android.content.ContextWrapper.bindService:639 smartisanos.app.tracker.TrackerServiceConnection.connect:34 smartisanos.app.tracker.Agent.connectService:65 smartisanos.app.tracker.Agent.flush:388 
03-28 10:29:32.201 21172 28081 I chatty  : uid=1000(system) Binder:21172_16 expire 2 lines
03-28 10:29:32.229 21172 21449 I chatty  : uid=1000(system) Binder:21172_3 expire 1 line
03-28 10:29:32.268 21172 21534 I chatty  : uid=1000(system) Binder:21172_5 expire 3 lines
03-28 10:29:32.286 21587 21587 W ActivityThread: Application com.zhengxunw.colorfuldays can be debugged on port 8100...
03-28 10:29:32.895 21172 21212 I chatty  : uid=1000(system) ActivityManager expire 12 lines
03-28 10:29:41.391 21172 26283 I chatty  : uid=1000(system) Binder:21172_11 expire 1 line
03-28 10:29:41.855 21172 21462 I chatty  : uid=1000(system) ConnectivitySer expire 2 lines
03-28 10:30:04.172 21578 21578 W PowerUI : unknown intent: Intent { act=android.intent.action.ACTION_POWER_CONNECTED flg=0x4000010 }
03-28 10:30:05.037 21172 21229 I chatty  : uid=1000(system) android.fg expire 18 lines
03-28 10:30:08.017 21172 21441 I chatty  : uid=1000(system) UEventObserver expire 8 lines
03-28 10:30:14.446 21172 26281 I chatty  : uid=1000(system) Binder:21172_10 expire 3 lines
03-28 10:30:14.531 21172 32471 I chatty  : uid=1000(system) Binder:21172_1F expire 1 line
03-28 10:30:15.471 21172 21214 I chatty  : uid=1000(system) android.ui expire 1 line
03-28 10:30:15.489 21172 21198 I chatty  : uid=1000(system) Binder:21172_2 expire 1 line
03-28 10:30:16.353 21172 22416 I chatty  : uid=1000(system) Binder:21172_C expire 1 line
03-28 10:30:30.746 21172 32463 I chatty  : uid=1000(system) Binder:21172_19 expire 2 lines
03-28 10:30:36.606 21172 21615 I chatty  : uid=1000(system) Binder:21172_6 expire 1 line
03-28 10:31:01.721 21172 32464 I chatty  : uid=1000(system) Binder:21172_1A expire 2 lines
03-28 10:32:11.042 21172 21231 I chatty  : uid=1000(system) android.display expire 1 line
03-28 10:32:12.194 21172 21254 I chatty  : uid=1000(system) PackageManager expire 1 line
03-28 10:33:24.902 21172 32468 I chatty  : uid=1000(system) Binder:21172_1D expire 1 line
03-28 10:34:20.074 21172 21438 I chatty  : uid=1000(system) AlarmManager expire 1 line
03-28 10:34:27.966 21172 26281 I chatty  : uid=1000(system) Binder:21172_10 expire 1 line
03-28 10:35:00.130 21172 21211 I chatty  : uid=1000(system) android.bg expire 4 lines
03-28 10:38:39.056 21172 21197 I chatty  : uid=1000(system) Binder:21172_1 expire 3 lines
03-28 10:39:52.873 21172 21438 I chatty  : uid=1000(system) AlarmManager expire 5 lines
03-28 10:39:53.109 21172 32470 I chatty  : uid=1000(system) Binder:21172_1E expire 4 lines
03-28 10:39:53.128 21172 32466 I chatty  : uid=1000(system) Binder:21172_1C expire 5 lines
03-28 10:39:54.157 21172 21212 I chatty  : uid=1000(system) ActivityManager expire 4 lines
03-28 10:42:49.597 21172 28087 I chatty  : uid=1000(system) Binder:21172_18 expire 1 line
03-28 10:46:32.661 21172 21172 I chatty  : uid=1000 system_server expire 11 lines
03-28 10:51:11.192 21172 32463 I chatty  : uid=1000(system) Binder:21172_19 expire 4 lines
03-28 10:52:04.929 21746 21746 D MccTable: updateMccMncConfiguration mccmnc='null' fromServiceState=true
03-28 10:52:04.929 21746 21746 D MccTable: WIFI_COUNTRY_CODE set to 
03-28 10:52:04.962  9691  9691 W ContextImpl: Calling a method in the system process without a qualified user: android.app.ContextImpl.startService:1373 android.content.ContextWrapper.startService:616 android.content.ContextWrapper.startService:616 com.android.settings.settingitemsprovider.SettingItemsReceiver.onReceive:-1 android.app.ActivityThread.handleReceiver:3236 
03-28 10:52:05.111 21172 32464 I chatty  : uid=1000(system) Binder:21172_1A expire 4 lines
03-28 10:52:08.239 21746 21746 D MccTable: updateMccMncConfiguration mccmnc='310260' fromServiceState=true
03-28 10:52:08.241 21746 21746 D MccTable: updateMccMncConfiguration defaultMccMnc=310260
03-28 10:52:08.241 21746 21746 D MccTable: updateMccMncConfiguration: mcc=310, mnc=260
03-28 10:52:08.241 21746 21746 D MccTable: WIFI_COUNTRY_CODE set to us
03-28 10:52:08.284  9691  9691 W ContextImpl: Calling a method in the system process without a qualified user: android.app.ContextImpl.startService:1373 android.content.ContextWrapper.startService:616 android.content.ContextWrapper.startService:616 com.android.settings.settingitemsprovider.SettingItemsReceiver.onReceive:-1 android.app.ActivityThread.handleReceiver:3236 
03-28 10:52:08.355 21172 22381 I chatty  : uid=1000(system) Binder:21172_A expire 2 lines
03-28 10:53:21.231 21172 21769 I chatty  : uid=1000(system) Binder:21172_8 expire 1 line
03-28 10:53:36.654 21172 22395 I chatty  : uid=1000(system) Binder:21172_B expire 1 line
03-28 10:54:53.099 21172 21534 I chatty  : uid=1000(system) Binder:21172_5 expire 2 lines
03-28 10:54:54.864 21746 21746 D MccTable: updateMccMncConfiguration mccmnc='null' fromServiceState=true
03-28 10:54:54.864 21746 21746 D MccTable: WIFI_COUNTRY_CODE set to 
03-28 10:54:54.865 21172 32471 I chatty  : uid=1000(system) Binder:21172_1F expire 1 line
03-28 10:54:54.895 21172 21615 I chatty  : uid=1000(system) Binder:21172_6 expire 2 lines
03-28 10:54:54.901  9691  9691 W ContextImpl: Calling a method in the system process without a qualified user: android.app.ContextImpl.startService:1373 android.content.ContextWrapper.startService:616 android.content.ContextWrapper.startService:616 com.android.settings.settingitemsprovider.SettingItemsReceiver.onReceive:-1 android.app.ActivityThread.handleReceiver:3236 
03-28 10:54:54.974 21172 26283 I chatty  : uid=1000(system) Binder:21172_11 expire 1 line
03-28 10:54:55.104 21172 32468 I chatty  : uid=1000(system) Binder:21172_1D expire 1 line
03-28 10:54:56.179 21746 21746 D MccTable: updateMccMncConfiguration mccmnc='310260' fromServiceState=true
03-28 10:54:56.191 21746 21746 D MccTable: updateMccMncConfiguration defaultMccMnc=310260
03-28 10:54:56.191 21746 21746 D MccTable: updateMccMncConfiguration: mcc=310, mnc=260
03-28 10:54:56.191 21746 21746 D MccTable: WIFI_COUNTRY_CODE set to us
03-28 10:54:56.191 21172 32465 I chatty  : uid=1000(system) Binder:21172_1B expire 1 line
03-28 10:54:56.256  9691  9691 W ContextImpl: Calling a method in the system process without a qualified user: android.app.ContextImpl.startService:1373 android.content.ContextWrapper.startService:616 android.content.ContextWrapper.startService:616 com.android.settings.settingitemsprovider.SettingItemsReceiver.onReceive:-1 android.app.ActivityThread.handleReceiver:3236 
03-28 10:54:56.367 21172 22416 I chatty  : uid=1000(system) Binder:21172_C expire 1 line
03-28 10:55:01.035 21172 26285 I chatty  : uid=1000(system) Binder:21172_13 expire 2 lines
03-28 10:55:01.041 21172 21236 I chatty  : uid=1000(system) PowerManagerSer expire 2 lines
03-28 10:55:01.044 21172 21231 I chatty  : uid=1000(system) android.display expire 1 line
03-28 10:55:01.112 21172 22165 I chatty  : uid=1000(system) Binder:21172_9 expire 1 line
03-28 10:55:01.215 21172 21455 I chatty  : uid=1000(system) NetworkPolicy expire 1 line
03-28 10:55:01.719 21172 21443 I chatty  : uid=1000(system) InputDispatcher expire 12 lines
03-28 10:55:02.114 21172 21444 I chatty  : uid=1000(system) InputReader expire 2 lines
03-28 10:55:02.694 21172 21214 I chatty  : uid=1000(system) android.ui expire 1 line
03-28 10:55:03.126 22664 23307 E ActivityThread: Failed to find provider info for com.google.android.gms.common.phenotype
03-28 10:55:03.143 21482 21503 W ContextImpl: Calling a method in the system process without a qualified user: android.app.ContextImpl.bindService:1437 android.content.ContextWrapper.bindService:639 smartisanos.app.tracker.TrackerServiceConnection.connect:34 smartisanos.app.tracker.Agent.connectService:65 smartisanos.app.tracker.Agent.flush:388 
03-28 10:55:04.060 21482 21503 W ContextImpl: Calling a method in the system process without a qualified user: android.app.ContextImpl.bindService:1437 android.content.ContextWrapper.bindService:639 smartisanos.app.tracker.TrackerServiceConnection.connect:34 smartisanos.app.tracker.Agent.connectService:65 smartisanos.app.tracker.Agent.flush:388 
03-28 10:55:07.050 21172 21449 I chatty  : uid=1000(system) Binder:21172_3 expire 1 line
03-28 10:55:07.065 21172 26284 I chatty  : uid=1000(system) Binder:21172_12 expire 1 line
03-28 10:55:39.812 21172 21616 I chatty  : uid=1000(system) Binder:21172_7 expire 2 lines
03-28 10:55:40.361 21172 28085 I chatty  : uid=1000(system) Binder:21172_17 expire 1 line
03-28 10:55:41.285 21172 21230 I chatty  : uid=1000(system) android.io expire 2 lines
03-28 10:55:41.308 21172 21211 I chatty  : uid=1000(system) android.bg expire 1 line
03-28 10:55:42.292 21172 32470 I chatty  : uid=1000(system) Binder:21172_1E expire 1 line
03-28 10:55:42.293 21172 21616 I chatty  : uid=1000(system) Binder:21172_7 expire 1 line
03-28 10:55:50.442 21172 21444 I chatty  : uid=1000(system) InputReader expire 2 lines
03-28 10:55:50.495 21172 21443 I chatty  : uid=1000(system) InputDispatcher expire 4 lines
03-28 10:55:55.457 21172 21212 I chatty  : uid=1000(system) ActivityManager expire 2 lines
03-28 10:56:00.677 21172 21438 I chatty  : uid=1000(system) AlarmManager expire 1 line
03-28 10:56:48.402 21172 32468 I chatty  : uid=1000(system) Binder:21172_1D expire 1 line
03-28 10:56:50.514 21172 21236 I chatty  : uid=1000(system) PowerManagerSer expire 3 lines
03-28 10:56:50.625 21172 21172 I chatty  : uid=1000 system_server expire 7 lines
03-28 10:56:50.680 21172 21212 I chatty  : uid=1000(system) ActivityManager expire 1 line
03-28 10:56:50.707 21172 21615 I chatty  : uid=1000(system) Binder:21172_6 expire 1 line
03-28 10:56:50.843 21172 21231 I chatty  : uid=1000(system) android.display expire 1 line
03-28 10:56:50.847 21172 21455 I chatty  : uid=1000(system) NetworkPolicy expire 5 lines
03-28 10:56:52.119 21172 21254 I chatty  : uid=1000(system) PackageManager expire 3 lines
03-28 10:57:10.020 21172 21212 I chatty  : uid=1000(system) ActivityManager expire 5 lines
03-28 10:57:43.517 21746 21746 D MccTable: updateMccMncConfiguration mccmnc='null' fromServiceState=true
03-28 10:57:43.517 21746 21746 D MccTable: WIFI_COUNTRY_CODE set to 
03-28 10:57:43.517 21172 28081 I chatty  : uid=1000(system) Binder:21172_16 expire 2 lines
03-28 10:57:43.549  9691  9691 W ContextImpl: Calling a method in the system process without a qualified user: android.app.ContextImpl.startService:1373 android.content.ContextWrapper.startService:616 android.content.ContextWrapper.startService:616 com.android.settings.settingitemsprovider.SettingItemsReceiver.onReceive:-1 android.app.ActivityThread.handleReceiver:3236 
03-28 10:57:43.601 21172 32470 I chatty  : uid=1000(system) Binder:21172_1E expire 2 lines
03-28 10:57:43.630 21172 32471 I chatty  : uid=1000(system) Binder:21172_1F expire 5 lines
03-28 10:57:45.172 21746 21746 D MccTable: updateMccMncConfiguration mccmnc='310260' fromServiceState=true
03-28 10:57:45.177 21746 21746 D MccTable: updateMccMncConfiguration defaultMccMnc=310260
03-28 10:57:45.177 21746 21746 D MccTable: updateMccMncConfiguration: mcc=310, mnc=260
03-28 10:57:45.177 21746 21746 D MccTable: WIFI_COUNTRY_CODE set to us
03-28 10:57:45.227  9691  9691 W ContextImpl: Calling a method in the system process without a qualified user: android.app.ContextImpl.startService:1373 android.content.ContextWrapper.startService:616 android.content.ContextWrapper.startService:616 com.android.settings.settingitemsprovider.SettingItemsReceiver.onReceive:-1 android.app.ActivityThread.handleReceiver:3236 
03-28 10:57:45.288 21172 25231 I chatty  : uid=1000(system) Binder:21172_F expire 5 lines
03-28 10:57:45.329 21172 22165 I chatty  : uid=1000(system) Binder:21172_9 expire 2 lines
03-28 10:57:53.487 21172 21172 I chatty  : uid=1000 system_server expire 20 lines
03-28 10:57:53.496 21172 21236 I chatty  : uid=1000(system) PowerManagerSer expire 12 lines
03-28 10:57:53.500 21172 21231 I chatty  : uid=1000(system) android.display expire 5 lines
03-28 10:57:53.586 21172 22381 I chatty  : uid=1000(system) Binder:21172_A expire 1 line
03-28 10:57:56.525 21482 21503 W ContextImpl: Calling a method in the system process without a qualified user: android.app.ContextImpl.bindService:1437 android.content.ContextWrapper.bindService:639 smartisanos.app.tracker.TrackerServiceConnection.connect:34 smartisanos.app.tracker.Agent.connectService:65 smartisanos.app.tracker.Agent.flush:388 
03-28 10:57:59.693 21172 21214 I chatty  : uid=1000(system) android.ui expire 2 lines
03-28 10:57:59.720 21172 21616 I chatty  : uid=1000(system) Binder:21172_7 expire 5 lines
03-28 10:58:01.342 21172 21444 I chatty  : uid=1000(system) InputReader expire 4 lines
03-28 10:58:01.379 21172 21615 I chatty  : uid=1000(system) Binder:21172_6 expire 1 line
03-28 10:58:01.808 21172 28078 I chatty  : uid=1000(system) Binder:21172_15 expire 1 line
03-28 10:58:03.581 21172 26284 I chatty  : uid=1000(system) Binder:21172_12 expire 1 line
03-28 10:58:03.601 21172 28085 I chatty  : uid=1000(system) Binder:21172_17 expire 2 lines
03-28 11:00:35.131  9691  9691 W ContextImpl: Calling a method in the system process without a qualified user: android.app.ContextImpl.startService:1373 android.content.ContextWrapper.startService:616 android.content.ContextWrapper.startService:616 com.android.settings.settingitemsprovider.SettingItemsReceiver.onReceive:-1 android.app.ActivityThread.handleReceiver:3236 
03-28 11:00:35.169 21172 26286 I chatty  : uid=1000(system) Binder:21172_14 expire 2 lines
03-28 11:00:35.199 21172 21468 I chatty  : uid=1000(system) onProviders.ECP expire 8 lines
03-28 11:00:35.246 21172 26283 I chatty  : uid=1000(system) Binder:21172_11 expire 1 line
03-28 11:00:35.292 21172 32472 I chatty  : uid=1000(system) Binder:21172_20 expire 1 line
03-28 11:00:35.311 21172 21449 I chatty  : uid=1000(system) Binder:21172_3 expire 1 line
03-28 11:00:35.357 21172 21197 I chatty  : uid=1000(system) Binder:21172_1 expire 1 line
03-28 11:00:35.527 21172 32463 I chatty  : uid=1000(system) Binder:21172_19 expire 1 line
03-28 11:00:35.803 21172 21769 I chatty  : uid=1000(system) Binder:21172_8 expire 3 lines
03-28 11:00:35.979  9691  9691 W ContextImpl: Calling a method in the system process without a qualified user: android.app.ContextImpl.startService:1373 android.content.ContextWrapper.startService:616 android.content.ContextWrapper.startService:616 com.android.settings.settingitemsprovider.SettingItemsReceiver.onReceive:-1 android.app.ActivityThread.handleReceiver:3236 
03-28 11:00:36.050 21172 24073 I chatty  : uid=1000(system) Binder:21172_E expire 3 lines
03-28 11:00:36.052 21172 21172 I chatty  : uid=1000 system_server expire 13 lines
03-28 11:00:38.503 21172 22395 I chatty  : uid=1000(system) Binder:21172_B expire 2 lines
03-28 11:00:40.487 21172 28087 I chatty  : uid=1000(system) Binder:21172_18 expire 1 line
03-28 11:00:41.419 21482 21503 W ContextImpl: Calling a method in the system process without a qualified user: android.app.ContextImpl.bindService:1437 android.content.ContextWrapper.bindService:639 smartisanos.app.tracker.TrackerServiceConnection.connect:34 smartisanos.app.tracker.Agent.connectService:65 smartisanos.app.tracker.Agent.flush:388 
03-28 11:00:48.827 21172 22133 I chatty  : uid=1000(system) UsbDebuggingMan expire 1 line
03-28 11:00:48.833 21172 21229 I chatty  : uid=1000(system) android.fg expire 1 line
03-28 11:00:59.859 21172 32465 I chatty  : uid=1000(system) Binder:21172_1B expire 1 line
03-28 11:01:03.872 21172 21443 I chatty  : uid=1000(system) InputDispatcher expire 4 lines
03-28 11:01:34.738  9691 26444 W ContextImpl: Calling a method in the system process without a qualified user: android.app.ContextImpl.bindService:1437 android.content.ContextWrapper.bindService:639 smartisanos.app.tracker.TrackerServiceConnection.connect:34 smartisanos.app.tracker.Agent.connectService:65 smartisanos.app.tracker.Agent.flush:388 
03-28 11:01:34.811  9691 26444 W ContextImpl: Calling a method in the system process without a qualified user: android.app.ContextImpl.bindService:1437 android.content.ContextWrapper.bindService:639 smartisanos.app.tracker.TrackerServiceConnection.connect:34 smartisanos.app.tracker.Agent.connectService:65 smartisanos.app.tracker.Agent.flush:388 
03-28 11:02:07.248 21172 21172 I chatty  : uid=1000 system_server expire 9 lines
03-28 11:03:05.067 21172 32464 I chatty  : uid=1000(system) Binder:21172_1A expire 2 lines
03-28 11:03:05.136 21172 21172 W FingerprintService: client com.smartisanos.keyguard is no longer authenticating
03-28 11:03:05.136 21172 21172 V FingerprintService: Done with client: com.smartisanos.keyguard
03-28 11:03:05.137 21172 21172 V FingerprintService: handleError(client=com.smartisanos.keyguard, error = 5)
03-28 11:03:05.155 21172 21172 I ActivityManager: dispatchActivityResumed for activity com.zhengxunw.colorfuldays/com.zhengxunw.colorfuldays.MainActivity uid 10242
03-28 11:03:05.166 21172 32466 W InputMethodManagerService: Window already focused, ignoring focus gain of: com.android.internal.view.IInputMethodClient$Stub$Proxy@875ac08 attribute=android.view.inputmethod.EditorInfo@ab4dfa1, token = android.os.BinderProxy@fff7c99
03-28 11:03:05.174 21172 21455 D NetworkPolicy: updateScreenOn: screenOn=true
03-28 11:03:05.363 21172 21172 V FingerprintService: ###setBackKeyMode###
03-28 11:03:05.363 21172 21172 V FingerprintService: ###open nav begin###
03-28 11:03:05.363 21172 21172 V FingerprintService: ###open nav end###
03-28 11:03:08.087 21482 21503 W ContextImpl: Calling a method in the system process without a qualified user: android.app.ContextImpl.bindService:1437 android.content.ContextWrapper.bindService:639 smartisanos.app.tracker.TrackerServiceConnection.connect:34 smartisanos.app.tracker.Agent.connectService:65 smartisanos.app.tracker.Agent.flush:388 
03-28 11:03:17.413 21172 21444 D WindowManager: mSqueezeSideAction=side_bar mSqueezeSideUpAction=torch mPowerKeyTriggered=false mHomeKeyTriggered=true mMenuKeyTriggered=false mBackKeyTriggered=false mVolumeUpKeyTriggered=false mVolumeDownKeyTriggered=false mBrightnessUpKeyTriggered=false mBrightnessDownKeyTriggered=false mSmartKeyTriggered=false
03-28 11:03:17.413 21172 21444 D WindowManager: null is detected
03-28 11:03:17.468 21172 21443 D WindowManager: Before dispatch: keyCode=3 keyTime=372173628 Down=true alreadyUp=true consumed=false now=372173584 timeout=372174028 win=Window{f14db5e u0 com.zhengxunw.colorfuldays/com.zhengxunw.colorfuldays.MainActivity}
03-28 11:03:17.468 21172 21443 D WindowManager: Before dispatch: keyCode=3 keyTime=372173628 Down=false alreadyUp=true consumed=false now=372173584 timeout=372174028 win=Window{f14db5e u0 com.zhengxunw.colorfuldays/com.zhengxunw.colorfuldays.MainActivity}
03-28 11:03:17.494 21172 21443 I ActivityManager: START u0 {act=android.intent.action.MAIN cat=[android.intent.category.HOME] flg=0x10200000 cmp=com.smartisanos.launcher/.Launcher (has extras)} from uid 1000 on display 0
03-28 11:03:17.527 21172 21443 I ActivityManager: dispatchActivityResumed for activity com.smartisanos.launcher/com.smartisanos.launcher.Launcher uid 10027
03-28 11:03:43.527 21172 22381 W ActivityManager: Permission Denial: getIntentForIntentSender() from pid=7062, uid=10140 requires android.permission.GET_INTENT_SENDER_INTENT
03-28 11:05:10.667 21172 21212 W BroadcastQueue: Permission Denial: broadcasting Intent { act=com.smartisanos.launcher.new_message flg=0x10 (has extras) } from com.sina.weibo (pid=6935, uid=10140) requires com.smartisanos.permission.CALL_SETTINGS due to receiver com.android.settings/.SmartisanEventReceiver
03-28 11:05:15.459 21172 21236 I PowerManagerService: Going to sleep due to screen timeout (uid 1000)...
03-28 11:05:15.462 21172 21236 W DreamManagerService: Dream ComponentInfo{com.android.systemui/com.android.systemui.doze.DozeService} does not exist
03-28 11:05:15.462 21172 21236 I PowerManagerService: Sleeping (uid 1000)...
03-28 11:05:15.548 21172 21172 V FingerprintService: startAuthentication(com.smartisanos.keyguard)
03-28 11:05:15.548 21172 21172 V FingerprintService: ###close nav begin###
03-28 11:05:15.549 21172 21172 V FingerprintService: ###close nav end###
03-28 11:05:15.549 21172 21172 V FingerprintService: ###exit to sleep begin###
03-28 11:05:15.549 21172 21172 V FingerprintService: ###exit to sleep end###
03-28 11:05:15.549 21172 21172 V FingerprintService: starting client AuthenticationClient(com.smartisanos.keyguard), initiatedByClient = true)
03-28 11:05:15.559 21172 21172 W FingerprintService: client com.smartisanos.keyguard is authenticating...
03-28 11:05:15.791 21172 21231 I DisplayManagerService: Display device changed state: "Built-in Screen", OFF
03-28 11:05:15.807 21172 21455 D NetworkPolicy: updateScreenOn: screenOn=false
03-28 11:05:17.013 21172 21254 W ContextImpl: Calling a method in the system process without a qualified user: android.app.ContextImpl.sendBroadcast:893 com.android.server.pm.PackageManagerService$42.run:22988 android.os.Handler.handleCallback:751 android.os.Handler.dispatchMessage:95 android.os.Looper.loop:159 
03-28 11:05:46.771  9691  9691 W ContextImpl: Calling a method in the system process without a qualified user: android.app.ContextImpl.startService:1373 android.content.ContextWrapper.startService:616 android.content.ContextWrapper.startService:616 com.android.settings.settingitemsprovider.SettingItemsReceiver.onReceive:-1 android.app.ActivityThread.handleReceiver:3236 
03-28 11:05:48.005  9691  9691 W ContextImpl: Calling a method in the system process without a qualified user: android.app.ContextImpl.startService:1373 android.content.ContextWrapper.startService:616 android.content.ContextWrapper.startService:616 com.android.settings.settingitemsprovider.SettingItemsReceiver.onReceive:-1 android.app.ActivityThread.handleReceiver:3236 
03-28 11:06:18.783 21172 21211 E SyncManager: Bind attempt failed - target: ComponentInfo{com.google.android.apps.inbox/com.google.android.apps.bigtop.service.BigTopSyncService}
03-28 11:07:53.893 21172 32471 W ActivityManager: Permission Denial: getIntentForIntentSender() from pid=7062, uid=10140 requires android.permission.GET_INTENT_SENDER_INTENT
03-28 11:08:20.826 21172 21234 W ProcessCpuTracker: Skipping unknown process pid 27132
--------- beginning of main
03-28 11:08:48.966 21746 21758 I art     : Background partial concurrent mark sweep GC freed 156444(9MB) AllocSpace objects, 396(6MB) LOS objects, 35% free, 29MB/45MB, paused 1.696ms total 111.799ms
03-28 11:09:00.038 21578 21578 D SystemUI: format = H:mm
03-28 11:09:05.252 21172 21460 I chatty  : uid=1000(system) WifiScanningSer expire 12 lines
03-28 11:09:09.660  6935  7042 D cr_CronetHttpURLConnection: [CronetHttpURLConnection.java:419] setConnectTimeout is not supported by CronetHttpURLConnection
03-28 11:09:10.551  6935  6935 D guowei7 : likeNum = 0, msgBoxNum = 0, noticeNum = 0
03-28 11:09:10.561  6935  6935 D guowei7 : messageUnread = 0
03-28 11:09:10.561  6935  6935 D guowei7 : unread = 0, tabChatUnread = 0
03-28 11:09:10.575 21172 21212 W BroadcastQueue: Permission Denial: broadcasting Intent { act=com.smartisanos.launcher.new_message flg=0x10 (has extras) } from com.sina.weibo (pid=6935, uid=10140) requires com.smartisanos.permission.CALL_SETTINGS due to receiver com.android.settings/.SmartisanEventReceiver
03-28 11:09:29.454 21172 26283 I chatty  : uid=1000(system) Binder:21172_11 expire 2 lines
03-28 11:09:34.735 17598 17598 D RongLog-Push[PushReceiver]: onReceive intent = Intent { act=io.rong.push.intent.action.HEART_BEAT flg=0x14 cmp=com.luojilab.player/io.rong.push.PushReceiver (has extras) }
03-28 11:09:34.739 17598 17598 D RongLog-Push[PushService]: onStartCommand, intent Intent { act=io.rong.push.intent.action.HEART_BEAT cmp=com.luojilab.player/io.rong.push.PushService (has extras) }
03-28 11:09:34.740 17598 17626 D RongLog-Push[PushConnectivityManager]: ConnectedState: process msg = 5
03-28 11:09:34.742 17598 17626 D RongLog-Push[PushConnectivityManager]: enter PingState
03-28 11:09:34.743 17598 17626 I RongLog-Push[PushConnectivityManager]: startPingTimer, 10s
03-28 11:09:35.197 17598 21550 I RongLog-Push[PushProtocalStack]: receive message type:PINGRESP
03-28 11:09:35.197 17598 21550 D RongLog-Push[PushClient]: handleMessage, msg type = PINGRESP
03-28 11:09:35.197 17598 21550 D RongLog-Push[PushConnectivityManager]: onPingSuccess
03-28 11:09:35.197 17598 17626 D RongLog-Push[PushConnectivityManager]: PingState: process msg = 7
03-28 11:09:35.198 17598 17626 I RongLog-Push[PushConnectivityManager]: stopPingTimer
03-28 11:09:35.208 17598 17626 I RongLog-Push[PushConnectivityManager]: startHeartbeat
03-28 11:09:35.219 17598 17626 D RongLog-Push[PushConnectivityManager]: enter ConnectedState
03-28 11:09:58.875 22664 21733 E WakeLock: release without a matched acquire!
03-28 11:10:03.649 21517 22106 I chatty  : uid=1002(bluetooth) HeadsetStateMac expire 14 lines
03-28 11:10:07.398 21517 21517 I chatty  : uid=1002(bluetooth) com.android.bluetooth expire 12 lines
03-28 11:10:34.433 21841 21841 I chatty  : uid=1002(bluetooth) /system/bin/wcnss_filter expire 10 lines
03-28 11:10:39.713 22024 22075 I chatty  : uid=10061(com.smartisanos.smartfolder.aoa) THREAD expire 1631 lines
03-28 11:10:50.549 21172 21212 I ProcessStatsService: Prepared write state in 13ms
03-28 11:10:54.385 20352 26343 I JobRunner: GTInf end job runner name:JobRunner-0 id:4658
03-28 11:11:09.648  6935  7042 D cr_CronetHttpURLConnection: [CronetHttpURLConnection.java:419] setConnectTimeout is not supported by CronetHttpURLConnection
03-28 11:11:48.975 21578 21578 D SystemUI: format = H:mm
03-28 11:11:49.052 22664 21733 E WakeLock: release without a matched acquire!
03-28 11:12:04.465 21172 26281 W ActivityManager: Permission Denial: getIntentForIntentSender() from pid=7062, uid=10140 requires android.permission.GET_INTENT_SENDER_INTENT
03-28 11:12:04.608 21172 21211 I UsageStatsService: User[0] Flushing usage stats to disk
03-28 11:12:20.663 21578 21578 D SystemUI: format = H:mm
03-28 11:12:49.042  6935  7094 D cr_CronetHttpURLConnection: [CronetHttpURLConnection.java:419] setConnectTimeout is not supported by CronetHttpURLConnection
03-28 11:13:09.651  6935  7042 D cr_CronetHttpURLConnection: [CronetHttpURLConnection.java:419] setConnectTimeout is not supported by CronetHttpURLConnection
03-28 11:13:10.141  6935  6935 D guowei7 : likeNum = 0, msgBoxNum = 0, noticeNum = 0
03-28 11:13:10.151  6935  6935 D guowei7 : messageUnread = 0
03-28 11:13:10.151  6935  6935 D guowei7 : unread = 0, tabChatUnread = 0
03-28 11:13:10.164 21172 21212 W BroadcastQueue: Permission Denial: broadcasting Intent { act=com.smartisanos.launcher.new_message flg=0x10 (has extras) } from com.sina.weibo (pid=6935, uid=10140) requires com.smartisanos.permission.CALL_SETTINGS due to receiver com.android.settings/.SmartisanEventReceiver
03-28 11:13:20.771 17652 17652 V xiaomi  : [Thread:1] Service called on timer
03-28 11:13:20.775 17652 17684 V xiaomi  : [Thread:4266] [Slim] SND ping id=0
03-28 11:13:20.783 21578 21578 D SystemUI: format = H:mm
03-28 11:13:20.984 17652 20614 V xiaomi  : [Thread:4279] [Slim] RCV ping id=0
03-28 11:13:30.777 17652 17684 V xiaomi  : [Thread:4266] JOB: check the ping-pong.1522260800774
03-28 11:13:32.593 21841 22042 I chatty  : uid=1002(bluetooth) /system/bin/wcnss_filter expire 10 lines
03-28 11:13:35.235 17598 17598 D RongLog-Push[PushReceiver]: onReceive intent = Intent { act=io.rong.push.intent.action.HEART_BEAT flg=0x14 cmp=com.luojilab.player/io.rong.push.PushReceiver (has extras) }
03-28 11:13:35.239 17598 17598 D RongLog-Push[PushService]: onStartCommand, intent Intent { act=io.rong.push.intent.action.HEART_BEAT cmp=com.luojilab.player/io.rong.push.PushService (has extras) }
03-28 11:13:35.241 17598 17626 D RongLog-Push[PushConnectivityManager]: ConnectedState: process msg = 5
03-28 11:13:35.242 17598 17626 D RongLog-Push[PushConnectivityManager]: enter PingState
03-28 11:13:35.242 17598 17626 I RongLog-Push[PushConnectivityManager]: startPingTimer, 10s
03-28 11:13:35.694 17598 21550 I RongLog-Push[PushProtocalStack]: receive message type:PINGRESP
03-28 11:13:35.695 17598 21550 D RongLog-Push[PushClient]: handleMessage, msg type = PINGRESP
03-28 11:13:35.695 17598 21550 D RongLog-Push[PushConnectivityManager]: onPingSuccess
03-28 11:13:35.695 17598 17626 D RongLog-Push[PushConnectivityManager]: PingState: process msg = 7
03-28 11:13:35.695 17598 17626 I RongLog-Push[PushConnectivityManager]: stopPingTimer
03-28 11:13:35.702 17598 17626 I RongLog-Push[PushConnectivityManager]: startHeartbeat
03-28 11:13:35.708 17598 17626 D RongLog-Push[PushConnectivityManager]: enter ConnectedState
03-28 11:13:39.130 22664 21733 E WakeLock: release without a matched acquire!
03-28 11:15:09.650  6935  7042 D cr_CronetHttpURLConnection: [CronetHttpURLConnection.java:419] setConnectTimeout is not supported by CronetHttpURLConnection
03-28 11:15:29.242 21578 21578 D SystemUI: format = H:mm
03-28 11:15:29.267 22664 21733 E WakeLock: release without a matched acquire!
03-28 11:15:40.806 22024 22075 I chatty  : uid=10061(com.smartisanos.smartfolder.aoa) THREAD expire 1600 lines
03-28 11:15:54.137 21517 21517 I chatty  : uid=1002(bluetooth) com.android.bluetooth expire 12 lines
03-28 11:16:04.501 20352 20352 I SyncService: GTInf --------------SyncService is created------------------
03-28 11:16:04.509 20352 27780 I SyncService: GTInf #### handle start command, start id:1 action:com.smartisanos.cloudgallery.alarm_expire
03-28 11:16:04.515 21578 21578 D SystemUI: format = H:mm
03-28 11:16:04.523 20352 27780 I SyncService: GTInf power status allow execute charge:true current:100 total:100 above:true
03-28 11:16:04.525 20352 27780 I SyncService: GTInf net status allow execute only wifi:true wifi:true network:true
03-28 11:16:04.526 20352 27780 I SyncService: GTInf condition account:true switch:true net:true power:true uid:1037775
03-28 11:16:04.651 20352 27780 I DealDuplicateMD5Job: GTInf deal msg:{"items":[{"md5":"7F7FAC7C36986FE843747CB545F0FA34","bid":-924335728},{"md5":"DB2F73A249C68A22B865DB9C65C8439D","bid":-924335728}]}
03-28 11:16:15.048 21172 32465 W ActivityManager: Permission Denial: getIntentForIntentSender() from pid=7062, uid=10140 requires android.permission.GET_INTENT_SENDER_INTENT
03-28 11:16:15.895 20352 27780 I LUpdatePendingCountJob: GTInf update pending count mo:0 mt:0 pending size mo:0 mt:0
03-28 11:16:15.925 20352 27794 I JobRunner: GTInf start job runner name:JobRunner-0 id:4661
03-28 11:16:15.926 20352 27794 I HttpApi : GTInf HTTP -----> get cloud status
03-28 11:16:17.290 20352 27780 I SyncService: GTInf #### handle current job C2LGetCloudStatusJob done result JobStatus{status=SUCCESS, object=null}
03-28 11:16:17.291 20352 27780 I SyncService: GTInf #### handle current job C2LDownloadBucketJob done result JobStatus{status=SUCCESS, object=null}
03-28 11:16:17.297 20352 27780 I SyncService: GTInf #### handle current job L2CUploadBucketJob done result JobStatus{status=SUCCESS, object=false}
03-28 11:16:17.298 20352 27780 I SyncService: GTInf #### handle current job C2LGetImageListJob done result JobStatus{status=SUCCESS, object=null}
03-28 11:16:17.314 20352 27780 I SyncService: GTInf #### handle current job C2LHandleMTFileListJob done result JobStatus{status=SUCCESS, object=false}
03-28 11:16:17.328 20352 27780 I SyncService: GTInf #### handle current job L2CHandleMOFileListJob done result JobStatus{status=SUCCESS, object=false}
03-28 11:16:17.329 20352 27780 I SyncService: GTInf -------------no available job, all jobs are finished-------------
03-28 11:16:17.351 20352 20352 I SyncService: GTInf --------------SyncService is destroyed------------------
03-28 11:16:47.396 21172 21438 I AlarmManager: remove abnormal data, deltaMax=197976
03-28 11:17:09.649  6935  7042 D cr_CronetHttpURLConnection: [CronetHttpURLConnection.java:419] setConnectTimeout is not supported by CronetHttpURLConnection
03-28 11:17:10.567  6935  6935 D guowei7 : likeNum = 0, msgBoxNum = 0, noticeNum = 0
03-28 11:17:10.576  6935  6935 D guowei7 : messageUnread = 0
03-28 11:17:10.577  6935  6935 D guowei7 : unread = 0, tabChatUnread = 0
03-28 11:17:10.590 21172 21212 W BroadcastQueue: Permission Denial: broadcasting Intent { act=com.smartisanos.launcher.new_message flg=0x10 (has extras) } from com.sina.weibo (pid=6935, uid=10140) requires com.smartisanos.permission.CALL_SETTINGS due to receiver com.android.settings/.SmartisanEventReceiver
03-28 11:17:10.730 21578 21578 D SystemUI: format = H:mm
03-28 11:17:19.328 22664 21733 E WakeLock: release without a matched acquire!
03-28 11:17:35.726 17598 17598 D RongLog-Push[PushReceiver]: onReceive intent = Intent { act=io.rong.push.intent.action.HEART_BEAT flg=0x14 cmp=com.luojilab.player/io.rong.push.PushReceiver (has extras) }
03-28 11:17:35.730 17598 17598 D RongLog-Push[PushService]: onStartCommand, intent Intent { act=io.rong.push.intent.action.HEART_BEAT cmp=com.luojilab.player/io.rong.push.PushService (has extras) }
03-28 11:17:35.731 17598 17626 D RongLog-Push[PushConnectivityManager]: ConnectedState: process msg = 5
03-28 11:17:35.734 17598 17626 D RongLog-Push[PushConnectivityManager]: enter PingState
03-28 11:17:35.734 17598 17626 I RongLog-Push[PushConnectivityManager]: startPingTimer, 10s
03-28 11:17:36.177 17598 21550 I RongLog-Push[PushProtocalStack]: receive message type:PINGRESP
03-28 11:17:36.177 17598 21550 D RongLog-Push[PushClient]: handleMessage, msg type = PINGRESP
03-28 11:17:36.178 17598 21550 D RongLog-Push[PushConnectivityManager]: onPingSuccess
03-28 11:17:36.178 17598 17626 D RongLog-Push[PushConnectivityManager]: PingState: process msg = 7
03-28 11:17:36.178 17598 17626 I RongLog-Push[PushConnectivityManager]: stopPingTimer
03-28 11:17:36.185 17598 17626 I RongLog-Push[PushConnectivityManager]: startHeartbeat
03-28 11:17:36.192 17598 17626 D RongLog-Push[PushConnectivityManager]: enter ConnectedState
03-28 11:17:49.021  6935  7094 D cr_CronetHttpURLConnection: [CronetHttpURLConnection.java:419] setConnectTimeout is not supported by CronetHttpURLConnection
03-28 11:18:14.841 21517 21517 I chatty  : uid=1002(bluetooth) com.android.bluetooth expire 10 lines
03-28 11:18:20.780 17652 17652 V xiaomi  : [Thread:1] Service called on timer
03-28 11:18:20.785 17652 17684 V xiaomi  : [Thread:4266] [Slim] SND ping id=0
03-28 11:18:20.799 21578 21578 D SystemUI: format = H:mm
03-28 11:18:20.993 17652 20614 V xiaomi  : [Thread:4279] [Slim] RCV ping id=0
03-28 11:18:30.787 17652 17684 V xiaomi  : [Thread:4266] JOB: check the ping-pong.1522261100783
03-28 11:19:00.054 21578 21578 D SystemUI: format = H:mm
03-28 11:19:09.396 22664 21733 E WakeLock: release without a matched acquire!
03-28 11:19:09.638  6935  7042 D cr_CronetHttpURLConnection: [CronetHttpURLConnection.java:419] setConnectTimeout is not supported by CronetHttpURLConnection
03-28 11:19:09.779 28154 28154 I System.out: [94:b4:0f:01:cc:60, 94:b4:0f:01:cc:70, 94:b4:0f:01:cc:90, 94:b4:0f:01:cd:c0, 94:b4:0f:01:cd:d0, 94:b4:0f:01:cd:d1, 94:b4:0f:01:cd:f0, 94:b4:0f:01:cd:f1, 94:b4:0f:01:ce:d0, 94:b4:0f:01:d2:40, 94:b4:0f:01:d2:50, 94:b4:0f:01:d5:f0, 94:b4:0f:01:d5:f1, 94:b4:0f:01:d8:90, 94:b4:0f:01:d8:91, 94:b4:0f:01:da:10, 94:b4:0f:01:da:11, 94:b4:0f:01:da:70, 94:b4:0f:01:da:71, 94:b4:0f:01:db:f0, 94:b4:0f:01:db:f1, 94:b4:0f:01:de:00, 94:b4:0f:01:de:10, 94:b4:0f:01:de:11, 94:b4:0f:01:df:31, 94:b4:0f:01:df:90]
03-28 11:19:17.492 28154 28417 W art     : Found duplicate classes, falling back to interpreter mode for /data/app/com.kuaikan.comic-1/base.apk
03-28 11:19:17.492 28154 28417 W art     : Found duplicated class when checking oat files: 'LMTT/ThirdAppInfoNew;' in /data/app/com.kuaikan.comic-1/base.apk and /data/app/com.kuaikan.comic-1/base.apk
03-28 11:19:19.099 28154 28417 W MAA     : [default-agent]: getAddress
03-28 11:20:15.108 21578 21578 D SystemUI: format = H:mm
03-28 11:20:25.520 21172 22381 W ActivityManager: Permission Denial: getIntentForIntentSender() from pid=7062, uid=10140 requires android.permission.GET_INTENT_SENDER_INTENT
03-28 11:20:41.907 22024 22075 I chatty  : uid=10061(com.smartisanos.smartfolder.aoa) THREAD expire 1959 lines
03-28 11:20:59.510 21172 21438 I AlarmManager: remove abnormal data, deltaMax=596041
03-28 11:20:59.533 22664 21733 E WakeLock: release without a matched acquire!
03-28 11:21:00.771 21172 23109 W ActivityManager: Unable to start service Intent { act=com.sohu.push.action.PUSH_SERVICE pkg=com.sohu.newsclient (has extras) } U=0: not found
03-28 11:21:09.627  6935  7042 D cr_CronetHttpURLConnection: [CronetHttpURLConnection.java:419] setConnectTimeout is not supported by CronetHttpURLConnection
03-28 11:21:12.847 21517 21517 I chatty  : uid=1002(bluetooth) com.android.bluetooth expire 10 lines
03-28 11:21:36.242 17598 17598 D RongLog-Push[PushReceiver]: onReceive intent = Intent { act=io.rong.push.intent.action.HEART_BEAT flg=0x14 cmp=com.luojilab.player/io.rong.push.PushReceiver (has extras) }
03-28 11:21:36.246 17598 17598 D RongLog-Push[PushService]: onStartCommand, intent Intent { act=io.rong.push.intent.action.HEART_BEAT cmp=com.luojilab.player/io.rong.push.PushService (has extras) }
03-28 11:21:36.247 17598 17626 D RongLog-Push[PushConnectivityManager]: ConnectedState: process msg = 5
03-28 11:21:36.248 17598 17626 D RongLog-Push[PushConnectivityManager]: enter PingState
03-28 11:21:36.248 17598 17626 I RongLog-Push[PushConnectivityManager]: startPingTimer, 10s
03-28 11:21:36.277 21578 21578 D SystemUI: format = H:mm
03-28 11:21:36.694 17598 21550 I RongLog-Push[PushProtocalStack]: receive message type:PINGRESP
03-28 11:21:36.695 17598 21550 D RongLog-Push[PushClient]: handleMessage, msg type = PINGRESP
03-28 11:21:36.695 17598 21550 D RongLog-Push[PushConnectivityManager]: onPingSuccess
03-28 11:21:36.695 17598 17626 D RongLog-Push[PushConnectivityManager]: PingState: process msg = 7
03-28 11:21:36.696 17598 17626 I RongLog-Push[PushConnectivityManager]: stopPingTimer
03-28 11:21:36.702 17598 17626 I RongLog-Push[PushConnectivityManager]: startHeartbeat
03-28 11:21:36.708 17598 17626 D RongLog-Push[PushConnectivityManager]: enter ConnectedState
03-28 11:22:00.053 21578 21578 D SystemUI: format = H:mm
03-28 11:22:08.720 28154 28456 W MAA     : [default-agent]: getAddress
03-28 11:22:15.137 21172 21229 I UsbPortManager: USB port changed: port=UsbPort{id=otg_default, supportedModes=dual}, status=UsbPortStatus{connected=false, currentMode=none, currentPowerRole=no-power, currentDataRole=no-data, supportedRoleCombinations=[no-power:no-data]}, canChangeMode=true, canChangePowerRole=false, canChangeDataRole=false
03-28 11:22:15.139 21172 21172 I UsbDeviceManager: updateHostState UsbPort{id=otg_default, supportedModes=dual} status=UsbPortStatus{connected=false, currentMode=none, currentPowerRole=no-power, currentDataRole=no-data, supportedRoleCombinations=[no-power:no-data]}
03-28 11:22:15.141 21172 21229 D UsbDeviceManager: handleMessage mHostConnected=false,mSourcePower=false,mConnectedtrue
03-28 11:22:15.141 21172 21229 D UsbDeviceManager: skip broadcasting Intent { act=android.hardware.usb.action.USB_STATE flg=0x30000000 (has extras) } extras: Bundle[{accessory=true, host_connected=false, connected=true, unlocked=true, adb=true, configured=true}]
03-28 11:22:15.148 21172 21441 V UsbDeviceManager: USB UEVENT: {USB_STATE=DISCONNECTED, SUBSYSTEM=android_usb, SEQNUM=595035, ACTION=change, DEVPATH=/devices/virtual/android_usb/android0}
03-28 11:22:15.156 21587 21606 I art     : Debugger is no longer active
03-28 11:22:15.156 21587 21606 I art     : Starting a blocking GC Instrumentation
03-28 11:22:15.243 21172 32472 I chatty  : uid=1000(system) Binder:21172_20 expire 14 lines
03-28 11:22:15.252 21172 21236 I PowerManagerService: Waking up from sleep (uid 1000)...
03-28 11:22:15.260 21517 22106 I chatty  : uid=1002(bluetooth) HeadsetStateMac expire 4 lines
03-28 11:22:15.266 21482 21482 I chatty  : uid=1000(system) com.smartisanos.keyguard expire 88 lines
03-28 11:22:15.274 21172 21236 I DisplayPowerController: Blocking screen on until initial contents have been drawn.
03-28 11:22:15.276 21172 21231 I DisplayManagerService: Display device changed state: "Built-in Screen", ON
03-28 11:22:15.276 21026 21026 D SurfaceFlinger: Set power mode=2, type=0 flinger=0x7f91a48000
03-28 11:22:15.276 21026 21026 I SDM     : HWCDisplay::SetPowerMode: display = 0, mode = 2
03-28 11:22:15.276 21026 21026 I SDM     : DisplayBase::SetDisplayState: Set state = 1, display 0
03-28 11:22:15.278 21841 22078 I chatty  : uid=1002(bluetooth) POSIX timer 0 expire 2 lines
03-28 11:22:15.278 21841 21841 I chatty  : uid=1002(bluetooth) /system/bin/wcnss_filter expire 127 lines
03-28 11:22:15.292 21172 21172 V FingerprintService: ###exit to sleep begin###
03-28 11:22:15.293   786   786 V fingerprintd: modeSwitch: cmd = 101, param1= 0, param2 = 0
03-28 11:22:15.293 21172 21172 V FingerprintService: ###exit to sleep end###
03-28 11:22:15.306 21172 21236 I DisplayPowerController: Unblocked screen on after 32 ms
03-28 11:22:15.313 21172 28078 I ActivityManager: Start proc 28398:com.android.browser/u0a14 for broadcast com.android.browser/org.chromium.base.PowerStatusReceiver
03-28 11:22:15.351 21172 21216 I BatteryStatsImpl: Resetting battery stats: level=100 status=2 dischargeLevel=100 lowAmount=8 highAmount=9
