03-28 03:16:29.574 21482 21503 W ContextImpl: Calling a method in the system process without a qualified user: android.app.ContextImpl.bindService:1437 android.content.ContextWrapper.bindService:639 smartisanos.app.tracker.TrackerServiceConnection.connect:34 smartisanos.app.tracker.Agent.connectService:65 smartisanos.app.tracker.Agent.flush:388 
03-28 03:16:30.330 21482 21503 W ContextImpl: Calling a method in the system process without a qualified user: android.app.ContextImpl.bindService:1437 android.content.ContextWrapper.bindService:639 smartisanos.app.tracker.TrackerServiceConnection.connect:34 smartisanos.app.tracker.Agent.connectService:65 smartisanos.app.tracker.Agent.flush:388 
03-28 03:16:30.756 21482 21503 W ContextImpl: Calling a method in the system process without a qualified user: android.app.ContextImpl.bindService:1437 android.content.ContextWrapper.bindService:639 smartisanos.app.tracker.TrackerServiceConnection.connect:34 smartisanos.app.tracker.Agent.connectService:65 smartisanos.app.tracker.Agent.flush:388 
03-28 03:16:44.227 21172 22165 I chatty  : uid=1000(system) Binder:21172_9 expire 5 lines
03-28 03:16:47.102 21172 32472 I chatty  : uid=1000(system) Binder:21172_20 expire 3 lines
03-28 03:17:00.872 21172 22381 I chatty  : uid=1000(system) Binder:21172_A expire 11 lines
03-28 03:17:10.725 21172 21231 I chatty  : uid=1000(system) android.display expire 19 lines
03-28 03:17:11.233 21172 24073 I chatty  : uid=1000(system) Binder:21172_E expire 11 lines
03-28 03:17:16.257 21172 32463 I chatty  : uid=1000(system) Binder:21172_19 expire 5 lines
03-28 03:17:28.939 21172 21450 I chatty  : uid=1000(system) Binder:21172_4 expire 7 lines
03-28 03:17:29.748 21172 32464 I chatty  : uid=1000(system) Binder:21172_1A expire 8 lines
03-28 03:17:54.740 21172 21197 I chatty  : uid=1000(system) Binder:21172_1 expire 3 lines
03-28 03:17:55.282 21172 28078 I chatty  : uid=1000(system) Binder:21172_15 expire 5 lines
03-28 03:17:55.339 21172 21449 I chatty  : uid=1000(system) Binder:21172_3 expire 2 lines
03-28 03:17:56.150 21172 21616 I chatty  : uid=1000(system) Binder:21172_7 expire 9 lines
03-28 03:18:35.363 21172 21444 I chatty  : uid=1000(system) InputReader expire 3 lines
03-28 03:19:46.809 21172 21211 I chatty  : uid=1000(system) android.bg expire 179 lines
03-28 03:21:50.958 21172 21468 I chatty  : uid=1000(system) onProviders.ECP expire 6 lines
03-28 03:23:07.504 21172 32466 I chatty  : uid=1000(system) Binder:21172_1C expire 6 lines
03-28 03:24:13.746 21172 21438 I chatty  : uid=1000(system) AlarmManager expire 12 lines
03-28 03:26:35.480 21172 21462 I chatty  : uid=1000(system) ConnectivitySer expire 5 lines
03-28 03:27:00.154 21172 21198 I chatty  : uid=1000(system) Binder:21172_2 expire 2 lines
03-28 04:04:58.442 21172 21215 I chatty  : uid=1000(system) ActivityManager expire 1 line
03-28 04:06:29.048 21172 32468 I chatty  : uid=1000(system) Binder:21172_1D expire 4 lines
03-28 04:06:37.593 21172 21212 I chatty  : uid=1000(system) ActivityManager expire 13 lines
03-28 04:07:36.861 21172 28085 I chatty  : uid=1000(system) Binder:21172_17 expire 1 line
03-28 04:09:40.720 21172 32470 I chatty  : uid=1000(system) Binder:21172_1E expire 4 lines
03-28 04:29:36.909 21172 21446 I chatty  : uid=1000(system) MountService expire 3 lines
03-28 04:29:37.012 21172 21447 I chatty  : uid=1000(system) VoldConnector expire 3 lines
03-28 04:29:37.012   612 25999 D vold    : Starting trim of /data
03-28 04:29:37.077 24145 25996 D DownloadManager: Removed 0 stale downloads
03-28 04:29:37.230 24145 25996 D DownloadManager: Found 11 files in database
03-28 04:29:37.230 24145 25996 D DownloadManager: Found 0 files on disk
03-28 04:29:41.267 21172 28087 I chatty  : uid=1000(system) Binder:21172_18 expire 1 line
03-28 04:29:42.134 24145 25996 D DownloadManager: Removed 0 stale downloads
03-28 04:29:42.142 24145 25996 D DownloadManager: Found 11 files in database
03-28 04:29:42.142 24145 25996 D DownloadManager: Found 0 files on disk
03-28 04:29:44.177   612 25999 I vold    : Trimmed 1149435904 bytes on /data in 7163ms
03-28 04:29:44.177   612 25999 D vold    : Starting trim of /klogdump
03-28 04:29:44.183   612 25999 I vold    : Trimmed 0 bytes on /klogdump in 5ms
03-28 04:39:45.791 21172 22416 I chatty  : uid=1000(system) Binder:21172_C expire 4 lines
03-28 04:59:00.700 21172 26286 I chatty  : uid=1000(system) Binder:21172_14 expire 1 line
03-28 05:03:57.319 21172 21211 I chatty  : uid=1000(system) android.bg expire 41 lines
03-28 05:08:39.202 21172 32465 I chatty  : uid=1000(system) Binder:21172_1B expire 1 line
03-28 05:38:40.596 21172 32471 I chatty  : uid=1000(system) Binder:21172_1F expire 2 lines
03-28 05:38:41.492 28154 28237 W PeroptWhiteListParser: initPackageTypeList failed, [/data/system/game_list.json] use default file try again
03-28 05:38:41.888 21172 21211 I chatty  : uid=1000(system) android.bg expire 14 lines
03-28 05:38:46.326 21172 21230 I chatty  : uid=1000(system) android.io expire 2 lines
03-28 05:39:31.762 21172 21212 I chatty  : uid=1000(system) ActivityManager expire 28 lines
03-28 05:42:54.601 21172 21615 I chatty  : uid=1000(system) Binder:21172_6 expire 1 line
03-28 05:47:25.845 21172 21769 I chatty  : uid=1000(system) Binder:21172_8 expire 5 lines
03-28 05:47:27.296 28724 28724 E ActivityThread: Failed to find provider info for com.tencent.mm.coolassist.debugprovider
03-28 05:47:53.607 21172 21211 I chatty  : uid=1000(system) android.bg expire 21 lines
03-28 05:48:01.556 28781 28781 E ActivityThread: Failed to find provider info for com.tencent.mm.coolassist.debugprovider
03-28 06:06:19.983  9691  9691 I chatty  : uid=1000(system) com.android.settings expire 10 lines
03-28 06:07:51.439 21172 21211 I chatty  : uid=1000(system) android.bg expire 15 lines
03-28 06:08:31.748 21172 28085 I chatty  : uid=1000(system) Binder:21172_17 expire 10 lines
03-28 06:09:49.496 21172 32463 I chatty  : uid=1000(system) Binder:21172_19 expire 7 lines
03-28 06:13:50.270 21172 21198 I chatty  : uid=1000(system) Binder:21172_2 expire 6 lines
03-28 06:13:50.272 21172 21616 I chatty  : uid=1000(system) Binder:21172_7 expire 13 lines
03-28 06:13:50.327 21172 32471 I chatty  : uid=1000(system) Binder:21172_1F expire 13 lines
03-28 06:13:50.329 21172 21450 I chatty  : uid=1000(system) Binder:21172_4 expire 10 lines
03-28 06:22:20.759 21172 22165 I chatty  : uid=1000(system) Binder:21172_9 expire 8 lines
03-28 06:26:09.427 27124 29989 W PackageParser: Ignoring duplicate uses-permissions/uses-permissions-sdk-m: android.permission.INTERNET in package: com.tencent.weread at: Binary XML file line #19
03-28 06:26:09.427 27124 29989 W PackageParser: Ignoring duplicate uses-permissions/uses-permissions-sdk-m: android.permission.ACCESS_NETWORK_STATE in package: com.tencent.weread at: Binary XML file line #20
03-28 06:26:09.427 27124 29989 W PackageParser: Ignoring duplicate uses-permissions/uses-permissions-sdk-m: android.permission.ACCESS_WIFI_STATE in package: com.tencent.weread at: Binary XML file line #21
03-28 06:26:09.427 27124 29989 W PackageParser: Ignoring duplicate uses-permissions/uses-permissions-sdk-m: android.permission.READ_PHONE_STATE in package: com.tencent.weread at: Binary XML file line #22
03-28 06:26:09.427 27124 29989 W PackageParser: Ignoring duplicate uses-permissions/uses-permissions-sdk-m: android.permission.GET_TASKS in package: com.tencent.weread at: Binary XML file line #23
03-28 06:26:09.429 27124 29989 W PackageParser: Ignoring duplicate uses-permissions/uses-permissions-sdk-m: android.permission.INTERNET in package: com.tencent.weread at: Binary XML file line #33
03-28 06:26:09.429 27124 29989 W PackageParser: Ignoring duplicate uses-permissions/uses-permissions-sdk-m: android.permission.WRITE_EXTERNAL_STORAGE in package: com.tencent.weread at: Binary XML file line #34
03-28 06:26:09.429 27124 29989 W PackageParser: Ignoring duplicate uses-permissions/uses-permissions-sdk-m: android.permission.ACCESS_NETWORK_STATE in package: com.tencent.weread at: Binary XML file line #35
03-28 06:26:09.429 27124 29989 W PackageParser: Ignoring duplicate uses-permissions/uses-permissions-sdk-m: android.permission.ACCESS_WIFI_STATE in package: com.tencent.weread at: Binary XML file line #36
03-28 06:26:09.429 27124 29989 W PackageParser: Ignoring duplicate uses-permissions/uses-permissions-sdk-m: android.permission.READ_PHONE_STATE in package: com.tencent.weread at: Binary XML file line #37
03-28 06:26:09.429 27124 29989 W PackageParser: Unknown element under <manifest>: meta-data at /storage/emulated/0/smartisan/appstore/com.tencent.weread_10128022_bak.apk Binary XML file line #56
03-28 06:26:09.429 27124 29989 W PackageParser: Unknown element under <manifest>: meta-data at /storage/emulated/0/smartisan/appstore/com.tencent.weread_10128022_bak.apk Binary XML file line #57
03-28 06:26:09.429 27124 29989 W PackageParser: Ignoring duplicate uses-permissions/uses-permissions-sdk-m: android.permission.READ_EXTERNAL_STORAGE in package: com.tencent.weread at: Binary XML file line #59
03-28 06:26:09.450 27124 29989 W PeroptWhiteListParser: initPackageTypeList failed, [/data/system/game_list.json] use default file try again
03-28 06:26:21.003 21172 21254 I chatty  : uid=1000(system) PackageManager expire 31 lines
03-28 06:26:21.271 29999 30010 D DefContainer: Copying /storage/emulated/0/smartisan/appstore/com.tencent.weread_10128022_bak.apk to base.apk
03-28 06:26:35.619 21172 26285 I chatty  : uid=1000(system) Binder:21172_13 expire 7 lines
03-28 06:26:37.973 21172 21449 I chatty  : uid=1000(system) Binder:21172_3 expire 10 lines
03-28 06:26:37.975 21172 21534 I chatty  : uid=1000(system) Binder:21172_5 expire 11 lines
03-28 06:26:37.979 21172 21462 I chatty  : uid=1000(system) ConnectivitySer expire 3 lines
03-28 06:26:38.630 21172 21197 I chatty  : uid=1000(system) Binder:21172_1 expire 8 lines
03-28 06:26:39.562 21172 21212 I chatty  : uid=1000(system) ActivityManager expire 24 lines
03-28 06:26:39.598 21172 25231 I chatty  : uid=1000(system) Binder:21172_F expire 8 lines
03-28 06:26:39.637 21172 21211 I chatty  : uid=1000(system) android.bg expire 25 lines
03-28 06:26:40.653 21172 26284 I chatty  : uid=1000(system) Binder:21172_12 expire 10 lines
03-28 06:26:40.663 21172 28078 I chatty  : uid=1000(system) Binder:21172_15 expire 10 lines
03-28 06:26:40.695 21172 26286 I chatty  : uid=1000(system) Binder:21172_14 expire 10 lines
03-28 06:26:40.724 21172 22395 I chatty  : uid=1000(system) Binder:21172_B expire 9 lines
03-28 06:26:40.738 21172 21231 I chatty  : uid=1000(system) android.display expire 22 lines
03-28 06:26:42.526 21172 21479 I chatty  : uid=1000(system) IconManagerServ expire 1 line
03-28 06:26:42.593 21172 21172 I chatty  : uid=1000 system_server expire 10 lines
03-28 06:26:42.706 21172 26283 I chatty  : uid=1000(system) Binder:21172_11 expire 6 lines
03-28 06:26:48.435 21172 32464 I chatty  : uid=1000(system) Binder:21172_1A expire 9 lines
03-28 06:26:53.452 30066 30066 W ContextImpl: Calling a method in the system process without a qualified user: android.app.ContextImpl.startService:1373 android.content.ContextWrapper.startService:616 android.content.ContextWrapper.startService:616 com.android.keychain.KeyChainBroadcastReceiver.onReceive:12 android.app.ActivityThread.handleReceiver:3236 
03-28 06:26:53.651 21172 32472 I chatty  : uid=1000(system) Binder:21172_20 expire 34 lines
03-28 06:26:54.225 30129 30129 W ContextImpl: Calling a method in the system process without a qualified user: android.app.ContextImpl.startService:1373 android.content.ContextWrapper.startService:616 android.content.ContextWrapper.startService:616 com.qualcomm.qti.seemp.service.SeempBroadcastReceiver.onReceive:61 android.app.ActivityThread.handleReceiver:3236 
03-28 06:26:54.829 30183 30183 W ContextImpl: Calling a method in the system process without a qualified user: android.app.ContextImpl.startService:1373 android.content.ContextWrapper.startService:616 android.content.ContextWrapper.startService:616 com.qualcomm.qti.seemp.service.SeempBroadcastReceiver.onReceive:74 android.app.ActivityThread.handleReceiver:3236 
03-28 06:26:54.867 21172 32465 I chatty  : uid=1000(system) Binder:21172_1B expire 9 lines
03-28 06:26:55.086 21172 24073 I chatty  : uid=1000(system) Binder:21172_E expire 7 lines
03-28 06:26:55.240 21172 21230 I chatty  : uid=1000(system) android.io expire 6 lines
03-28 06:28:42.199 21172 21438 I chatty  : uid=1000(system) AlarmManager expire 17 lines
03-28 06:31:55.208 21172 21615 I chatty  : uid=1000(system) Binder:21172_6 expire 9 lines
03-28 06:39:02.468 21172 21769 I chatty  : uid=1000(system) Binder:21172_8 expire 12 lines
03-28 06:55:44.062 21172 32466 I chatty  : uid=1000(system) Binder:21172_1C expire 5 lines
03-28 07:04:04.795 21172 22381 I chatty  : uid=1000(system) Binder:21172_A expire 5 lines
03-28 07:12:27.012 21172 21211 I chatty  : uid=1000(system) android.bg expire 56 lines
03-28 07:17:35.418 21172 22416 I chatty  : uid=1000(system) Binder:21172_C expire 3 lines
03-28 07:40:33.718 21172 23109 I chatty  : uid=1000(system) Binder:21172_D expire 11 lines
03-28 07:58:01.735 21172 28087 I chatty  : uid=1000(system) Binder:21172_18 expire 2 lines
03-28 08:17:38.714 21172 26281 I chatty  : uid=1000(system) Binder:21172_10 expire 5 lines
03-28 08:22:01.313 21172 32470 I chatty  : uid=1000(system) Binder:21172_1E expire 5 lines
03-28 08:22:56.852 21172 21234 I chatty  : uid=1000(system) CpuTracker expire 2 lines
03-28 08:30:00.039 21172 21172 I chatty  : uid=1000 system_server expire 41 lines
03-28 08:30:35.143 21172 28081 I chatty  : uid=1000(system) Binder:21172_16 expire 183 lines
03-28 09:00:00.159 21172 32468 I chatty  : uid=1000(system) Binder:21172_1D expire 197 lines
03-28 09:00:00.554 21172 21236 I chatty  : uid=1000(system) PowerManagerSer expire 11 lines
03-28 09:00:00.561 21172 21455 I chatty  : uid=1000(system) NetworkPolicy expire 5 lines
03-28 09:00:05.221 21172 21444 I chatty  : uid=1000(system) InputReader expire 17 lines
03-28 09:00:05.621 21172 21443 I chatty  : uid=1000(system) InputDispatcher expire 13 lines
03-28 09:00:11.878 21172 21450 I chatty  : uid=1000(system) Binder:21172_4 expire 4 lines
03-28 09:00:12.562 21482 21482 W ContextImpl: Calling a method in the system process without a qualified user: android.app.ContextImpl.sendBroadcast:893 android.content.ContextWrapper.sendBroadcast:424 com.smartisanos.keyguard.KeyguardUpdateMonitor.setProximityNearToast:2225 com.smartisanos.keyguard.KeyguardHostView.showProximityNearToast:3646 com.smartisanos.keyguard.KeyguardHostView.dispatchTouchEvent:2659 
03-28 09:00:23.396 21482 21482 W ContextImpl: Calling a method in the system process without a qualified user: android.app.ContextImpl.sendBroadcast:893 android.content.ContextWrapper.sendBroadcast:424 com.smartisanos.keyguard.KeyguardUpdateMonitor.setProximityNearToast:2232 com.smartisanos.keyguard.KeyguardHostView.setInPocketFlag:2133 com.smartisanos.keyguard.KeyguardViewManager.setInpocketFlag:1449 
03-28 09:00:28.253 21172 21211 I chatty  : uid=1000(system) android.bg expire 19 lines
03-28 09:00:30.103 21172 21438 I chatty  : uid=1000(system) AlarmManager expire 5 lines
03-28 09:02:31.686 21482 21503 W ContextImpl: Calling a method in the system process without a qualified user: android.app.ContextImpl.bindService:1437 android.content.ContextWrapper.bindService:639 smartisanos.app.tracker.TrackerServiceConnection.connect:34 smartisanos.app.tracker.Agent.connectService:65 smartisanos.app.tracker.Agent.flush:388 
03-28 09:02:32.029 21172 21212 I chatty  : uid=1000(system) ActivityManager expire 2 lines
03-28 09:02:32.519 21482 21503 W ContextImpl: Calling a method in the system process without a qualified user: android.app.ContextImpl.bindService:1437 android.content.ContextWrapper.bindService:639 smartisanos.app.tracker.TrackerServiceConnection.connect:34 smartisanos.app.tracker.Agent.connectService:65 smartisanos.app.tracker.Agent.flush:388 
03-28 09:02:33.013  2894  2894 E ActivityThread: Failed to find provider info for com.tencent.mm.coolassist.debugprovider
03-28 09:02:38.057  3002  3002 E ActivityThread: Failed to find provider info for com.tencent.mm.coolassist.debugprovider
03-28 09:02:39.782  3052  3052 E ActivityThread: Failed to find provider info for com.tencent.mm.coolassist.debugprovider
03-28 09:03:15.020 21172 26284 I chatty  : uid=1000(system) Binder:21172_12 expire 2 lines
03-28 09:03:17.262 21172 21443 I chatty  : uid=1000(system) InputDispatcher expire 13 lines
03-28 09:03:20.378 21172 21769 I chatty  : uid=1000(system) Binder:21172_8 expire 1 line
03-28 09:03:21.547 21172 21172 I chatty  : uid=1000 system_server expire 77 lines
03-28 09:03:26.102 21172 28078 I chatty  : uid=1000(system) Binder:21172_15 expire 3 lines
03-28 09:03:53.901 21172 21231 I chatty  : uid=1000(system) android.display expire 6 lines
03-28 09:04:23.937 21172 21616 I chatty  : uid=1000(system) Binder:21172_7 expire 4 lines
03-28 09:05:14.645 21172 21254 I chatty  : uid=1000(system) PackageManager expire 1 line
03-28 09:05:17.718 21482 21503 W ContextImpl: Calling a method in the system process without a qualified user: android.app.ContextImpl.bindService:1437 android.content.ContextWrapper.bindService:639 smartisanos.app.tracker.TrackerServiceConnection.connect:34 smartisanos.app.tracker.Agent.connectService:65 smartisanos.app.tracker.Agent.flush:388 
03-28 09:06:23.056  9691  9691 I chatty  : uid=1000(system) com.android.settings expire 3 lines
03-28 09:06:37.863 21172 28085 I chatty  : uid=1000(system) Binder:21172_17 expire 3 lines
03-28 09:06:37.917 21172 28087 I chatty  : uid=1000(system) Binder:21172_18 expire 1 line
03-28 09:06:37.934 21172 32463 I chatty  : uid=1000(system) Binder:21172_19 expire 2 lines
03-28 09:06:37.941 21172 21462 I chatty  : uid=1000(system) ConnectivitySer expire 1 line
03-28 09:08:14.924 21172 25231 I chatty  : uid=1000(system) Binder:21172_F expire 1 line
03-28 09:10:00.006 21172 21438 I chatty  : uid=1000(system) AlarmManager expire 3 lines
03-28 09:10:00.054 21172 22381 I chatty  : uid=1000(system) Binder:21172_A expire 1 line
03-28 09:10:00.061 21172 21172 I chatty  : uid=1000 system_server expire 13 lines
03-28 09:10:00.124 21172 26285 I chatty  : uid=1000(system) Binder:21172_13 expire 3 lines
03-28 09:10:00.168 21172 26286 I chatty  : uid=1000(system) Binder:21172_14 expire 2 lines
03-28 09:10:01.234 21172 32472 I chatty  : uid=1000(system) Binder:21172_20 expire 165 lines
03-28 09:10:01.318 21172 21615 I chatty  : uid=1000(system) Binder:21172_6 expire 2 lines
03-28 09:10:01.357 21172 22416 I chatty  : uid=1000(system) Binder:21172_C expire 2 lines
03-28 09:10:01.438 21172 23109 I chatty  : uid=1000(system) Binder:21172_D expire 2 lines
03-28 09:10:03.529 21172 21211 I chatty  : uid=1000(system) android.bg expire 4 lines
03-28 09:10:47.239 21172 21229 I chatty  : uid=1000(system) android.fg expire 4 lines
03-28 09:10:47.279 21172 21212 I chatty  : uid=1000(system) ActivityManager expire 2 lines
03-28 09:10:47.329 21172 21216 I chatty  : uid=1000(system) batterystats-sy expire 1 line
03-28 09:10:47.508  9691  6715 I chatty  : uid=1000(system) com.android.settings expire 1 line
03-28 09:10:47.514 21172 22395 I chatty  : uid=1000(system) Binder:21172_B expire 2 lines
03-28 09:10:47.719  9691  6739 I chatty  : uid=1000(system) com.android.settings expire 2 lines
03-28 09:10:47.744 21172 28078 I chatty  : uid=1000(system) Binder:21172_15 expire 5 lines
03-28 09:10:47.862  9691  6740 I chatty  : uid=1000(system) com.android.settings expire 1 line
03-28 09:10:48.915 21172 21444 I chatty  : uid=1000(system) InputReader expire 6 lines
03-28 09:10:48.968 21172 21443 I chatty  : uid=1000(system) InputDispatcher expire 21 lines
03-28 09:10:50.430 21172 32472 I chatty  : uid=1000(system) Binder:21172_20 expire 9 lines
03-28 09:10:50.463 21172 32464 I chatty  : uid=1000(system) Binder:21172_1A expire 4 lines
03-28 09:12:23.671 21172 28087 I chatty  : uid=1000(system) Binder:21172_18 expire 10 lines
03-28 09:12:23.846 21172 21231 I chatty  : uid=1000(system) android.display expire 41 lines
03-28 09:12:24.868 21172 24073 I chatty  : uid=1000(system) Binder:21172_E expire 1 line
03-28 09:12:24.933 21172 32468 I chatty  : uid=1000(system) Binder:21172_1D expire 2 lines
03-28 09:12:24.951 21172 32466 I chatty  : uid=1000(system) Binder:21172_1C expire 6 lines
03-28 09:12:25.025 21172 26284 I chatty  : uid=1000(system) Binder:21172_12 expire 3 lines
03-28 09:12:25.043 21172 21616 I chatty  : uid=1000(system) Binder:21172_7 expire 3 lines
03-28 09:12:38.847 21172 22416 I chatty  : uid=1000(system) Binder:21172_C expire 3 lines
03-28 09:12:38.898 21172 23109 I chatty  : uid=1000(system) Binder:21172_D expire 5 lines
03-28 09:12:39.033 21172 26285 I chatty  : uid=1000(system) Binder:21172_13 expire 3 lines
03-28 09:12:39.048 21172 21198 I chatty  : uid=1000(system) Binder:21172_2 expire 3 lines
03-28 09:12:39.061 21172 21197 I chatty  : uid=1000(system) Binder:21172_1 expire 2 lines
03-28 09:12:39.107 21172 21769 I chatty  : uid=1000(system) Binder:21172_8 expire 6 lines
03-28 09:12:39.146 21172 28085 I chatty  : uid=1000(system) Binder:21172_17 expire 1 line
03-28 09:12:39.246 21172 32463 I chatty  : uid=1000(system) Binder:21172_19 expire 5 lines
03-28 09:12:39.277 21172 32471 I chatty  : uid=1000(system) Binder:21172_1F expire 1 line
03-28 09:12:39.305 21172 32465 I chatty  : uid=1000(system) Binder:21172_1B expire 7 lines
03-28 09:12:39.716 21172 26281 I chatty  : uid=1000(system) Binder:21172_10 expire 4 lines
03-28 09:12:39.809 21172 21615 I chatty  : uid=1000(system) Binder:21172_6 expire 5 lines
03-28 09:12:39.860 21172 21534 I chatty  : uid=1000(system) Binder:21172_5 expire 2 lines
03-28 09:12:39.991 21172 21450 I chatty  : uid=1000(system) Binder:21172_4 expire 1 line
03-28 09:12:39.992 21172 21211 I chatty  : uid=1000(system) android.bg expire 7 lines
03-28 09:12:40.164 21172 28081 I chatty  : uid=1000(system) Binder:21172_16 expire 4 lines
03-28 09:12:40.230 21172 22165 I chatty  : uid=1000(system) Binder:21172_9 expire 5 lines
03-28 09:12:40.405 21172 22395 I chatty  : uid=1000(system) Binder:21172_B expire 4 lines
03-28 09:12:40.656 21172 26283 I chatty  : uid=1000(system) Binder:21172_11 expire 1 line
03-28 09:12:45.546 21172 21212 I chatty  : uid=1000(system) ActivityManager expire 1 line
03-28 09:12:52.774 21172 21230 I chatty  : uid=1000(system) android.io expire 2 lines
03-28 09:12:56.547 21172 21438 I chatty  : uid=1000(system) AlarmManager expire 1 line
03-28 09:13:28.401 21172 21449 I chatty  : uid=1000(system) Binder:21172_3 expire 3 lines
03-28 09:13:30.345 21172 22381 I chatty  : uid=1000(system) Binder:21172_A expire 2 lines
03-28 09:13:40.915  9691  9691 I chatty  : uid=1000(system) com.android.settings expire 10 lines
03-28 09:13:52.809 21172 21197 I chatty  : uid=1000(system) Binder:21172_1 expire 13 lines
03-28 09:13:52.844 21172 32471 I chatty  : uid=1000(system) Binder:21172_1F expire 8 lines
03-28 09:14:02.069 21172 21198 I chatty  : uid=1000(system) Binder:21172_2 expire 8 lines
03-28 09:14:02.292 21172 21534 I chatty  : uid=1000(system) Binder:21172_5 expire 10 lines
03-28 09:14:07.230 21172 24073 I chatty  : uid=1000(system) Binder:21172_E expire 10 lines
03-28 09:14:08.821 21172 32466 I chatty  : uid=1000(system) Binder:21172_1C expire 8 lines
03-28 09:14:08.822 21172 32468 I chatty  : uid=1000(system) Binder:21172_1D expire 8 lines
03-28 09:14:08.826 21172 26286 I chatty  : uid=1000(system) Binder:21172_14 expire 11 lines
03-28 09:14:09.126 21172 32470 I chatty  : uid=1000(system) Binder:21172_1E expire 9 lines
03-28 09:14:10.641 21172 21450 I chatty  : uid=1000(system) Binder:21172_4 expire 6 lines
03-28 09:14:10.645 21172 26284 I chatty  : uid=1000(system) Binder:21172_12 expire 5 lines
03-28 09:14:26.146 21172 28085 I chatty  : uid=1000(system) Binder:21172_17 expire 10 lines
03-28 09:14:26.708 21172 21231 I chatty  : uid=1000(system) android.display expire 52 lines
03-28 09:14:26.727 21172 22416 I chatty  : uid=1000(system) Binder:21172_C expire 6 lines
03-28 09:14:32.049 21172 25231 I chatty  : uid=1000(system) Binder:21172_F expire 7 lines
03-28 09:14:32.091 21172 28078 I chatty  : uid=1000(system) Binder:21172_15 expire 7 lines
03-28 09:15:03.730 21172 21211 I chatty  : uid=1000(system) android.bg expire 15 lines
03-28 09:15:16.448 21172 28087 I chatty  : uid=1000(system) Binder:21172_18 expire 10 lines
03-28 09:15:16.485 21172 22165 I chatty  : uid=1000(system) Binder:21172_9 expire 14 lines
03-28 09:15:26.659 21172 32464 I chatty  : uid=1000(system) Binder:21172_1A expire 9 lines
03-28 09:15:26.818 21172 22381 I chatty  : uid=1000(system) Binder:21172_A expire 10 lines
03-28 09:15:26.819 21172 32463 I chatty  : uid=1000(system) Binder:21172_19 expire 6 lines
03-28 09:15:38.020 21172 26283 I chatty  : uid=1000(system) Binder:21172_11 expire 8 lines
03-28 09:15:44.528 21172 21769 I chatty  : uid=1000(system) Binder:21172_8 expire 10 lines
03-28 09:16:45.477 21172 21212 I chatty  : uid=1000(system) ActivityManager expire 14 lines
03-28 09:17:40.364 21172 26285 I chatty  : uid=1000(system) Binder:21172_13 expire 6 lines
03-28 09:18:23.861 21172 21444 I chatty  : uid=1000(system) InputReader expire 26 lines
03-28 09:18:23.947 21172 28081 I chatty  : uid=1000(system) Binder:21172_16 expire 10 lines
03-28 09:18:24.162 21172 26281 I chatty  : uid=1000(system) Binder:21172_10 expire 8 lines
03-28 09:18:34.874 21172 21616 I chatty  : uid=1000(system) Binder:21172_7 expire 7 lines
03-28 09:22:26.776 21172 32472 I chatty  : uid=1000(system) Binder:21172_20 expire 5 lines
03-28 09:22:26.788 21172 23109 I chatty  : uid=1000(system) Binder:21172_D expire 16 lines
03-28 09:22:26.799 21172 32465 I chatty  : uid=1000(system) Binder:21172_1B expire 10 lines
03-28 09:22:33.085 21172 21615 I chatty  : uid=1000(system) Binder:21172_6 expire 7 lines
03-28 09:22:53.706 21172 21438 I chatty  : uid=1000(system) AlarmManager expire 4 lines
03-28 09:23:25.878 21172 21449 I chatty  : uid=1000(system) Binder:21172_3 expire 7 lines
03-28 09:23:25.928 21172 22395 I chatty  : uid=1000(system) Binder:21172_B expire 9 lines
03-28 09:24:20.892  6935  6935 W ViewRootImpl[MainTabActivity]: Cancelling event due to no window focus: KeyEvent { action=ACTION_UP, keyCode=KEYCODE_BACK, scanCode=158, metaState=0, flags=0x28, repeatCount=0, eventTime=367443772, downTime=367443764, deviceId=6, source=0x101 }
03-28 09:24:20.893  6935  6935 W ViewRootImpl[MainTabActivity]: Cancelling event due to no window focus: KeyEvent { action=ACTION_UP, keyCode=KEYCODE_BACK, scanCode=158, metaState=0, flags=0x28, repeatCount=0, eventTime=367443772, downTime=367443764, deviceId=6, source=0x101 }
03-28 09:24:20.893  6935  6935 W ViewRootImpl[MainTabActivity]: Cancelling event due to no window focus: KeyEvent { action=ACTION_UP, keyCode=KEYCODE_BACK, scanCode=158, metaState=0, flags=0x28, repeatCount=0, eventTime=367443772, downTime=367443764, deviceId=6, source=0x101 }
03-28 09:24:20.894  6935  6935 W ViewRootImpl[MainTabActivity]: Cancelling event due to no window focus: KeyEvent { action=ACTION_UP, keyCode=KEYCODE_BACK, scanCode=158, metaState=0, flags=0x28, repeatCount=0, eventTime=367443772, downTime=367443764, deviceId=6, source=0x101 }
03-28 09:24:20.894  6935  6935 W ViewRootImpl[MainTabActivity]: Cancelling event due to no window focus: KeyEvent { action=ACTION_UP, keyCode=KEYCODE_BACK, scanCode=158, metaState=0, flags=0x28, repeatCount=0, eventTime=367443772, downTime=367443764, deviceId=6, source=0x101 }
03-28 09:24:20.894  6935  6935 W ViewRootImpl[MainTabActivity]: Cancelling event due to no window focus: KeyEvent { action=ACTION_UP, keyCode=KEYCODE_BACK, scanCode=158, metaState=0, flags=0x28, repeatCount=0, eventTime=367443772, downTime=367443764, deviceId=6, source=0x101 }
03-28 09:24:20.894  6935  6935 W ViewRootImpl[MainTabActivity]: Cancelling event due to no window focus: KeyEvent { action=ACTION_UP, keyCode=KEYCODE_BACK, scanCode=158, metaState=0, flags=0x28, repeatCount=0, eventTime=367443772, downTime=367443764, deviceId=6, source=0x101 }
03-28 09:24:20.894  6935  6935 W ViewRootImpl[MainTabActivity]: Cancelling event due to no window focus: KeyEvent { action=ACTION_UP, keyCode=KEYCODE_BACK, scanCode=158, metaState=0, flags=0x28, repeatCount=0, eventTime=367443772, downTime=367443764, deviceId=6, source=0x101 }
03-28 09:24:20.894  6935  6935 W ViewRootImpl[MainTabActivity]: Cancelling event due to no window focus: KeyEvent { action=ACTION_UP, keyCode=KEYCODE_BACK, scanCode=158, metaState=0, flags=0x28, repeatCount=0, eventTime=367443772, downTime=367443764, deviceId=6, source=0x101 }
03-28 09:24:20.972 21172 21197 I chatty  : uid=1000(system) Binder:21172_1 expire 2 lines
03-28 09:24:24.091 21172 21443 I chatty  : uid=1000(system) InputDispatcher expire 20 lines
03-28 09:24:39.424 21172 21231 I chatty  : uid=1000(system) android.display expire 9 lines
03-28 09:25:19.065 21172 21211 I chatty  : uid=1000(system) android.bg expire 27 lines
03-28 09:25:32.691 21172 22381 I chatty  : uid=1000(system) Binder:21172_A expire 1 line
03-28 09:25:44.345 21172 21236 I chatty  : uid=1000(system) PowerManagerSer expire 8 lines
03-28 09:25:44.379 21172 21172 I chatty  : uid=1000 system_server expire 13 lines
03-28 09:25:44.699 21172 21455 I chatty  : uid=1000(system) NetworkPolicy expire 4 lines
03-28 09:25:45.481 21172 21254 I chatty  : uid=1000(system) PackageManager expire 2 lines
03-28 09:29:09.609 21172 22165 I chatty  : uid=1000(system) Binder:21172_9 expire 2 lines
03-28 09:38:37.825  9795  9809 E ActivityThread: Failed to find provider info for downloads
03-28 09:39:20.656 21172 21211 I chatty  : uid=1000(system) android.bg expire 13 lines
03-28 09:41:30.753 21172 21172 I chatty  : uid=1000 system_server expire 21 lines
03-28 09:41:31.680 21172 21443 I chatty  : uid=1000(system) InputDispatcher expire 36 lines
03-28 09:41:33.236 21172 28085 I chatty  : uid=1000(system) Binder:21172_17 expire 7 lines
03-28 09:41:33.464 21482 21503 W ContextImpl: Calling a method in the system process without a qualified user: android.app.ContextImpl.bindService:1437 android.content.ContextWrapper.bindService:639 smartisanos.app.tracker.TrackerServiceConnection.connect:34 smartisanos.app.tracker.Agent.connectService:65 smartisanos.app.tracker.Agent.flush:388 
03-28 09:47:40.733 21172 21211 I chatty  : uid=1000(system) android.bg expire 13 lines
03-28 09:49:04.426 21172 21215 I chatty  : uid=1000(system) ActivityManager expire 1 line
03-28 09:49:28.936 21482 21503 W ContextImpl: Calling a method in the system process without a qualified user: android.app.ContextImpl.bindService:1437 android.content.ContextWrapper.bindService:639 smartisanos.app.tracker.TrackerServiceConnection.connect:34 smartisanos.app.tracker.Agent.connectService:65 smartisanos.app.tracker.Agent.flush:388 
03-28 09:49:50.331 21172 21212 I chatty  : uid=1000(system) ActivityManager expire 6 lines
03-28 09:49:55.351 21172 21769 I chatty  : uid=1000(system) Binder:21172_8 expire 2 lines
03-28 09:52:06.143 21172 21534 I chatty  : uid=1000(system) Binder:21172_5 expire 2 lines
03-28 09:52:06.554 22664 23307 E ActivityThread: Failed to find provider info for com.google.android.gms.common.phenotype
03-28 09:52:09.060 21482 21503 W ContextImpl: Calling a method in the system process without a qualified user: android.app.ContextImpl.bindService:1437 android.content.ContextWrapper.bindService:639 smartisanos.app.tracker.TrackerServiceConnection.connect:34 smartisanos.app.tracker.Agent.connectService:65 smartisanos.app.tracker.Agent.flush:388 
03-28 09:52:15.494 21172 21211 I chatty  : uid=1000(system) android.bg expire 6 lines
03-28 09:52:34.038 21172 21444 I chatty  : uid=1000(system) InputReader expire 32 lines
03-28 09:52:57.528 21172 21462 I chatty  : uid=1000(system) ConnectivitySer expire 15 lines
03-28 09:52:57.556 21172 21458 I chatty  : uid=1000(system) WifiStateMachin expire 1 line
03-28 09:52:57.748 21172 21500 I chatty  : uid=1000(system) PowerDeviceStat expire 1 line
03-28 09:52:59.018 21172 26286 I chatty  : uid=1000(system) Binder:21172_14 expire 1 line
03-28 09:52:59.245 21172 21229 I chatty  : uid=1000(system) android.fg expire 4 lines
03-28 09:52:59.400 23012 23115 E ActivityThread: Failed to find provider info for com.smartisanos.cloudsync.sogou_smartisan
03-28 09:52:59.661 21172 21214 I chatty  : uid=1000(system) android.ui expire 136 lines
03-28 09:52:59.791 21586 21586 W ContextImpl: Calling a method in the system process without a qualified user: android.app.ContextImpl.sendBroadcast:893 android.content.ContextWrapper.sendBroadcast:424 com.smartisanos.sidebar.SidebarController.start:317 com.smartisanos.sidebar.SidebarController.-wrap1:-1 com.smartisanos.sidebar.SidebarController$1$1.run:671 
03-28 09:53:01.511 21172 21172 I chatty  : uid=1000 system_server expire 1 line
03-28 09:53:02.794 23012 23115 E ActivityThread: Failed to find provider info for com.smartisanos.cloudsync.sogou_smartisan
03-28 09:53:04.013 23012 23115 E ActivityThread: Failed to find provider info for com.smartisanos.cloudsync.sogou_smartisan
03-28 09:53:06.336 22397 22397 W ContextImpl: Calling a method in the system process without a qualified user: android.app.ContextImpl.sendBroadcast:893 android.content.ContextWrapper.sendBroadcast:424 smartisanos.util.SidebarUtils.sendBroadcastForTracker:964 smartisanos.util.SidebarUtils.dragText:361 com.smartisanos.ideapills.view.BubbleAdapter.dragMultiBubbles:361 
03-28 09:53:06.827 22397 22397 W ContextImpl: Calling a method in the system process without a qualified user: android.app.ContextImpl.bindService:1437 android.content.ContextWrapper.bindService:639 smartisanos.app.tracker.TrackerServiceConnection.connect:34 smartisanos.app.tracker.Agent.connectService:65 smartisanos.app.tracker.Agent.flush:388 
03-28 09:53:08.857 22397 22397 W ContextImpl: Calling a method in the system process without a qualified user: android.app.ContextImpl.sendBroadcast:893 android.content.ContextWrapper.sendBroadcast:424 com.smartisanos.ideapills.view.BubbleHeadOperator.hideHeadView:502 com.smartisanos.ideapills.view.BubbleListView$16.onComplete:1054 com.smartisanos.ideapills.anim.AnimTimeLine$AnimatorCallbackListener.onAnimationEnd:156 
03-28 09:53:09.229 21172 21443 I chatty  : uid=1000(system) InputDispatcher expire 68 lines
03-28 09:53:16.293  9691  9691 I chatty  : uid=1000(system) com.android.settings expire 10 lines
03-28 09:53:17.035 21172 21172 I chatty  : uid=1000 system_server expire 16 lines
03-28 09:53:17.037 21172 21462 I chatty  : uid=1000(system) ConnectivitySer expire 12 lines
03-28 09:53:17.069 21172 21468 I chatty  : uid=1000(system) onProviders.ECP expire 11 lines
03-28 09:53:17.094 21172 21534 I chatty  : uid=1000(system) Binder:21172_5 expire 1 line
03-28 09:53:17.258 21172 21615 I chatty  : uid=1000(system) Binder:21172_6 expire 3 lines
03-28 09:53:17.528 11006 11006 W ViewRootImpl[CreateNotesActivity]: Dropping event due to no window focus: KeyEvent { action=ACTION_DOWN, keyCode=KEYCODE_DEL, scanCode=0, metaState=0, flags=0x6, repeatCount=0, eventTime=368188410, downTime=368188410, deviceId=-1, source=0x0 }
03-28 09:53:17.529 11006 11006 W ViewRootImpl[CreateNotesActivity]: Cancelling event due to no window focus: KeyEvent { action=ACTION_UP, keyCode=KEYCODE_DEL, scanCode=0, metaState=0, flags=0x26, repeatCount=0, eventTime=368188410, downTime=368188410, deviceId=-1, source=0x0 }
03-28 09:53:17.529 11006 11006 W ViewRootImpl[CreateNotesActivity]: Cancelling event due to no window focus: KeyEvent { action=ACTION_UP, keyCode=KEYCODE_DEL, scanCode=0, metaState=0, flags=0x26, repeatCount=0, eventTime=368188410, downTime=368188410, deviceId=-1, source=0x0 }
03-28 09:53:17.529 11006 11006 W ViewRootImpl[CreateNotesActivity]: Cancelling event due to no window focus: KeyEvent { action=ACTION_UP, keyCode=KEYCODE_DEL, scanCode=0, metaState=0, flags=0x26, repeatCount=0, eventTime=368188410, downTime=368188410, deviceId=-1, source=0x0 }
03-28 09:53:17.529 11006 11006 W ViewRootImpl[CreateNotesActivity]: Cancelling event due to no window focus: KeyEvent { action=ACTION_UP, keyCode=KEYCODE_DEL, scanCode=0, metaState=0, flags=0x26, repeatCount=0, eventTime=368188410, downTime=368188410, deviceId=-1, source=0x0 }
03-28 09:53:17.529 11006 11006 W ViewRootImpl[CreateNotesActivity]: Cancelling event due to no window focus: KeyEvent { action=ACTION_UP, keyCode=KEYCODE_DEL, scanCode=0, metaState=0, flags=0x26, repeatCount=0, eventTime=368188410, downTime=368188410, deviceId=-1, source=0x0 }
03-28 09:53:17.529 11006 11006 W ViewRootImpl[CreateNotesActivity]: Cancelling event due to no window focus: KeyEvent { action=ACTION_UP, keyCode=KEYCODE_DEL, scanCode=0, metaState=0, flags=0x26, repeatCount=0, eventTime=368188410, downTime=368188410, deviceId=-1, source=0x0 }
03-28 09:53:17.559 21172 21616 I chatty  : uid=1000(system) Binder:21172_7 expire 2 lines
03-28 09:53:17.570 21172 26281 I chatty  : uid=1000(system) Binder:21172_10 expire 1 line
03-28 09:53:17.646 11006 11006 W ViewRootImpl[CreateNotesActivity]: Dropping event due to no window focus: KeyEvent { action=ACTION_DOWN, keyCode=KEYCODE_DEL, scanCode=0, metaState=0, flags=0x6, repeatCount=0, eventTime=368188527, downTime=368188527, deviceId=-1, source=0x0 }
03-28 09:53:17.646 11006 11006 W ViewRootImpl[CreateNotesActivity]: Cancelling event due to no window focus: KeyEvent { action=ACTION_UP, keyCode=KEYCODE_DEL, scanCode=0, metaState=0, flags=0x26, repeatCount=0, eventTime=368188528, downTime=368188527, deviceId=-1, source=0x0 }
03-28 09:53:17.646 11006 11006 W ViewRootImpl[CreateNotesActivity]: Cancelling event due to no window focus: KeyEvent { action=ACTION_UP, keyCode=KEYCODE_DEL, scanCode=0, metaState=0, flags=0x26, repeatCount=0, eventTime=368188528, downTime=368188527, deviceId=-1, source=0x0 }
03-28 09:53:17.646 11006 11006 W ViewRootImpl[CreateNotesActivity]: Cancelling event due to no window focus: KeyEvent { action=ACTION_UP, keyCode=KEYCODE_DEL, scanCode=0, metaState=0, flags=0x26, repeatCount=0, eventTime=368188528, downTime=368188527, deviceId=-1, source=0x0 }
03-28 09:53:17.646 21172 22395 I chatty  : uid=1000(system) Binder:21172_B expire 3 lines
03-28 09:53:17.646 11006 11006 W ViewRootImpl[CreateNotesActivity]: Cancelling event due to no window focus: KeyEvent { action=ACTION_UP, keyCode=KEYCODE_DEL, scanCode=0, metaState=0, flags=0x26, repeatCount=0, eventTime=368188528, downTime=368188527, deviceId=-1, source=0x0 }
03-28 09:53:17.646 11006 11006 W ViewRootImpl[CreateNotesActivity]: Cancelling event due to no window focus: KeyEvent { action=ACTION_UP, keyCode=KEYCODE_DEL, scanCode=0, metaState=0, flags=0x26, repeatCount=0, eventTime=368188528, downTime=368188527, deviceId=-1, source=0x0 }
03-28 09:53:17.646 11006 11006 W ViewRootImpl[CreateNotesActivity]: Cancelling event due to no window focus: KeyEvent { action=ACTION_UP, keyCode=KEYCODE_DEL, scanCode=0, metaState=0, flags=0x26, repeatCount=0, eventTime=368188528, downTime=368188527, deviceId=-1, source=0x0 }
03-28 09:53:17.952 21172 32465 I chatty  : uid=1000(system) Binder:21172_1B expire 4 lines
03-28 09:53:25.248 21172 22381 I chatty  : uid=1000(system) Binder:21172_A expire 1 line
03-28 09:53:26.760 21172 26283 I chatty  : uid=1000(system) Binder:21172_11 expire 1 line
03-28 09:53:26.772 21172 32468 I chatty  : uid=1000(system) Binder:21172_1D expire 2 lines
03-28 09:53:27.166 21172 23109 I chatty  : uid=1000(system) Binder:21172_D expire 2 lines
03-28 09:53:27.933 21172 21443 I chatty  : uid=1000(system) InputDispatcher expire 106 lines
03-28 09:53:32.055 21172 26286 I chatty  : uid=1000(system) Binder:21172_14 expire 6 lines
03-28 09:53:32.097 11006 11006 W ViewRootImpl[CreateNotesActivity]: Cancelling event due to no window focus: KeyEvent { action=ACTION_UP, keyCode=KEYCODE_FINGERPRINT, scanCode=249, metaState=0, flags=0x28, repeatCount=0, eventTime=368202079, downTime=368201281, deviceId=7, source=0x101 }
03-28 09:53:32.097 11006 11006 W ViewRootImpl[CreateNotesActivity]: Cancelling event due to no window focus: KeyEvent { action=ACTION_UP, keyCode=KEYCODE_FINGERPRINT, scanCode=249, metaState=0, flags=0x28, repeatCount=0, eventTime=368202079, downTime=368201281, deviceId=7, source=0x101 }
03-28 09:53:32.097 11006 11006 W ViewRootImpl[CreateNotesActivity]: Cancelling event due to no window focus: KeyEvent { action=ACTION_UP, keyCode=KEYCODE_FINGERPRINT, scanCode=249, metaState=0, flags=0x28, repeatCount=0, eventTime=368202079, downTime=368201281, deviceId=7, source=0x101 }
03-28 09:53:32.097 11006 11006 W ViewRootImpl[CreateNotesActivity]: Cancelling event due to no window focus: KeyEvent { action=ACTION_UP, keyCode=KEYCODE_FINGERPRINT, scanCode=249, metaState=0, flags=0x28, repeatCount=0, eventTime=368202079, downTime=368201281, deviceId=7, source=0x101 }
03-28 09:53:32.097 11006 11006 W ViewRootImpl[CreateNotesActivity]: Cancelling event due to no window focus: KeyEvent { action=ACTION_UP, keyCode=KEYCODE_FINGERPRINT, scanCode=249, metaState=0, flags=0x28, repeatCount=0, eventTime=368202079, downTime=368201281, deviceId=7, source=0x101 }
03-28 09:53:32.097 11006 11006 W ViewRootImpl[CreateNotesActivity]: Cancelling event due to no window focus: KeyEvent { action=ACTION_UP, keyCode=KEYCODE_FINGERPRINT, scanCode=249, metaState=0, flags=0x28, repeatCount=0, eventTime=368202079, downTime=368201281, deviceId=7, source=0x101 }
03-28 09:53:32.415 21172 28078 I chatty  : uid=1000(system) Binder:21172_15 expire 1 line
03-28 09:53:32.629 11586 11586 W ViewRootImpl[BoomActivity]: Dropping event due to no window focus: KeyEvent { action=ACTION_DOWN, keyCode=KEYCODE_FINGERPRINT, scanCode=249, metaState=0, flags=0x8, repeatCount=7, eventTime=368202085, downTime=368201281, deviceId=7, source=0x101 }
03-28 09:53:32.631 11586 11586 W ViewRootImpl[BoomActivity]: Cancelling event due to no window focus: KeyEvent { action=ACTION_UP, keyCode=KEYCODE_FINGERPRINT, scanCode=249, metaState=0, flags=0x28, repeatCount=0, eventTime=368202295, downTime=368201281, deviceId=7, source=0x101 }
03-28 09:53:32.631 11586 11586 W ViewRootImpl[BoomActivity]: Cancelling event due to no window focus: KeyEvent { action=ACTION_UP, keyCode=KEYCODE_FINGERPRINT, scanCode=249, metaState=0, flags=0x28, repeatCount=0, eventTime=368202295, downTime=368201281, deviceId=7, source=0x101 }
03-28 09:53:32.631 11586 11586 W ViewRootImpl[BoomActivity]: Cancelling event due to no window focus: KeyEvent { action=ACTION_UP, keyCode=KEYCODE_FINGERPRINT, scanCode=249, metaState=0, flags=0x28, repeatCount=0, eventTime=368202295, downTime=368201281, deviceId=7, source=0x101 }
03-28 09:53:32.631 11586 11586 W ViewRootImpl[BoomActivity]: Cancelling event due to no window focus: KeyEvent { action=ACTION_UP, keyCode=KEYCODE_FINGERPRINT, scanCode=249, metaState=0, flags=0x28, repeatCount=0, eventTime=368202295, downTime=368201281, deviceId=7, source=0x101 }
03-28 09:53:32.632 11586 11586 W ViewRootImpl[BoomActivity]: Cancelling event due to no window focus: KeyEvent { action=ACTION_UP, keyCode=KEYCODE_FINGERPRINT, scanCode=249, metaState=0, flags=0x28, repeatCount=0, eventTime=368202295, downTime=368201281, deviceId=7, source=0x101 }
03-28 09:53:32.632 11586 11586 W ViewRootImpl[BoomActivity]: Cancelling event due to no window focus: KeyEvent { action=ACTION_UP, keyCode=KEYCODE_FINGERPRINT, scanCode=249, metaState=0, flags=0x28, repeatCount=0, eventTime=368202295, downTime=368201281, deviceId=7, source=0x101 }
03-28 09:53:32.632 11586 11586 W ViewRootImpl[BoomActivity]: Cancelling event due to no window focus: KeyEvent { action=ACTION_UP, keyCode=KEYCODE_FINGERPRINT, scanCode=249, metaState=0, flags=0x28, repeatCount=0, eventTime=368202295, downTime=368201281, deviceId=7, source=0x101 }
03-28 09:53:32.632 11586 11586 W ViewRootImpl[BoomActivity]: Cancelling event due to no window focus: KeyEvent { action=ACTION_UP, keyCode=KEYCODE_FINGERPRINT, scanCode=249, metaState=0, flags=0x28, repeatCount=0, eventTime=368202295, downTime=368201281, deviceId=7, source=0x101 }
03-28 09:53:32.632 11586 11586 W ViewRootImpl[BoomActivity]: Cancelling event due to no window focus: KeyEvent { action=ACTION_UP, keyCode=KEYCODE_FINGERPRINT, scanCode=249, metaState=0, flags=0x28, repeatCount=0, eventTime=368202295, downTime=368201281, deviceId=7, source=0x101 }
03-28 09:53:34.643 21172 21212 I chatty  : uid=1000(system) ActivityManager expire 14 lines
03-28 09:53:45.230 21172 21211 I chatty  : uid=1000(system) android.bg expire 8 lines
03-28 09:53:48.488 21172 21450 I chatty  : uid=1000(system) Binder:21172_4 expire 1 line
03-28 09:53:50.620 21172 22416 I chatty  : uid=1000(system) Binder:21172_C expire 4 lines
03-28 09:54:06.473  9691 11766 I chatty  : uid=1000(system) com.android.settings expire 1 line
03-28 09:54:08.538 21172 21444 I chatty  : uid=1000(system) InputReader expire 9 lines
03-28 09:54:09.108 21172 21236 I chatty  : uid=1000(system) PowerManagerSer expire 4 lines
03-28 09:54:09.155 21172 21172 I chatty  : uid=1000 system_server expire 16 lines
03-28 09:54:09.479 21172 21231 I chatty  : uid=1000(system) android.display expire 2 lines
03-28 09:54:09.486 21172 21455 I chatty  : uid=1000(system) NetworkPolicy expire 2 lines
03-28 09:54:10.474 21172 21254 I chatty  : uid=1000(system) PackageManager expire 1 line
03-28 09:54:10.642 21172 32472 I chatty  : uid=1000(system) Binder:21172_20 expire 2 lines
03-28 09:54:11.163 21172 26285 I chatty  : uid=1000(system) Binder:21172_13 expire 2 lines
03-28 09:54:11.584 21172 28081 I chatty  : uid=1000(system) Binder:21172_16 expire 2 lines
03-28 09:54:12.018 21172 28085 I chatty  : uid=1000(system) Binder:21172_17 expire 2 lines
03-28 09:54:12.447 21172 28087 I chatty  : uid=1000(system) Binder:21172_18 expire 9 lines
03-28 09:54:12.449 21172 21215 I chatty  : uid=1000(system) ActivityManager expire 2 lines
03-28 09:54:12.574 21172 26284 I chatty  : uid=1000(system) Binder:21172_12 expire 1 line
03-28 09:54:12.578 21172 25231 I chatty  : uid=1000(system) Binder:21172_F expire 2 lines
03-28 09:54:12.589 21172 21197 I chatty  : uid=1000(system) Binder:21172_1 expire 3 lines
03-28 09:54:13.208 21172 24073 I chatty  : uid=1000(system) Binder:21172_E expire 2 lines
03-28 09:54:13.604 21172 32471 I chatty  : uid=1000(system) Binder:21172_1F expire 10 lines
03-28 09:54:14.395 21172 32470 I chatty  : uid=1000(system) Binder:21172_1E expire 1 line
03-28 09:54:14.482  9691  9691 I chatty  : uid=1000(system) com.android.settings expire 11 lines
03-28 09:54:17.313 21482 21503 W ContextImpl: Calling a method in the system process without a qualified user: android.app.ContextImpl.bindService:1437 android.content.ContextWrapper.bindService:639 smartisanos.app.tracker.TrackerServiceConnection.connect:34 smartisanos.app.tracker.Agent.connectService:65 smartisanos.app.tracker.Agent.flush:388 
03-28 09:54:54.517 21172 21212 I chatty  : uid=1000(system) ActivityManager expire 6 lines
03-28 09:55:17.578 21172 21443 I chatty  : uid=1000(system) InputDispatcher expire 25 lines
03-28 09:55:25.577 22397 22397 W ContextImpl: Calling a method in the system process without a qualified user: android.app.ContextImpl.sendBroadcast:893 android.content.ContextWrapper.sendBroadcast:424 smartisanos.util.SidebarUtils.sendBroadcastForTracker:964 smartisanos.util.SidebarUtils.dragText:361 com.smartisanos.ideapills.view.BubbleAdapter.dragMultiBubbles:361 
03-28 09:55:25.832 21172 21214 I chatty  : uid=1000(system) android.ui expire 69 lines
03-28 09:55:31.348 22397 22397 W ContextImpl: Calling a method in the system process without a qualified user: android.app.ContextImpl.sendBroadcast:893 android.content.ContextWrapper.sendBroadcast:424 com.smartisanos.ideapills.view.BubbleHeadOperator.hideHeadView:502 com.smartisanos.ideapills.view.BubbleListView$16.onComplete:1054 com.smartisanos.ideapills.anim.AnimTimeLine$AnimatorCallbackListener.onAnimationEnd:156 
03-28 09:55:32.769 21586 21586 W ContextImpl: Calling a method in the system process without a qualified user: android.app.ContextImpl.sendBroadcast:893 android.content.ContextWrapper.sendBroadcast:424 com.smartisanos.sidebar.SidebarController.stop:344 com.smartisanos.sidebar.SidebarController.-wrap2:-1 com.smartisanos.sidebar.SidebarController$1$2.run:681 
03-28 09:55:32.772 21586 21686 W ContextImpl: Calling a method in the system process without a qualified user: android.app.ContextImpl.bindService:1437 android.content.ContextWrapper.bindService:639 smartisanos.app.tracker.TrackerServiceConnection.connect:34 smartisanos.app.tracker.Agent.connectService:65 smartisanos.app.tracker.Agent.flush:388 
03-28 09:55:33.766 21172 21468 I chatty  : uid=1000(system) onProviders.ECP expire 6 lines
03-28 09:55:34.720 21172 21769 I chatty  : uid=1000(system) Binder:21172_8 expire 1 line
03-28 09:55:39.049 21172 21462 I chatty  : uid=1000(system) ConnectivitySer expire 13 lines
03-28 09:55:42.000 21172 26286 I chatty  : uid=1000(system) Binder:21172_14 expire 4 lines
03-28 09:55:42.044 21172 21449 I chatty  : uid=1000(system) Binder:21172_3 expire 4 lines
03-28 09:55:42.086 21172 32464 I chatty  : uid=1000(system) Binder:21172_1A expire 2 lines
03-28 09:55:42.559 21172 28085 I chatty  : uid=1000(system) Binder:21172_17 expire 1 line
03-28 09:55:43.758 21504 21504 I Telecom : WiredHeadsetManager: ACTION_HEADSET_PLUG event, plugged in: false, : WHC.oADA@Ddw
03-28 09:55:43.863 21172 21211 I chatty  : uid=1000(system) android.bg expire 21 lines
03-28 09:55:43.865 21172 28087 I chatty  : uid=1000(system) Binder:21172_18 expire 1 line
03-28 09:55:44.406 21172 28081 I chatty  : uid=1000(system) Binder:21172_16 expire 3 lines
03-28 09:55:44.640 21172 21231 I chatty  : uid=1000(system) android.display expire 9 lines
03-28 09:55:44.723 21172 21438 I chatty  : uid=1000(system) AlarmManager expire 2 lines
03-28 09:55:45.503 21172 24073 I chatty  : uid=1000(system) Binder:21172_E expire 2 lines
